Input #0, png_pipe, from 'C:\Users\todda\Blue Nova Projects\Rebekahs Health Website\client-handoff\website-editing-instructions\03-staff-access\staff-user-video-v1.1\deck-preview\slide-01.png':
  Duration: N/A, bitrate: N/A
  Stream #0:0: Video: png, rgba(pc, gbr/bt709/iec61966-2-1), 1920x1080 [SAR 2834:2834 DAR 16:9], 30 fps, 30 tbr, 30 tbn
Input #1, png_pipe, from 'C:\Users\todda\Blue Nova Projects\Rebekahs Health Website\client-handoff\website-editing-instructions\03-staff-access\staff-user-video-v1.1\deck-preview\slide-02.png':
  Duration: N/A, bitrate: N/A
  Stream #1:0: Video: png, rgba(pc, gbr/bt709/iec61966-2-1), 1920x1080 [SAR 2834:2834 DAR 16:9], 30 fps, 30 tbr, 30 tbn
Input #2, png_pipe, from 'C:\Users\todda\Blue Nova Projects\Rebekahs Health Website\client-handoff\website-editing-instructions\03-staff-access\staff-user-video-v1.1\deck-preview\slide-03.png':
  Duration: N/A, bitrate: N/A
  Stream #2:0: Video: png, rgba(pc, gbr/bt709/iec61966-2-1), 1920x1080 [SAR 2834:2834 DAR 16:9], 30 fps, 30 tbr, 30 tbn
Input #3, png_pipe, from 'C:\Users\todda\Blue Nova Projects\Rebekahs Health Website\client-handoff\website-editing-instructions\03-staff-access\staff-user-video-v1.1\deck-preview\slide-04.png':
  Duration: N/A, bitrate: N/A
  Stream #3:0: Video: png, rgba(pc, gbr/bt709/iec61966-2-1), 1920x1080 [SAR 2834:2834 DAR 16:9], 30 fps, 30 tbr, 30 tbn
Input #4, png_pipe, from 'C:\Users\todda\Blue Nova Projects\Rebekahs Health Website\client-handoff\website-editing-instructions\03-staff-access\staff-user-video-v1.1\deck-preview\slide-05.png':
  Duration: N/A, bitrate: N/A
  Stream #4:0: Video: png, rgba(pc, gbr/bt709/iec61966-2-1), 1920x1080 [SAR 2834:2834 DAR 16:9], 30 fps, 30 tbr, 30 tbn
Input #5, png_pipe, from 'C:\Users\todda\Blue Nova Projects\Rebekahs Health Website\client-handoff\website-editing-instructions\03-staff-access\staff-user-video-v1.1\deck-preview\slide-06.png':
  Duration: N/A, bitrate: N/A
  Stream #5:0: Video: png, rgba(pc, gbr/bt709/iec61966-2-1), 1920x1080 [SAR 2834:2834 DAR 16:9], 30 fps, 30 tbr, 30 tbn
Input #6, png_pipe, from 'C:\Users\todda\Blue Nova Projects\Rebekahs Health Website\client-handoff\website-editing-instructions\03-staff-access\staff-user-video-v1.1\deck-preview\slide-07.png':
  Duration: N/A, bitrate: N/A
  Stream #6:0: Video: png, rgba(pc, gbr/bt709/iec61966-2-1), 1920x1080 [SAR 2834:2834 DAR 16:9], 30 fps, 30 tbr, 30 tbn
Input #7, png_pipe, from 'C:\Users\todda\Blue Nova Projects\Rebekahs Health Website\client-handoff\website-editing-instructions\03-staff-access\staff-user-video-v1.1\deck-preview\slide-08.png':
  Duration: N/A, bitrate: N/A
  Stream #7:0: Video: png, rgba(pc, gbr/bt709/iec61966-2-1), 1920x1080 [SAR 2834:2834 DAR 16:9], 30 fps, 30 tbr, 30 tbn
Input #8, png_pipe, from 'C:\Users\todda\Blue Nova Projects\Rebekahs Health Website\client-handoff\website-editing-instructions\03-staff-access\staff-user-video-v1.1\deck-preview\slide-09.png':
  Duration: N/A, bitrate: N/A
  Stream #8:0: Video: png, rgba(pc, gbr/bt709/iec61966-2-1), 1920x1080 [SAR 2834:2834 DAR 16:9], 30 fps, 30 tbr, 30 tbn
Input #9, png_pipe, from 'C:\Users\todda\Blue Nova Projects\Rebekahs Health Website\client-handoff\website-editing-instructions\03-staff-access\staff-user-video-v1.1\deck-preview\slide-10.png':
  Duration: N/A, bitrate: N/A
  Stream #9:0: Video: png, rgba(pc, gbr/bt709/iec61966-2-1), 1920x1080 [SAR 2834:2834 DAR 16:9], 30 fps, 30 tbr, 30 tbn
Input #10, png_pipe, from 'C:\Users\todda\Blue Nova Projects\Rebekahs Health Website\client-handoff\website-editing-instructions\03-staff-access\staff-user-video-v1.1\deck-preview\slide-11.png':
  Duration: N/A, bitrate: N/A
  Stream #10:0: Video: png, rgba(pc, gbr/bt709/iec61966-2-1), 1920x1080 [SAR 2834:2834 DAR 16:9], 30 fps, 30 tbr, 30 tbn
Input #11, png_pipe, from 'C:\Users\todda\Blue Nova Projects\Rebekahs Health Website\client-handoff\website-editing-instructions\03-staff-access\staff-user-video-v1.1\deck-preview\slide-12.png':
  Duration: N/A, bitrate: N/A
  Stream #11:0: Video: png, rgba(pc, gbr/bt709/iec61966-2-1), 1920x1080 [SAR 2834:2834 DAR 16:9], 30 fps, 30 tbr, 30 tbn
Input #12, png_pipe, from 'C:\Users\todda\Blue Nova Projects\Rebekahs Health Website\client-handoff\website-editing-instructions\03-staff-access\staff-user-video-v1.1\deck-preview\slide-13.png':
  Duration: N/A, bitrate: N/A
  Stream #12:0: Video: png, rgba(pc, gbr/bt709/iec61966-2-1), 1920x1080 [SAR 2834:2834 DAR 16:9], 30 fps, 30 tbr, 30 tbn
[aist#13:0/pcm_s16le @ 00000188727dd9c0] Guessed Channel Layout: mono
Input #13, wav, from 'C:\Users\todda\Blue Nova Projects\Rebekahs Health Website\client-handoff\website-editing-instructions\03-staff-access\staff-user-video-v1.1\Staff-User-Management-Narration-v1.1.wav':
  Duration: 00:04:03.41, bitrate: 352 kb/s
  Stream #13:0: Audio: pcm_s16le ([1][0][0][0] / 0x0001), 22050 Hz, mono, s16, 352 kb/s
Stream mapping:
  Stream #0:0 (png) -> scale:default
  Stream #1:0 (png) -> scale:default
  Stream #2:0 (png) -> scale:default
  Stream #3:0 (png) -> scale:default
  Stream #4:0 (png) -> scale:default
  Stream #5:0 (png) -> scale:default
  Stream #6:0 (png) -> scale:default
  Stream #7:0 (png) -> scale:default
  Stream #8:0 (png) -> scale:default
  Stream #9:0 (png) -> scale:default
  Stream #10:0 (png) -> scale:default
  Stream #11:0 (png) -> scale:default
  Stream #12:0 (png) -> scale:default
  concat:out:v0 -> Stream #0:0 (libx264)
  Stream #13:0 -> #0:1 (pcm_s16le (native) -> aac (native))
Press [q] to stop, [?] for help
[aac @ 0000018871defe40] Too many bits 8916.462585 > 6144 per frame requested, clamping to max
[libx264 @ 0000018873d55e00] using SAR=1/1
[libx264 @ 0000018873d55e00] MB rate (8160000000) > level limit (16711680)
[libx264 @ 0000018873d55e00] using cpu capabilities: MMX2 SSE2Fast SSSE3 SSE4.2 AVX FMA3 BMI2 AVX2 AVX512
[libx264 @ 0000018873d55e00] profile High, level 6.2, 4:2:0, 8-bit
[libx264 @ 0000018873d55e00] 264 - core 164 r3192 c24e06c - H.264/MPEG-4 AVC codec - Copyleft 2003-2024 - http://www.videolan.org/x264.html - options: cabac=1 ref=3 deblock=1:0:0 analyse=0x3:0x113 me=hex subme=7 psy=1 psy_rd=1.00:0.00 mixed_ref=1 me_range=16 chroma_me=1 trellis=1 8x8dct=1 cqm=0 deadzone=21,11 fast_pskip=1 chroma_qp_offset=-2 threads=12 lookahead_threads=2 sliced_threads=0 nr=0 decimate=1 interlaced=0 bluray_compat=0 constrained_intra=0 bframes=3 b_pyramid=2 b_adapt=1 b_bias=0 direct=1 weightb=1 open_gop=0 weightp=2 keyint=250 keyint_min=25 scenecut=40 intra_refresh=0 rc_lookahead=40 rc=crf mbtree=1 crf=18.0 qcomp=0.60 qpmin=0 qpmax=69 qpstep=4 ip_ratio=1.40 aq=1:1.00
Output #0, mp4, to 'C:\Users\todda\Blue Nova Projects\Rebekahs Health Website\client-handoff\website-editing-instructions\03-staff-access\staff-user-video-v1.1\How-to-Add-Change-or-Remove-a-Staff-WordPress-User-v1.1.mp4':
  Metadata:
    encoder         : Lavf61.7.100
  Stream #0:0: Video: h264 (avc1 / 0x31637661), yuv420p(tv, unknown/bt709/iec61966-2-1, progressive), 1920x1080 [SAR 1:1 DAR 16:9], q=2-31, 1000k tbn
      Metadata:
        encoder         : Lavc61.19.100 libx264
      Side data:
        cpb: bitrate max/min/avg: 0/0/0 buffer size: 0 vbv_delay: N/A
  Stream #0:1: Audio: aac (LC) (mp4a / 0x6134706D), 22050 Hz, mono, fltp, 132 kb/s
      Metadata:
        encoder         : Lavc61.19.100 aac
frame=    0 fps=0.0 q=0.0 size=       0KiB time=N/A bitrate=N/A speed=N/A    
frame=    0 fps=0.0 q=0.0 size=       0KiB time=N/A bitrate=N/A speed=N/A    
frame=    0 fps=0.0 q=0.0 size=       0KiB time=N/A bitrate=N/A speed=N/A    
frame=   17 fps=5.4 q=24.0 size=       0KiB time=00:00:00.50 bitrate=   0.8kbits/s speed=0.159x    
frame=   46 fps= 13 q=24.0 size=       0KiB time=00:00:01.43 bitrate=   0.3kbits/s speed=0.393x    
frame=   68 fps= 16 q=24.0 size=       0KiB time=00:00:02.16 bitrate=   0.2kbits/s speed=0.52x    
frame=   96 fps= 20 q=24.0 size=       0KiB time=00:00:03.10 bitrate=   0.1kbits/s speed=0.661x    
frame=  117 fps= 22 q=24.0 size=       0KiB time=00:00:03.80 bitrate=   0.1kbits/s speed=0.73x    
frame=  139 fps= 24 q=24.0 size=       0KiB time=00:00:04.53 bitrate=   0.1kbits/s speed=0.793x    
frame=  164 fps= 26 q=24.0 size=       0KiB time=00:00:05.36 bitrate=   0.1kbits/s speed=0.861x    
frame=  188 fps= 28 q=24.0 size=       0KiB time=00:00:06.16 bitrate=   0.1kbits/s speed=0.914x    
frame=  211 fps= 29 q=24.0 size=       0KiB time=00:00:06.93 bitrate=   0.1kbits/s speed=0.954x    
frame=  235 fps= 30 q=24.0 size=       0KiB time=00:00:07.73 bitrate=   0.0kbits/s speed=0.994x    
frame=  255 fps= 31 q=24.0 size=       0KiB time=00:00:08.40 bitrate=   0.0kbits/s speed=1.01x    
frame=  276 fps= 31 q=24.0 size=       0KiB time=00:00:09.10 bitrate=   0.0kbits/s speed=1.03x    
frame=  304 fps= 33 q=24.0 size=       0KiB time=00:00:10.03 bitrate=   0.0kbits/s speed=1.08x    
frame=  332 fps= 34 q=24.0 size=     256KiB time=00:00:10.96 bitrate= 191.3kbits/s speed=1.11x    
frame=  360 fps= 35 q=24.0 size=     256KiB time=00:00:11.90 bitrate= 176.3kbits/s speed=1.15x    
frame=  374 fps= 34 q=24.0 size=     256KiB time=00:00:12.40 bitrate= 169.2kbits/s speed=1.14x    
frame=  398 fps= 35 q=24.0 size=     256KiB time=00:00:13.16 bitrate= 159.3kbits/s speed=1.16x    
frame=  426 fps= 36 q=24.0 size=     256KiB time=00:00:14.13 bitrate= 148.4kbits/s speed=1.19x    
frame=  455 fps= 37 q=24.0 size=     256KiB time=00:00:15.06 bitrate= 139.2kbits/s speed=1.21x    
frame=  480 fps= 37 q=24.0 size=     256KiB time=00:00:15.90 bitrate= 131.9kbits/s speed=1.23x    
frame=  500 fps= 37 q=24.0 size=     256KiB time=00:00:16.56 bitrate= 126.6kbits/s speed=1.23x    
frame=  526 fps= 38 q=24.0 size=     256KiB time=00:00:17.43 bitrate= 120.3kbits/s speed=1.25x    
frame=  551 fps= 38 q=24.0 size=     256KiB time=00:00:18.26 bitrate= 114.8kbits/s speed=1.26x    
frame=  582 fps= 39 q=24.0 size=     256KiB time=00:00:19.29 bitrate= 108.7kbits/s speed=1.29x    
frame=  603 fps= 39 q=24.0 size=     256KiB time=00:00:19.99 bitrate= 104.9kbits/s speed=1.29x    
frame=  631 fps= 39 q=24.0 size=     256KiB time=00:00:20.93 bitrate= 100.2kbits/s speed=1.31x    
frame=  663 fps= 40 q=24.0 size=     512KiB time=00:00:21.99 bitrate= 190.7kbits/s speed=1.33x    
frame=  699 fps= 41 q=24.0 size=     512KiB time=00:00:23.19 bitrate= 180.8kbits/s speed=1.36x    
frame=  727 fps= 41 q=24.0 size=     512KiB time=00:00:24.13 bitrate= 173.8kbits/s speed=1.37x    
frame=  755 fps= 42 q=24.0 size=     512KiB time=00:00:25.06 bitrate= 167.3kbits/s speed=1.39x    
frame=  775 fps= 42 q=24.0 size=     512KiB time=00:00:25.73 bitrate= 163.0kbits/s speed=1.38x    
frame=  796 fps= 42 q=24.0 size=     512KiB time=00:00:26.43 bitrate= 158.7kbits/s speed=1.38x    
frame=  825 fps= 42 q=24.0 size=     512KiB time=00:00:27.39 bitrate= 153.1kbits/s speed= 1.4x    
frame=  853 fps= 42 q=24.0 size=     512KiB time=00:00:28.33 bitrate= 148.0kbits/s speed=1.41x    
frame=  881 fps= 43 q=24.0 size=     512KiB time=00:00:29.26 bitrate= 143.3kbits/s speed=1.42x    
frame=  905 fps= 43 q=24.0 size=     512KiB time=00:00:30.06 bitrate= 139.5kbits/s speed=1.42x    
frame=  933 fps= 43 q=24.0 size=     512KiB time=00:00:30.99 bitrate= 135.3kbits/s speed=1.43x    
frame=  961 fps= 43 q=24.0 size=     512KiB time=00:00:31.93 bitrate= 131.4kbits/s speed=1.44x    
frame=  993 fps= 44 q=24.0 size=     512KiB time=00:00:32.99 bitrate= 127.1kbits/s speed=1.45x    
frame= 1020 fps= 44 q=24.0 size=     512KiB time=00:00:33.89 bitrate= 123.7kbits/s speed=1.46x    
frame= 1045 fps= 44 q=24.0 size=     512KiB time=00:00:34.73 bitrate= 120.8kbits/s speed=1.46x    
frame= 1062 fps= 44 q=24.0 size=     768KiB time=00:00:35.29 bitrate= 178.2kbits/s speed=1.45x    
frame= 1091 fps= 44 q=24.0 size=     768KiB time=00:00:36.26 bitrate= 173.5kbits/s speed=1.46x    
frame= 1113 fps= 44 q=24.0 size=     768KiB time=00:00:37.03 bitrate= 169.9kbits/s speed=1.46x    
frame= 1140 fps= 44 q=24.0 size=     768KiB time=00:00:37.89 bitrate= 166.0kbits/s speed=1.47x    
frame= 1164 fps= 44 q=24.0 size=     768KiB time=00:00:38.69 bitrate= 162.6kbits/s speed=1.47x    
frame= 1185 fps= 44 q=24.0 size=     768KiB time=00:00:39.39 bitrate= 159.7kbits/s speed=1.47x    
frame= 1210 fps= 44 q=24.0 size=     768KiB time=00:00:40.23 bitrate= 156.4kbits/s speed=1.47x    
frame= 1228 fps= 44 q=24.0 size=     768KiB time=00:00:40.83 bitrate= 154.1kbits/s speed=1.46x    
frame= 1241 fps= 44 q=24.0 size=     768KiB time=00:00:41.26 bitrate= 152.5kbits/s speed=1.45x    
frame= 1268 fps= 44 q=24.0 size=     768KiB time=00:00:42.16 bitrate= 149.2kbits/s speed=1.46x    
frame= 1292 fps= 44 q=24.0 size=     768KiB time=00:00:42.96 bitrate= 146.4kbits/s speed=1.46x    
frame= 1316 fps= 44 q=24.0 size=     768KiB time=00:00:43.76 bitrate= 143.8kbits/s speed=1.46x    
frame= 1332 fps= 44 q=24.0 size=     768KiB time=00:00:44.29 bitrate= 142.0kbits/s speed=1.45x    
frame= 1355 fps= 44 q=24.0 size=     768KiB time=00:00:45.06 bitrate= 139.6kbits/s speed=1.45x    
frame= 1374 fps= 44 q=24.0 size=     768KiB time=00:00:45.69 bitrate= 137.7kbits/s speed=1.45x    
frame= 1400 fps= 44 q=24.0 size=     768KiB time=00:00:46.59 bitrate= 135.0kbits/s speed=1.46x    
frame= 1427 fps= 44 q=24.0 size=     768KiB time=00:00:47.56 bitrate= 132.3kbits/s speed=1.46x    
frame= 1454 fps= 44 q=24.0 size=    1024KiB time=00:00:48.36 bitrate= 173.4kbits/s speed=1.46x    
frame= 1478 fps= 44 q=24.0 size=    1024KiB time=00:00:49.16 bitrate= 170.6kbits/s speed=1.46x    
frame= 1506 fps= 44 q=24.0 size=    1024KiB time=00:00:50.09 bitrate= 167.4kbits/s speed=1.47x    
frame= 1526 fps= 44 q=24.0 size=    1024KiB time=00:00:50.76 bitrate= 165.2kbits/s speed=1.47x    
frame= 1554 fps= 44 q=24.0 size=    1024KiB time=00:00:51.69 bitrate= 162.3kbits/s speed=1.47x    
frame= 1570 fps= 44 q=24.0 size=    1024KiB time=00:00:52.23 bitrate= 160.6kbits/s speed=1.47x    
frame= 1594 fps= 44 q=24.0 size=    1024KiB time=00:00:53.03 bitrate= 158.2kbits/s speed=1.47x    
frame= 1606 fps= 44 q=24.0 size=    1024KiB time=00:00:53.43 bitrate= 157.0kbits/s speed=1.46x    
frame= 1628 fps= 44 q=24.0 size=    1024KiB time=00:00:54.16 bitrate= 154.9kbits/s speed=1.46x    
frame= 1652 fps= 44 q=24.0 size=    1024KiB time=00:00:54.96 bitrate= 152.6kbits/s speed=1.46x    
frame= 1675 fps= 44 q=24.0 size=    1024KiB time=00:00:55.73 bitrate= 150.5kbits/s speed=1.46x    
frame= 1697 fps= 44 q=24.0 size=    1024KiB time=00:00:56.46 bitrate= 148.6kbits/s speed=1.46x    
frame= 1719 fps= 44 q=24.0 size=    1024KiB time=00:00:57.19 bitrate= 146.7kbits/s speed=1.46x    
frame= 1735 fps= 44 q=24.0 size=    1024KiB time=00:00:57.73 bitrate= 145.3kbits/s speed=1.45x    
frame= 1759 fps= 44 q=24.0 size=    1024KiB time=00:00:58.53 bitrate= 143.3kbits/s speed=1.45x    
frame= 1776 fps= 44 q=24.0 size=    1024KiB time=00:00:59.13 bitrate= 141.9kbits/s speed=1.45x    
frame= 1802 fps= 44 q=24.0 size=    1024KiB time=00:00:59.96 bitrate= 139.9kbits/s speed=1.45x    
frame= 1826 fps= 44 q=24.0 size=    1280KiB time=00:01:00.76 bitrate= 172.6kbits/s speed=1.45x    
frame= 1843 fps= 44 q=24.0 size=    1280KiB time=00:01:01.33 bitrate= 171.0kbits/s speed=1.45x    
frame= 1869 fps= 44 q=24.0 size=    1280KiB time=00:01:02.19 bitrate= 168.6kbits/s speed=1.45x    
frame= 1893 fps= 44 q=24.0 size=    1280KiB time=00:01:02.99 bitrate= 166.4kbits/s speed=1.45x    
frame= 1912 fps= 44 q=24.0 size=    1280KiB time=00:01:03.63 bitrate= 164.8kbits/s speed=1.45x    
frame= 1929 fps= 43 q=24.0 size=    1280KiB time=00:01:04.19 bitrate= 163.3kbits/s speed=1.45x    
frame= 1955 fps= 44 q=24.0 size=    1280KiB time=00:01:05.06 bitrate= 161.2kbits/s speed=1.45x    
frame= 1983 fps= 44 q=24.0 size=    1280KiB time=00:01:05.99 bitrate= 158.9kbits/s speed=1.45x    
frame= 2007 fps= 44 q=24.0 size=    1280KiB time=00:01:06.79 bitrate= 157.0kbits/s speed=1.45x    
frame= 2027 fps= 44 q=24.0 size=    1280KiB time=00:01:07.46 bitrate= 155.4kbits/s speed=1.45x    
frame= 2046 fps= 44 q=24.0 size=    1280KiB time=00:01:08.09 bitrate= 154.0kbits/s speed=1.45x    
frame= 2065 fps= 43 q=24.0 size=    1280KiB time=00:01:08.76 bitrate= 152.5kbits/s speed=1.45x    
frame= 2091 fps= 44 q=24.0 size=    1280KiB time=00:01:09.59 bitrate= 150.7kbits/s speed=1.45x    
frame= 2115 fps= 44 q=24.0 size=    1280KiB time=00:01:10.43 bitrate= 148.9kbits/s speed=1.45x    
frame= 2142 fps= 44 q=24.0 size=    1280KiB time=00:01:11.29 bitrate= 147.1kbits/s speed=1.45x    
frame= 2163 fps= 44 q=24.0 size=    1280KiB time=00:01:11.99 bitrate= 145.6kbits/s speed=1.45x    
frame= 2189 fps= 44 q=24.0 size=    1280KiB time=00:01:12.86 bitrate= 143.9kbits/s speed=1.46x    
frame= 2218 fps= 44 q=24.0 size=    1536KiB time=00:01:13.83 bitrate= 170.4kbits/s speed=1.46x    
frame= 2247 fps= 44 q=24.0 size=    1536KiB time=00:01:14.79 bitrate= 168.2kbits/s speed=1.46x    
frame= 2269 fps= 44 q=24.0 size=    1536KiB time=00:01:15.53 bitrate= 166.6kbits/s speed=1.46x    
frame= 2293 fps= 44 q=24.0 size=    1536KiB time=00:01:16.33 bitrate= 164.8kbits/s speed=1.46x    
frame= 2324 fps= 44 q=24.0 size=    1536KiB time=00:01:17.36 bitrate= 162.6kbits/s speed=1.47x    
frame= 2347 fps= 44 q=24.0 size=    1536KiB time=00:01:18.13 bitrate= 161.0kbits/s speed=1.47x    
frame= 2373 fps= 44 q=24.0 size=    1536KiB time=00:01:18.99 bitrate= 159.3kbits/s speed=1.47x    
frame= 2398 fps= 44 q=24.0 size=    1536KiB time=00:01:19.83 bitrate= 157.6kbits/s speed=1.47x    
frame= 2419 fps= 44 q=24.0 size=    1536KiB time=00:01:20.53 bitrate= 156.2kbits/s speed=1.47x    
frame= 2447 fps= 44 q=24.0 size=    1536KiB time=00:01:21.46 bitrate= 154.5kbits/s speed=1.48x    
frame= 2474 fps= 44 q=24.0 size=    1536KiB time=00:01:22.36 bitrate= 152.8kbits/s speed=1.48x    
frame= 2497 fps= 44 q=24.0 size=    1536KiB time=00:01:23.13 bitrate= 151.4kbits/s speed=1.48x    
frame= 2521 fps= 44 q=24.0 size=    1536KiB time=00:01:23.96 bitrate= 149.9kbits/s speed=1.48x    
frame= 2553 fps= 45 q=24.0 size=    1536KiB time=00:01:24.99 bitrate= 148.0kbits/s speed=1.48x    
frame= 2575 fps= 45 q=24.0 size=    1536KiB time=00:01:25.73 bitrate= 146.8kbits/s speed=1.48x    
frame= 2599 fps= 45 q=24.0 size=    1792KiB time=00:01:26.53 bitrate= 169.7kbits/s speed=1.48x    
frame= 2623 fps= 45 q=24.0 size=    1792KiB time=00:01:27.33 bitrate= 168.1kbits/s speed=1.48x    
frame= 2642 fps= 45 q=24.0 size=    1792KiB time=00:01:27.96 bitrate= 166.9kbits/s speed=1.48x    
frame= 2664 fps= 45 q=24.0 size=    1792KiB time=00:01:28.69 bitrate= 165.5kbits/s speed=1.48x    
frame= 2689 fps= 45 q=24.0 size=    1792KiB time=00:01:29.53 bitrate= 164.0kbits/s speed=1.48x    
frame= 2720 fps= 45 q=24.0 size=    1792KiB time=00:01:30.56 bitrate= 162.1kbits/s speed=1.49x    
frame= 2745 fps= 45 q=24.0 size=    1792KiB time=00:01:31.39 bitrate= 160.6kbits/s speed=1.49x    
frame= 2775 fps= 45 q=24.0 size=    1792KiB time=00:01:32.39 bitrate= 158.9kbits/s speed=1.49x    
frame= 2797 fps= 45 q=24.0 size=    1792KiB time=00:01:33.13 bitrate= 157.6kbits/s speed=1.49x    
frame= 2828 fps= 45 q=24.0 size=    1792KiB time=00:01:34.16 bitrate= 155.9kbits/s speed= 1.5x    
frame= 2847 fps= 45 q=24.0 size=    1792KiB time=00:01:34.79 bitrate= 154.9kbits/s speed=1.49x    
frame= 2866 fps= 45 q=24.0 size=    1792KiB time=00:01:35.43 bitrate= 153.8kbits/s speed=1.49x    
frame= 2890 fps= 45 q=24.0 size=    1792KiB time=00:01:36.23 bitrate= 152.6kbits/s speed=1.49x    
frame= 2914 fps= 45 q=24.0 size=    1792KiB time=00:01:37.03 bitrate= 151.3kbits/s speed=1.49x    
frame= 2931 fps= 45 q=24.0 size=    2048KiB time=00:01:37.59 bitrate= 171.9kbits/s speed=1.49x    
frame= 2951 fps= 45 q=24.0 size=    2048KiB time=00:01:38.26 bitrate= 170.7kbits/s speed=1.49x    
frame= 2975 fps= 45 q=24.0 size=    2048KiB time=00:01:39.06 bitrate= 169.4kbits/s speed=1.49x    
frame= 3000 fps= 45 q=24.0 size=    2048KiB time=00:01:39.96 bitrate= 167.8kbits/s speed=1.49x    
frame= 3027 fps= 45 q=24.0 size=    2048KiB time=00:01:40.79 bitrate= 166.4kbits/s speed=1.49x    
frame= 3059 fps= 45 q=24.0 size=    2048KiB time=00:01:41.86 bitrate= 164.7kbits/s speed= 1.5x    
frame= 3087 fps= 45 q=24.0 size=    2048KiB time=00:01:42.79 bitrate= 163.2kbits/s speed= 1.5x    
frame= 3110 fps= 45 q=24.0 size=    2048KiB time=00:01:43.56 bitrate= 162.0kbits/s speed= 1.5x    
frame= 3139 fps= 45 q=24.0 size=    2048KiB time=00:01:44.53 bitrate= 160.5kbits/s speed= 1.5x    
frame= 3163 fps= 45 q=24.0 size=    2048KiB time=00:01:45.33 bitrate= 159.3kbits/s speed= 1.5x    
frame= 3188 fps= 45 q=24.0 size=    2048KiB time=00:01:46.16 bitrate= 158.0kbits/s speed= 1.5x    
frame= 3209 fps= 45 q=24.0 size=    2048KiB time=00:01:46.86 bitrate= 157.0kbits/s speed= 1.5x    
frame= 3237 fps= 45 q=24.0 size=    2048KiB time=00:01:47.79 bitrate= 155.6kbits/s speed= 1.5x    
frame= 3262 fps= 45 q=24.0 size=    2048KiB time=00:01:48.63 bitrate= 154.4kbits/s speed= 1.5x    
frame= 3281 fps= 45 q=24.0 size=    2048KiB time=00:01:49.26 bitrate= 153.5kbits/s speed= 1.5x    
frame= 3313 fps= 45 q=24.0 size=    2048KiB time=00:01:50.33 bitrate= 152.1kbits/s speed=1.51x    
frame= 3333 fps= 45 q=24.0 size=    2304KiB time=00:01:50.99 bitrate= 170.0kbits/s speed= 1.5x    
frame= 3355 fps= 45 q=24.0 size=    2304KiB time=00:01:51.73 bitrate= 168.9kbits/s speed= 1.5x    
frame= 3377 fps= 45 q=24.0 size=    2304KiB time=00:01:52.46 bitrate= 167.8kbits/s speed= 1.5x    
frame= 3405 fps= 45 q=24.0 size=    2304KiB time=00:01:53.39 bitrate= 166.4kbits/s speed= 1.5x    
frame= 3423 fps= 45 q=24.0 size=    2304KiB time=00:01:53.99 bitrate= 165.6kbits/s speed= 1.5x    
frame= 3446 fps= 45 q=24.0 size=    2304KiB time=00:01:54.76 bitrate= 164.5kbits/s speed= 1.5x    
frame= 3471 fps= 45 q=24.0 size=    2304KiB time=00:01:55.59 bitrate= 163.3kbits/s speed= 1.5x    
frame= 3491 fps= 45 q=24.0 size=    2304KiB time=00:01:56.26 bitrate= 162.3kbits/s speed= 1.5x    
frame= 3519 fps= 45 q=24.0 size=    2304KiB time=00:01:57.19 bitrate= 161.0kbits/s speed= 1.5x    
frame= 3543 fps= 45 q=24.0 size=    2304KiB time=00:01:57.99 bitrate= 160.0kbits/s speed= 1.5x    
frame= 3563 fps= 45 q=24.0 size=    2304KiB time=00:01:58.66 bitrate= 159.1kbits/s speed= 1.5x    
frame= 3595 fps= 45 q=24.0 size=    2304KiB time=00:01:59.73 bitrate= 157.6kbits/s speed= 1.5x    
frame= 3627 fps= 45 q=24.0 size=    2304KiB time=00:02:00.79 bitrate= 156.2kbits/s speed=1.51x    
frame= 3655 fps= 45 q=24.0 size=    2304KiB time=00:02:01.73 bitrate= 155.0kbits/s speed=1.51x    
frame= 3677 fps= 45 q=24.0 size=    2560KiB time=00:02:02.46 bitrate= 171.2kbits/s speed=1.51x    
frame= 3703 fps= 45 q=24.0 size=    2560KiB time=00:02:03.33 bitrate= 170.0kbits/s speed=1.51x    
frame= 3736 fps= 45 q=24.0 size=    2560KiB time=00:02:04.43 bitrate= 168.5kbits/s speed=1.51x    
frame= 3769 fps= 45 q=24.0 size=    2560KiB time=00:02:05.53 bitrate= 167.1kbits/s speed=1.51x    
frame= 3797 fps= 45 q=24.0 size=    2560KiB time=00:02:06.46 bitrate= 165.8kbits/s speed=1.51x    
frame= 3829 fps= 46 q=24.0 size=    2560KiB time=00:02:07.53 bitrate= 164.4kbits/s speed=1.52x    
frame= 3857 fps= 46 q=24.0 size=    2560KiB time=00:02:08.46 bitrate= 163.2kbits/s speed=1.52x    
frame= 3892 fps= 46 q=24.0 size=    2560KiB time=00:02:09.63 bitrate= 161.8kbits/s speed=1.52x    
frame= 3916 fps= 46 q=24.0 size=    2560KiB time=00:02:10.43 bitrate= 160.8kbits/s speed=1.52x    
frame= 3944 fps= 46 q=24.0 size=    2560KiB time=00:02:11.36 bitrate= 159.6kbits/s speed=1.52x    
frame= 3976 fps= 46 q=24.0 size=    2560KiB time=00:02:12.43 bitrate= 158.4kbits/s speed=1.52x    
frame= 4007 fps= 46 q=24.0 size=    2560KiB time=00:02:13.46 bitrate= 157.1kbits/s speed=1.53x    
frame= 4042 fps= 46 q=24.0 size=    2560KiB time=00:02:14.63 bitrate= 155.8kbits/s speed=1.53x    
frame= 4067 fps= 46 q=24.0 size=    2560KiB time=00:02:15.46 bitrate= 154.8kbits/s speed=1.53x    
frame= 4095 fps= 46 q=24.0 size=    2816KiB time=00:02:16.39 bitrate= 169.1kbits/s speed=1.53x    
frame= 4121 fps= 46 q=24.0 size=    2816KiB time=00:02:17.26 bitrate= 168.1kbits/s speed=1.53x    
frame= 4145 fps= 46 q=24.0 size=    2816KiB time=00:02:18.06 bitrate= 167.1kbits/s speed=1.53x    
frame= 4169 fps= 46 q=24.0 size=    2816KiB time=00:02:18.86 bitrate= 166.1kbits/s speed=1.53x    
frame= 4202 fps= 46 q=24.0 size=    2816KiB time=00:02:19.96 bitrate= 164.8kbits/s speed=1.53x    
frame= 4237 fps= 46 q=24.0 size=    2816KiB time=00:02:21.13 bitrate= 163.5kbits/s speed=1.54x    
frame= 4263 fps= 46 q=24.0 size=    2816KiB time=00:02:21.99 bitrate= 162.5kbits/s speed=1.54x    
frame= 4295 fps= 46 q=24.0 size=    2816KiB time=00:02:23.06 bitrate= 161.2kbits/s speed=1.54x    
frame= 4318 fps= 46 q=24.0 size=    2816KiB time=00:02:23.83 bitrate= 160.4kbits/s speed=1.54x    
frame= 4349 fps= 46 q=24.0 size=    2816KiB time=00:02:24.86 bitrate= 159.2kbits/s speed=1.54x    
frame= 4378 fps= 46 q=24.0 size=    2816KiB time=00:02:25.83 bitrate= 158.2kbits/s speed=1.54x    
frame= 4404 fps= 46 q=24.0 size=    2816KiB time=00:02:26.69 bitrate= 157.3kbits/s speed=1.54x    
frame= 4428 fps= 46 q=24.0 size=    3072KiB time=00:02:27.49 bitrate= 170.6kbits/s speed=1.54x    
frame= 4461 fps= 46 q=24.0 size=    3072KiB time=00:02:28.59 bitrate= 169.4kbits/s speed=1.54x    
frame= 4476 fps= 46 q=24.0 size=    3072KiB time=00:02:29.09 bitrate= 168.8kbits/s speed=1.54x    
frame= 4507 fps= 46 q=24.0 size=    3072KiB time=00:02:30.13 bitrate= 167.6kbits/s speed=1.54x    
frame= 4535 fps= 46 q=24.0 size=    3072KiB time=00:02:31.06 bitrate= 166.6kbits/s speed=1.54x    
frame= 4560 fps= 46 q=24.0 size=    3072KiB time=00:02:31.89 bitrate= 165.7kbits/s speed=1.54x    
frame= 4580 fps= 46 q=24.0 size=    3072KiB time=00:02:32.56 bitrate= 165.0kbits/s speed=1.54x    
frame= 4606 fps= 46 q=24.0 size=    3072KiB time=00:02:33.43 bitrate= 164.0kbits/s speed=1.54x    
frame= 4627 fps= 46 q=24.0 size=    3072KiB time=00:02:34.13 bitrate= 163.3kbits/s speed=1.54x    
frame= 4644 fps= 46 q=24.0 size=    3072KiB time=00:02:34.69 bitrate= 162.7kbits/s speed=1.54x    
frame= 4670 fps= 46 q=24.0 size=    3072KiB time=00:02:35.56 bitrate= 161.8kbits/s speed=1.54x    
frame= 4698 fps= 46 q=24.0 size=    3072KiB time=00:02:36.49 bitrate= 160.8kbits/s speed=1.54x    
frame= 4722 fps= 46 q=24.0 size=    3072KiB time=00:02:37.29 bitrate= 160.0kbits/s speed=1.54x    
frame= 4750 fps= 46 q=24.0 size=    3072KiB time=00:02:38.23 bitrate= 159.0kbits/s speed=1.54x    
frame= 4782 fps= 46 q=24.0 size=    3328KiB time=00:02:39.29 bitrate= 171.1kbits/s speed=1.54x    
frame= 4801 fps= 46 q=24.0 size=    3328KiB time=00:02:39.93 bitrate= 170.5kbits/s speed=1.54x    
frame= 4831 fps= 46 q=24.0 size=    3328KiB time=00:02:40.93 bitrate= 169.4kbits/s speed=1.55x    
frame= 4855 fps= 46 q=24.0 size=    3328KiB time=00:02:41.73 bitrate= 168.6kbits/s speed=1.55x    
frame= 4876 fps= 46 q=24.0 size=    3328KiB time=00:02:42.43 bitrate= 167.8kbits/s speed=1.54x    
frame= 4894 fps= 46 q=24.0 size=    3328KiB time=00:02:43.03 bitrate= 167.2kbits/s speed=1.54x    
frame= 4917 fps= 46 q=24.0 size=    3328KiB time=00:02:43.83 bitrate= 166.4kbits/s speed=1.54x    
frame= 4947 fps= 46 q=24.0 size=    3328KiB time=00:02:44.79 bitrate= 165.4kbits/s speed=1.54x    
frame= 4973 fps= 46 q=24.0 size=    3328KiB time=00:02:45.66 bitrate= 164.6kbits/s speed=1.54x    
frame= 4996 fps= 46 q=24.0 size=    3328KiB time=00:02:46.43 bitrate= 163.8kbits/s speed=1.54x    
frame= 5015 fps= 46 q=24.0 size=    3328KiB time=00:02:47.06 bitrate= 163.2kbits/s speed=1.54x    
frame= 5032 fps= 46 q=24.0 size=    3328KiB time=00:02:47.63 bitrate= 162.6kbits/s speed=1.54x    
frame= 5059 fps= 46 q=24.0 size=    3328KiB time=00:02:48.53 bitrate= 161.8kbits/s speed=1.54x    
frame= 5080 fps= 46 q=24.0 size=    3328KiB time=00:02:49.23 bitrate= 161.1kbits/s speed=1.54x    
frame= 5104 fps= 46 q=24.0 size=    3328KiB time=00:02:50.03 bitrate= 160.3kbits/s speed=1.54x    
frame= 5125 fps= 46 q=24.0 size=    3328KiB time=00:02:50.73 bitrate= 159.7kbits/s speed=1.54x    
frame= 5145 fps= 46 q=24.0 size=    3584KiB time=00:02:51.39 bitrate= 171.3kbits/s speed=1.54x    
frame= 5162 fps= 46 q=24.0 size=    3584KiB time=00:02:51.96 bitrate= 170.7kbits/s speed=1.54x    
frame= 5186 fps= 46 q=24.0 size=    3584KiB time=00:02:52.76 bitrate= 169.9kbits/s speed=1.54x    
frame= 5210 fps= 46 q=24.0 size=    3584KiB time=00:02:53.56 bitrate= 169.2kbits/s speed=1.54x    
frame= 5230 fps= 46 q=24.0 size=    3584KiB time=00:02:54.23 bitrate= 168.5kbits/s speed=1.54x    
frame= 5251 fps= 46 q=24.0 size=    3584KiB time=00:02:54.93 bitrate= 167.8kbits/s speed=1.54x    
frame= 5270 fps= 46 q=24.0 size=    3584KiB time=00:02:55.56 bitrate= 167.2kbits/s speed=1.53x    
frame= 5294 fps= 46 q=24.0 size=    3584KiB time=00:02:56.36 bitrate= 166.5kbits/s speed=1.53x    
frame= 5321 fps= 46 q=24.0 size=    3584KiB time=00:02:57.26 bitrate= 165.6kbits/s speed=1.54x    
frame= 5342 fps= 46 q=24.0 size=    3584KiB time=00:02:57.96 bitrate= 165.0kbits/s speed=1.53x    
frame= 5366 fps= 46 q=24.0 size=    3584KiB time=00:02:58.76 bitrate= 164.2kbits/s speed=1.53x    
frame= 5393 fps= 46 q=24.0 size=    3584KiB time=00:02:59.66 bitrate= 163.4kbits/s speed=1.54x    
frame= 5412 fps= 46 q=24.0 size=    3584KiB time=00:03:00.33 bitrate= 162.8kbits/s speed=1.53x    
frame= 5440 fps= 46 q=24.0 size=    3584KiB time=00:03:01.23 bitrate= 162.0kbits/s speed=1.54x    
frame= 5464 fps= 46 q=24.0 size=    3584KiB time=00:03:02.03 bitrate= 161.3kbits/s speed=1.54x    
frame= 5488 fps= 46 q=24.0 size=    3584KiB time=00:03:02.83 bitrate= 160.6kbits/s speed=1.54x    
frame= 5516 fps= 46 q=24.0 size=    3840KiB time=00:03:03.76 bitrate= 171.2kbits/s speed=1.54x    
frame= 5543 fps= 46 q=24.0 size=    3840KiB time=00:03:04.66 bitrate= 170.3kbits/s speed=1.54x    
frame= 5564 fps= 46 q=24.0 size=    3840KiB time=00:03:05.36 bitrate= 169.7kbits/s speed=1.54x    
frame= 5586 fps= 46 q=24.0 size=    3840KiB time=00:03:06.09 bitrate= 169.0kbits/s speed=1.54x    
frame= 5614 fps= 46 q=24.0 size=    3840KiB time=00:03:07.03 bitrate= 168.2kbits/s speed=1.54x    
frame= 5641 fps= 46 q=24.0 size=    3840KiB time=00:03:07.93 bitrate= 167.4kbits/s speed=1.54x    
frame= 5656 fps= 46 q=24.0 size=    3840KiB time=00:03:08.43 bitrate= 166.9kbits/s speed=1.54x    
frame= 5674 fps= 46 q=24.0 size=    3840KiB time=00:03:09.03 bitrate= 166.4kbits/s speed=1.53x    
frame= 5698 fps= 46 q=24.0 size=    3840KiB time=00:03:09.83 bitrate= 165.7kbits/s speed=1.53x    
frame= 5727 fps= 46 q=24.0 size=    3840KiB time=00:03:10.79 bitrate= 164.9kbits/s speed=1.54x    
frame= 5750 fps= 46 q=24.0 size=    3840KiB time=00:03:11.56 bitrate= 164.2kbits/s speed=1.54x    
frame= 5774 fps= 46 q=24.0 size=    3840KiB time=00:03:12.36 bitrate= 163.5kbits/s speed=1.54x    
frame= 5802 fps= 46 q=24.0 size=    3840KiB time=00:03:13.29 bitrate= 162.7kbits/s speed=1.54x    
frame= 5826 fps= 46 q=24.0 size=    3840KiB time=00:03:14.09 bitrate= 162.1kbits/s speed=1.54x    
frame= 5853 fps= 46 q=24.0 size=    3840KiB time=00:03:15.03 bitrate= 161.3kbits/s speed=1.54x    
frame= 5883 fps= 46 q=24.0 size=    3840KiB time=00:03:15.99 bitrate= 160.5kbits/s speed=1.54x    
frame= 5906 fps= 46 q=24.0 size=    4096KiB time=00:03:16.76 bitrate= 170.5kbits/s speed=1.54x    
frame= 5933 fps= 46 q=24.0 size=    4096KiB time=00:03:17.66 bitrate= 169.8kbits/s speed=1.54x    
frame= 5959 fps= 46 q=24.0 size=    4096KiB time=00:03:18.53 bitrate= 169.0kbits/s speed=1.54x    
frame= 5984 fps= 46 q=24.0 size=    4096KiB time=00:03:19.36 bitrate= 168.3kbits/s speed=1.54x    
frame= 6008 fps= 46 q=24.0 size=    4096KiB time=00:03:20.16 bitrate= 167.6kbits/s speed=1.54x    
frame= 6036 fps= 46 q=24.0 size=    4096KiB time=00:03:21.09 bitrate= 166.9kbits/s speed=1.54x    
frame= 6063 fps= 46 q=24.0 size=    4096KiB time=00:03:21.99 bitrate= 166.1kbits/s speed=1.54x    
frame= 6081 fps= 46 q=24.0 size=    4096KiB time=00:03:22.59 bitrate= 165.6kbits/s speed=1.54x    
frame= 6104 fps= 46 q=24.0 size=    4096KiB time=00:03:23.36 bitrate= 165.0kbits/s speed=1.54x    
frame= 6121 fps= 46 q=24.0 size=    4096KiB time=00:03:23.96 bitrate= 164.5kbits/s speed=1.54x    
frame= 6145 fps= 46 q=24.0 size=    4096KiB time=00:03:24.73 bitrate= 163.9kbits/s speed=1.54x    
frame= 6174 fps= 46 q=24.0 size=    4352KiB time=00:03:25.69 bitrate= 173.3kbits/s speed=1.54x    
frame= 6202 fps= 46 q=24.0 size=    4352KiB time=00:03:26.63 bitrate= 172.5kbits/s speed=1.54x    
frame= 6226 fps= 46 q=24.0 size=    4352KiB time=00:03:27.43 bitrate= 171.9kbits/s speed=1.54x    
frame= 6250 fps= 46 q=24.0 size=    4352KiB time=00:03:28.23 bitrate= 171.2kbits/s speed=1.54x    
frame= 6279 fps= 46 q=24.0 size=    4352KiB time=00:03:29.19 bitrate= 170.4kbits/s speed=1.54x    
frame= 6303 fps= 46 q=24.0 size=    4352KiB time=00:03:30.03 bitrate= 169.7kbits/s speed=1.54x    
frame= 6321 fps= 46 q=24.0 size=    4352KiB time=00:03:30.59 bitrate= 169.3kbits/s speed=1.54x    
frame= 6346 fps= 46 q=24.0 size=    4352KiB time=00:03:31.43 bitrate= 168.6kbits/s speed=1.54x    
frame= 6373 fps= 46 q=24.0 size=    4352KiB time=00:03:32.33 bitrate= 167.9kbits/s speed=1.54x    
frame= 6395 fps= 46 q=24.0 size=    4352KiB time=00:03:33.06 bitrate= 167.3kbits/s speed=1.54x    
frame= 6420 fps= 46 q=24.0 size=    4352KiB time=00:03:33.89 bitrate= 166.7kbits/s speed=1.54x    
frame= 6446 fps= 46 q=24.0 size=    4352KiB time=00:03:34.76 bitrate= 166.0kbits/s speed=1.54x    
frame= 6470 fps= 46 q=24.0 size=    4352KiB time=00:03:35.56 bitrate= 165.4kbits/s speed=1.54x    
frame= 6499 fps= 46 q=24.0 size=    4352KiB time=00:03:36.53 bitrate= 164.6kbits/s speed=1.54x    
frame= 6527 fps= 46 q=24.0 size=    4352KiB time=00:03:37.46 bitrate= 163.9kbits/s speed=1.54x    
frame= 6554 fps= 46 q=24.0 size=    4352KiB time=00:03:38.36 bitrate= 163.3kbits/s speed=1.55x    
frame= 6584 fps= 46 q=24.0 size=    4608KiB time=00:03:39.36 bitrate= 172.1kbits/s speed=1.55x    
frame= 6607 fps= 46 q=24.0 size=    4608KiB time=00:03:40.13 bitrate= 171.5kbits/s speed=1.55x    
frame= 6636 fps= 46 q=24.0 size=    4608KiB time=00:03:41.09 bitrate= 170.7kbits/s speed=1.55x    
frame= 6656 fps= 46 q=24.0 size=    4608KiB time=00:03:41.76 bitrate= 170.2kbits/s speed=1.55x    
frame= 6679 fps= 46 q=24.0 size=    4608KiB time=00:03:42.53 bitrate= 169.6kbits/s speed=1.55x    
frame= 6707 fps= 46 q=24.0 size=    4608KiB time=00:03:43.46 bitrate= 168.9kbits/s speed=1.55x    
frame= 6737 fps= 46 q=24.0 size=    4608KiB time=00:03:44.46 bitrate= 168.2kbits/s speed=1.55x    
frame= 6767 fps= 47 q=24.0 size=    4608KiB time=00:03:45.46 bitrate= 167.4kbits/s speed=1.55x    
frame= 6793 fps= 47 q=24.0 size=    4608KiB time=00:03:46.33 bitrate= 166.8kbits/s speed=1.55x    
frame= 6815 fps= 47 q=24.0 size=    4608KiB time=00:03:47.06 bitrate= 166.2kbits/s speed=1.55x    
frame= 6845 fps= 47 q=24.0 size=    4608KiB time=00:03:48.06 bitrate= 165.5kbits/s speed=1.55x    
frame= 6875 fps= 47 q=24.0 size=    4608KiB time=00:03:49.06 bitrate= 164.8kbits/s speed=1.55x    
frame= 6904 fps= 47 q=24.0 size=    4608KiB time=00:03:50.03 bitrate= 164.1kbits/s speed=1.55x    
frame= 6929 fps= 47 q=24.0 size=    4864KiB time=00:03:50.86 bitrate= 172.6kbits/s speed=1.55x    
frame= 6953 fps= 47 q=24.0 size=    4864KiB time=00:03:51.66 bitrate= 172.0kbits/s speed=1.55x    
frame= 6982 fps= 47 q=24.0 size=    4864KiB time=00:03:52.63 bitrate= 171.3kbits/s speed=1.56x    
frame= 7010 fps= 47 q=24.0 size=    4864KiB time=00:03:53.56 bitrate= 170.6kbits/s speed=1.56x    
frame= 7039 fps= 47 q=24.0 size=    4864KiB time=00:03:54.53 bitrate= 169.9kbits/s speed=1.56x    
frame= 7067 fps= 47 q=24.0 size=    4864KiB time=00:03:55.49 bitrate= 169.2kbits/s speed=1.56x    
frame= 7086 fps= 47 q=24.0 size=    4864KiB time=00:03:56.09 bitrate= 168.8kbits/s speed=1.56x    
frame= 7104 fps= 47 q=24.0 size=    4864KiB time=00:03:56.69 bitrate= 168.3kbits/s speed=1.56x    
frame= 7125 fps= 47 q=24.0 size=    4864KiB time=00:03:57.39 bitrate= 167.8kbits/s speed=1.56x    
frame= 7145 fps= 47 q=24.0 size=    4864KiB time=00:03:58.06 bitrate= 167.4kbits/s speed=1.55x    
frame= 7165 fps= 47 q=24.0 size=    4864KiB time=00:03:58.73 bitrate= 166.9kbits/s speed=1.55x    
frame= 7180 fps= 47 q=24.0 size=    4864KiB time=00:03:59.23 bitrate= 166.6kbits/s speed=1.55x    
frame= 7199 fps= 47 q=24.0 size=    4864KiB time=00:03:59.86 bitrate= 166.1kbits/s speed=1.55x    
frame= 7215 fps= 46 q=24.0 size=    4864KiB time=00:04:00.39 bitrate= 165.7kbits/s speed=1.55x    
frame= 7239 fps= 46 q=24.0 size=    4864KiB time=00:04:01.19 bitrate= 165.2kbits/s speed=1.55x    
frame= 7278 fps= 47 q=24.0 size=    5120KiB time=N/A bitrate=N/A speed=N/A    
[mp4 @ 0000018872cc0e00] Starting second pass: moving the moov atom to the beginning of the file
[out#0/mp4 @ 0000018871dbd680] video:2475KiB audio:2654KiB subtitle:0KiB other streams:0KiB global headers:0KiB muxing overhead: 4.577849%
frame= 7303 fps= 47 q=-1.0 Lsize=    5364KiB time=00:04:03.33 bitrate= 180.6kbits/s speed=1.55x    
[libx264 @ 0000018873d55e00] frame I:33    Avg QP: 4.27  size: 52802
[libx264 @ 0000018873d55e00] frame P:1839  Avg QP:10.35  size:   213
[libx264 @ 0000018873d55e00] frame B:5431  Avg QP:13.34  size:    73
[libx264 @ 0000018873d55e00] consecutive B-frames:  0.8%  0.0%  0.0% 99.1%
[libx264 @ 0000018873d55e00] mb I  I16..4: 90.3%  2.1%  7.5%
[libx264 @ 0000018873d55e00] mb P  I16..4:  0.0%  0.0%  0.0%  P16..4:  0.0%  0.0%  0.0%  0.0%  0.0%    skip:99.9%
[libx264 @ 0000018873d55e00] mb B  I16..4:  0.0%  0.0%  0.0%  B16..8:  0.1%  0.0%  0.0%  direct: 0.0%  skip:99.9%  L0:58.4% L1:41.6% BI: 0.0%
[libx264 @ 0000018873d55e00] 8x8 transform intra:2.3% inter:4.6%
[libx264 @ 0000018873d55e00] coded y,uvDC,uvAC intra: 5.7% 9.1% 9.0% inter: 0.0% 0.0% 0.0%
[libx264 @ 0000018873d55e00] i16 v,h,dc,p: 89% 10%  2%  0%
[libx264 @ 0000018873d55e00] i8 v,h,dc,ddl,ddr,vr,hd,vl,hu: 42% 39% 16%  0%  0%  0%  0%  1%  0%
[libx264 @ 0000018873d55e00] i4 v,h,dc,ddl,ddr,vr,hd,vl,hu: 37% 20% 19%  3%  4%  5%  4%  3%  4%
[libx264 @ 0000018873d55e00] i8c dc,h,v,p: 76% 18%  5%  1%
[libx264 @ 0000018873d55e00] Weighted P-Frames: Y:0.0% UV:0.0%
[libx264 @ 0000018873d55e00] ref P L0: 92.5%  1.7%  5.1%  0.7%
[libx264 @ 0000018873d55e00] ref B L0: 42.5% 57.2%  0.3%
[libx264 @ 0000018873d55e00] ref B L1: 99.6%  0.4%
[libx264 @ 0000018873d55e00] kb/s:83.27
[aac @ 0000018871defe40] Qavg: 65505.031
