Input #0, png_pipe, from 'C:\Users\todda\Blue Nova Projects\Rebekahs Health Website\client-handoff\website-editing-instructions\04-cache-and-verification\cache-video-v1.1\deck-preview\slide-01.png':
  Duration: N/A, bitrate: N/A
  Stream #0:0: Video: png, rgba(pc, gbr/bt709/iec61966-2-1), 1920x1080 [SAR 2834:2834 DAR 16:9], 30 fps, 30 tbr, 30 tbn
Input #1, png_pipe, from 'C:\Users\todda\Blue Nova Projects\Rebekahs Health Website\client-handoff\website-editing-instructions\04-cache-and-verification\cache-video-v1.1\deck-preview\slide-02.png':
  Duration: N/A, bitrate: N/A
  Stream #1:0: Video: png, rgba(pc, gbr/bt709/iec61966-2-1), 1920x1080 [SAR 2834:2834 DAR 16:9], 30 fps, 30 tbr, 30 tbn
Input #2, png_pipe, from 'C:\Users\todda\Blue Nova Projects\Rebekahs Health Website\client-handoff\website-editing-instructions\04-cache-and-verification\cache-video-v1.1\deck-preview\slide-03.png':
  Duration: N/A, bitrate: N/A
  Stream #2:0: Video: png, rgba(pc, gbr/bt709/iec61966-2-1), 1920x1080 [SAR 2834:2834 DAR 16:9], 30 fps, 30 tbr, 30 tbn
Input #3, png_pipe, from 'C:\Users\todda\Blue Nova Projects\Rebekahs Health Website\client-handoff\website-editing-instructions\04-cache-and-verification\cache-video-v1.1\deck-preview\slide-04.png':
  Duration: N/A, bitrate: N/A
  Stream #3:0: Video: png, rgba(pc, gbr/bt709/iec61966-2-1), 1920x1080 [SAR 2834:2834 DAR 16:9], 30 fps, 30 tbr, 30 tbn
Input #4, png_pipe, from 'C:\Users\todda\Blue Nova Projects\Rebekahs Health Website\client-handoff\website-editing-instructions\04-cache-and-verification\cache-video-v1.1\deck-preview\slide-05.png':
  Duration: N/A, bitrate: N/A
  Stream #4:0: Video: png, rgba(pc, gbr/bt709/iec61966-2-1), 1920x1080 [SAR 2834:2834 DAR 16:9], 30 fps, 30 tbr, 30 tbn
Input #5, png_pipe, from 'C:\Users\todda\Blue Nova Projects\Rebekahs Health Website\client-handoff\website-editing-instructions\04-cache-and-verification\cache-video-v1.1\deck-preview\slide-06.png':
  Duration: N/A, bitrate: N/A
  Stream #5:0: Video: png, rgba(pc, gbr/bt709/iec61966-2-1), 1920x1080 [SAR 2834:2834 DAR 16:9], 30 fps, 30 tbr, 30 tbn
Input #6, png_pipe, from 'C:\Users\todda\Blue Nova Projects\Rebekahs Health Website\client-handoff\website-editing-instructions\04-cache-and-verification\cache-video-v1.1\deck-preview\slide-07.png':
  Duration: N/A, bitrate: N/A
  Stream #6:0: Video: png, rgba(pc, gbr/bt709/iec61966-2-1), 1920x1080 [SAR 2834:2834 DAR 16:9], 30 fps, 30 tbr, 30 tbn
Input #7, png_pipe, from 'C:\Users\todda\Blue Nova Projects\Rebekahs Health Website\client-handoff\website-editing-instructions\04-cache-and-verification\cache-video-v1.1\deck-preview\slide-08.png':
  Duration: N/A, bitrate: N/A
  Stream #7:0: Video: png, rgba(pc, gbr/bt709/iec61966-2-1), 1920x1080 [SAR 2834:2834 DAR 16:9], 30 fps, 30 tbr, 30 tbn
Input #8, png_pipe, from 'C:\Users\todda\Blue Nova Projects\Rebekahs Health Website\client-handoff\website-editing-instructions\04-cache-and-verification\cache-video-v1.1\deck-preview\slide-09.png':
  Duration: N/A, bitrate: N/A
  Stream #8:0: Video: png, rgba(pc, gbr/bt709/iec61966-2-1), 1920x1080 [SAR 2834:2834 DAR 16:9], 30 fps, 30 tbr, 30 tbn
Input #9, png_pipe, from 'C:\Users\todda\Blue Nova Projects\Rebekahs Health Website\client-handoff\website-editing-instructions\04-cache-and-verification\cache-video-v1.1\deck-preview\slide-10.png':
  Duration: N/A, bitrate: N/A
  Stream #9:0: Video: png, rgba(pc, gbr/bt709/iec61966-2-1), 1920x1080 [SAR 2834:2834 DAR 16:9], 30 fps, 30 tbr, 30 tbn
Input #10, png_pipe, from 'C:\Users\todda\Blue Nova Projects\Rebekahs Health Website\client-handoff\website-editing-instructions\04-cache-and-verification\cache-video-v1.1\deck-preview\slide-11.png':
  Duration: N/A, bitrate: N/A
  Stream #10:0: Video: png, rgba(pc, gbr/bt709/iec61966-2-1), 1920x1080 [SAR 2834:2834 DAR 16:9], 30 fps, 30 tbr, 30 tbn
Input #11, png_pipe, from 'C:\Users\todda\Blue Nova Projects\Rebekahs Health Website\client-handoff\website-editing-instructions\04-cache-and-verification\cache-video-v1.1\deck-preview\slide-12.png':
  Duration: N/A, bitrate: N/A
  Stream #11:0: Video: png, rgba(pc, gbr/bt709/iec61966-2-1), 1920x1080 [SAR 2834:2834 DAR 16:9], 30 fps, 30 tbr, 30 tbn
Input #12, png_pipe, from 'C:\Users\todda\Blue Nova Projects\Rebekahs Health Website\client-handoff\website-editing-instructions\04-cache-and-verification\cache-video-v1.1\deck-preview\slide-13.png':
  Duration: N/A, bitrate: N/A
  Stream #12:0: Video: png, rgba(pc, gbr/bt709/iec61966-2-1), 1920x1080 [SAR 2834:2834 DAR 16:9], 30 fps, 30 tbr, 30 tbn
[aist#13:0/pcm_s16le @ 000002a727c32a80] Guessed Channel Layout: mono
Input #13, wav, from 'C:\Users\todda\Blue Nova Projects\Rebekahs Health Website\client-handoff\website-editing-instructions\04-cache-and-verification\cache-video-v1.1\Cache-Safety-Narration-v1.1.wav':
  Duration: 00:03:51.15, bitrate: 352 kb/s
  Stream #13:0: Audio: pcm_s16le ([1][0][0][0] / 0x0001), 22050 Hz, mono, s16, 352 kb/s
Stream mapping:
  Stream #0:0 (png) -> scale:default
  Stream #1:0 (png) -> scale:default
  Stream #2:0 (png) -> scale:default
  Stream #3:0 (png) -> scale:default
  Stream #4:0 (png) -> scale:default
  Stream #5:0 (png) -> scale:default
  Stream #6:0 (png) -> scale:default
  Stream #7:0 (png) -> scale:default
  Stream #8:0 (png) -> scale:default
  Stream #9:0 (png) -> scale:default
  Stream #10:0 (png) -> scale:default
  Stream #11:0 (png) -> scale:default
  Stream #12:0 (png) -> scale:default
  concat:out:v0 -> Stream #0:0 (libx264)
  Stream #13:0 -> #0:1 (pcm_s16le (native) -> aac (native))
Press [q] to stop, [?] for help
[aac @ 000002a727a56800] Too many bits 8916.462585 > 6144 per frame requested, clamping to max
[libx264 @ 000002a727a557c0] using SAR=1/1
[libx264 @ 000002a727a557c0] MB rate (8160000000) > level limit (16711680)
[libx264 @ 000002a727a557c0] using cpu capabilities: MMX2 SSE2Fast SSSE3 SSE4.2 AVX FMA3 BMI2 AVX2 AVX512
[libx264 @ 000002a727a557c0] profile High, level 6.2, 4:2:0, 8-bit
[libx264 @ 000002a727a557c0] 264 - core 164 r3192 c24e06c - H.264/MPEG-4 AVC codec - Copyleft 2003-2024 - http://www.videolan.org/x264.html - options: cabac=1 ref=3 deblock=1:0:0 analyse=0x3:0x113 me=hex subme=7 psy=1 psy_rd=1.00:0.00 mixed_ref=1 me_range=16 chroma_me=1 trellis=1 8x8dct=1 cqm=0 deadzone=21,11 fast_pskip=1 chroma_qp_offset=-2 threads=12 lookahead_threads=2 sliced_threads=0 nr=0 decimate=1 interlaced=0 bluray_compat=0 constrained_intra=0 bframes=3 b_pyramid=2 b_adapt=1 b_bias=0 direct=1 weightb=1 open_gop=0 weightp=2 keyint=250 keyint_min=25 scenecut=40 intra_refresh=0 rc_lookahead=40 rc=crf mbtree=1 crf=18.0 qcomp=0.60 qpmin=0 qpmax=69 qpstep=4 ip_ratio=1.40 aq=1:1.00
Output #0, mp4, to 'C:\Users\todda\Blue Nova Projects\Rebekahs Health Website\client-handoff\website-editing-instructions\04-cache-and-verification\cache-video-v1.1\How-to-Clear-the-Website-Cache-Safely-v1.1.mp4':
  Metadata:
    encoder         : Lavf61.7.100
  Stream #0:0: Video: h264 (avc1 / 0x31637661), yuv420p(tv, unknown/bt709/iec61966-2-1, progressive), 1920x1080 [SAR 1:1 DAR 16:9], q=2-31, 1000k tbn
      Metadata:
        encoder         : Lavc61.19.100 libx264
      Side data:
        cpb: bitrate max/min/avg: 0/0/0 buffer size: 0 vbv_delay: N/A
  Stream #0:1: Audio: aac (LC) (mp4a / 0x6134706D), 22050 Hz, mono, fltp, 132 kb/s
      Metadata:
        encoder         : Lavc61.19.100 aac
frame=    0 fps=0.0 q=0.0 size=       0KiB time=N/A bitrate=N/A speed=N/A    
frame=    0 fps=0.0 q=0.0 size=       0KiB time=N/A bitrate=N/A speed=N/A    
frame=    0 fps=0.0 q=0.0 size=       0KiB time=N/A bitrate=N/A speed=N/A    
frame=   26 fps=6.6 q=24.0 size=       0KiB time=00:00:00.76 bitrate=   0.5kbits/s speed=0.194x    
frame=   58 fps= 13 q=24.0 size=       0KiB time=00:00:01.83 bitrate=   0.2kbits/s speed=0.401x    
frame=   85 fps= 17 q=24.0 size=       0KiB time=00:00:02.73 bitrate=   0.1kbits/s speed=0.533x    
frame=  114 fps= 20 q=24.0 size=       0KiB time=00:00:03.70 bitrate=   0.1kbits/s speed=0.652x    
frame=  141 fps= 23 q=24.0 size=       0KiB time=00:00:04.60 bitrate=   0.1kbits/s speed=0.736x    
frame=  166 fps= 24 q=24.0 size=       0KiB time=00:00:05.43 bitrate=   0.1kbits/s speed= 0.8x    
frame=  193 fps= 26 q=24.0 size=       0KiB time=00:00:06.33 bitrate=   0.1kbits/s speed=0.862x    
frame=  218 fps= 28 q=24.0 size=       0KiB time=00:00:07.16 bitrate=   0.1kbits/s speed=0.908x    
frame=  248 fps= 29 q=24.0 size=       0KiB time=00:00:08.16 bitrate=   0.0kbits/s speed=0.966x    
frame=  272 fps= 30 q=24.0 size=       0KiB time=00:00:08.96 bitrate=   0.0kbits/s speed=0.994x    
frame=  300 fps= 31 q=24.0 size=       0KiB time=00:00:09.90 bitrate=   0.0kbits/s speed=1.04x    
frame=  326 fps= 32 q=24.0 size=     256KiB time=00:00:10.76 bitrate= 194.8kbits/s speed=1.06x    
frame=  356 fps= 33 q=24.0 size=     256KiB time=00:00:11.76 bitrate= 178.3kbits/s speed= 1.1x    
frame=  388 fps= 35 q=24.0 size=     256KiB time=00:00:12.83 bitrate= 163.4kbits/s speed=1.14x    
frame=  419 fps= 36 q=24.0 size=     256KiB time=00:00:13.86 bitrate= 151.3kbits/s speed=1.18x    
frame=  448 fps= 36 q=24.0 size=     256KiB time=00:00:14.83 bitrate= 141.4kbits/s speed= 1.2x    
frame=  483 fps= 37 q=24.0 size=     256KiB time=00:00:16.00 bitrate= 131.1kbits/s speed=1.23x    
frame=  500 fps= 37 q=24.0 size=     256KiB time=00:00:16.56 bitrate= 126.6kbits/s speed=1.23x    
frame=  530 fps= 38 q=24.0 size=     256KiB time=00:00:17.56 bitrate= 119.4kbits/s speed=1.25x    
frame=  557 fps= 38 q=24.0 size=     256KiB time=00:00:18.46 bitrate= 113.6kbits/s speed=1.26x    
frame=  585 fps= 39 q=24.0 size=     256KiB time=00:00:19.40 bitrate= 108.1kbits/s speed=1.28x    
frame=  613 fps= 39 q=24.0 size=     256KiB time=00:00:20.33 bitrate= 103.2kbits/s speed=1.29x    
frame=  648 fps= 40 q=24.0 size=     512KiB time=00:00:21.50 bitrate= 195.1kbits/s speed=1.32x    
frame=  682 fps= 40 q=24.0 size=     512KiB time=00:00:22.63 bitrate= 185.3kbits/s speed=1.34x    
frame=  705 fps= 40 q=24.0 size=     512KiB time=00:00:23.40 bitrate= 179.3kbits/s speed=1.34x    
frame=  733 fps= 41 q=24.0 size=     512KiB time=00:00:24.33 bitrate= 172.4kbits/s speed=1.35x    
frame=  756 fps= 41 q=24.0 size=     512KiB time=00:00:25.10 bitrate= 167.1kbits/s speed=1.36x    
frame=  781 fps= 41 q=24.0 size=     512KiB time=00:00:25.93 bitrate= 161.7kbits/s speed=1.36x    
frame=  797 fps= 41 q=24.0 size=     512KiB time=00:00:26.46 bitrate= 158.5kbits/s speed=1.35x    
frame=  829 fps= 41 q=24.0 size=     512KiB time=00:00:27.53 bitrate= 152.3kbits/s speed=1.36x    
frame=  859 fps= 41 q=24.0 size=     512KiB time=00:00:28.53 bitrate= 147.0kbits/s speed=1.37x    
frame=  891 fps= 42 q=24.0 size=     512KiB time=00:00:29.60 bitrate= 141.7kbits/s speed=1.39x    
frame=  920 fps= 42 q=24.0 size=     512KiB time=00:00:30.56 bitrate= 137.2kbits/s speed= 1.4x    
frame=  947 fps= 42 q=24.0 size=     512KiB time=00:00:31.46 bitrate= 133.3kbits/s speed= 1.4x    
frame=  975 fps= 42 q=24.0 size=     512KiB time=00:00:32.40 bitrate= 129.5kbits/s speed=1.41x    
frame= 1009 fps= 43 q=24.0 size=     512KiB time=00:00:33.53 bitrate= 125.1kbits/s speed=1.42x    
frame= 1035 fps= 43 q=24.0 size=     512KiB time=00:00:34.40 bitrate= 121.9kbits/s speed=1.43x    
frame= 1063 fps= 43 q=24.0 size=     768KiB time=00:00:35.33 bitrate= 178.1kbits/s speed=1.43x    
frame= 1091 fps= 43 q=24.0 size=     768KiB time=00:00:36.26 bitrate= 173.5kbits/s speed=1.44x    
frame= 1127 fps= 44 q=24.0 size=     768KiB time=00:00:37.46 bitrate= 167.9kbits/s speed=1.46x    
frame= 1159 fps= 44 q=24.0 size=     768KiB time=00:00:38.53 bitrate= 163.3kbits/s speed=1.47x    
frame= 1191 fps= 44 q=24.0 size=     768KiB time=00:00:39.59 bitrate= 158.9kbits/s speed=1.48x    
frame= 1215 fps= 44 q=24.0 size=     768KiB time=00:00:40.39 bitrate= 155.7kbits/s speed=1.48x    
frame= 1247 fps= 45 q=24.0 size=     768KiB time=00:00:41.46 bitrate= 151.7kbits/s speed=1.49x    
frame= 1275 fps= 45 q=24.0 size=     768KiB time=00:00:42.39 bitrate= 148.4kbits/s speed=1.49x    
frame= 1297 fps= 45 q=24.0 size=     768KiB time=00:00:43.13 bitrate= 145.9kbits/s speed=1.49x    
frame= 1328 fps= 45 q=24.0 size=     768KiB time=00:00:44.16 bitrate= 142.5kbits/s speed= 1.5x    
frame= 1357 fps= 45 q=24.0 size=     768KiB time=00:00:45.13 bitrate= 139.4kbits/s speed= 1.5x    
frame= 1382 fps= 45 q=24.0 size=     768KiB time=00:00:45.96 bitrate= 136.9kbits/s speed=1.51x    
frame= 1413 fps= 45 q=24.0 size=     768KiB time=00:00:46.99 bitrate= 133.9kbits/s speed=1.51x    
frame= 1445 fps= 46 q=24.0 size=     768KiB time=00:00:48.06 bitrate= 130.9kbits/s speed=1.52x    
frame= 1477 fps= 46 q=24.0 size=    1024KiB time=00:00:49.13 bitrate= 170.7kbits/s speed=1.53x    
frame= 1511 fps= 46 q=24.0 size=    1024KiB time=00:00:50.26 bitrate= 166.9kbits/s speed=1.53x    
frame= 1535 fps= 46 q=24.0 size=    1024KiB time=00:00:51.06 bitrate= 164.3kbits/s speed=1.53x    
frame= 1550 fps= 46 q=24.0 size=    1024KiB time=00:00:51.56 bitrate= 162.7kbits/s speed=1.52x    
frame= 1587 fps= 46 q=24.0 size=    1024KiB time=00:00:52.79 bitrate= 158.9kbits/s speed=1.53x    
frame= 1618 fps= 46 q=24.0 size=    1024KiB time=00:00:53.83 bitrate= 155.8kbits/s speed=1.53x    
frame= 1651 fps= 46 q=24.0 size=    1024KiB time=00:00:54.93 bitrate= 152.7kbits/s speed=1.54x    
frame= 1675 fps= 46 q=24.0 size=    1024KiB time=00:00:55.73 bitrate= 150.5kbits/s speed=1.54x    
frame= 1700 fps= 46 q=24.0 size=    1024KiB time=00:00:56.56 bitrate= 148.3kbits/s speed=1.54x    
frame= 1735 fps= 46 q=24.0 size=    1024KiB time=00:00:57.73 bitrate= 145.3kbits/s speed=1.55x    
frame= 1767 fps= 47 q=24.0 size=    1024KiB time=00:00:58.79 bitrate= 142.7kbits/s speed=1.55x    
frame= 1793 fps= 47 q=24.0 size=    1280KiB time=00:00:59.66 bitrate= 175.7kbits/s speed=1.55x    
frame= 1829 fps= 47 q=24.0 size=    1280KiB time=00:01:00.86 bitrate= 172.3kbits/s speed=1.56x    
frame= 1860 fps= 47 q=24.0 size=    1280KiB time=00:01:01.89 bitrate= 169.4kbits/s speed=1.56x    
frame= 1894 fps= 47 q=24.0 size=    1280KiB time=00:01:03.03 bitrate= 166.4kbits/s speed=1.57x    
frame= 1922 fps= 47 q=24.0 size=    1280KiB time=00:01:03.96 bitrate= 163.9kbits/s speed=1.57x    
frame= 1951 fps= 47 q=24.0 size=    1280KiB time=00:01:04.93 bitrate= 161.5kbits/s speed=1.57x    
frame= 1972 fps= 47 q=24.0 size=    1280KiB time=00:01:05.63 bitrate= 159.8kbits/s speed=1.57x    
frame= 2008 fps= 47 q=24.0 size=    1280KiB time=00:01:06.83 bitrate= 156.9kbits/s speed=1.57x    
frame= 2031 fps= 47 q=24.0 size=    1280KiB time=00:01:07.59 bitrate= 155.1kbits/s speed=1.57x    
frame= 2051 fps= 47 q=24.0 size=    1280KiB time=00:01:08.26 bitrate= 153.6kbits/s speed=1.56x    
frame= 2079 fps= 47 q=24.0 size=    1280KiB time=00:01:09.19 bitrate= 151.5kbits/s speed=1.56x    
frame= 2108 fps= 47 q=24.0 size=    1280KiB time=00:01:10.16 bitrate= 149.4kbits/s speed=1.57x    
frame= 2135 fps= 47 q=24.0 size=    1280KiB time=00:01:11.06 bitrate= 147.6kbits/s speed=1.57x    
frame= 2160 fps= 47 q=24.0 size=    1536KiB time=00:01:11.89 bitrate= 175.0kbits/s speed=1.57x    
frame= 2187 fps= 47 q=24.0 size=    1536KiB time=00:01:12.79 bitrate= 172.8kbits/s speed=1.57x    
frame= 2223 fps= 47 q=24.0 size=    1536KiB time=00:01:13.99 bitrate= 170.0kbits/s speed=1.57x    
frame= 2246 fps= 47 q=24.0 size=    1536KiB time=00:01:14.76 bitrate= 168.3kbits/s speed=1.57x    
frame= 2273 fps= 47 q=24.0 size=    1536KiB time=00:01:15.66 bitrate= 166.3kbits/s speed=1.57x    
frame= 2301 fps= 47 q=24.0 size=    1536KiB time=00:01:16.59 bitrate= 164.3kbits/s speed=1.57x    
frame= 2332 fps= 47 q=24.0 size=    1536KiB time=00:01:17.63 bitrate= 162.1kbits/s speed=1.57x    
frame= 2365 fps= 47 q=24.0 size=    1536KiB time=00:01:18.73 bitrate= 159.8kbits/s speed=1.58x    
frame= 2393 fps= 47 q=24.0 size=    1536KiB time=00:01:19.66 bitrate= 157.9kbits/s speed=1.58x    
frame= 2418 fps= 47 q=24.0 size=    1536KiB time=00:01:20.49 bitrate= 156.3kbits/s speed=1.58x    
frame= 2445 fps= 47 q=24.0 size=    1536KiB time=00:01:21.39 bitrate= 154.6kbits/s speed=1.58x    
frame= 2477 fps= 48 q=24.0 size=    1536KiB time=00:01:22.46 bitrate= 152.6kbits/s speed=1.58x    
frame= 2507 fps= 48 q=24.0 size=    1536KiB time=00:01:23.46 bitrate= 150.8kbits/s speed=1.58x    
frame= 2531 fps= 48 q=24.0 size=    1536KiB time=00:01:24.24 bitrate= 149.4kbits/s speed=1.58x    
frame= 2551 fps= 47 q=24.0 size=    1792KiB time=00:01:24.93 bitrate= 172.8kbits/s speed=1.58x    
frame= 2578 fps= 47 q=24.0 size=    1792KiB time=00:01:25.83 bitrate= 171.0kbits/s speed=1.58x    
frame= 2610 fps= 48 q=24.0 size=    1792KiB time=00:01:26.89 bitrate= 168.9kbits/s speed=1.58x    
frame= 2635 fps= 48 q=24.0 size=    1792KiB time=00:01:27.73 bitrate= 167.3kbits/s speed=1.58x    
frame= 2663 fps= 48 q=24.0 size=    1792KiB time=00:01:28.66 bitrate= 165.6kbits/s speed=1.58x    
frame= 2687 fps= 48 q=24.0 size=    1792KiB time=00:01:29.46 bitrate= 164.1kbits/s speed=1.58x    
frame= 2722 fps= 48 q=24.0 size=    1792KiB time=00:01:30.63 bitrate= 162.0kbits/s speed=1.59x    
frame= 2751 fps= 48 q=24.0 size=    1792KiB time=00:01:31.59 bitrate= 160.3kbits/s speed=1.59x    
frame= 2776 fps= 48 q=24.0 size=    1792KiB time=00:01:32.43 bitrate= 158.8kbits/s speed=1.59x    
frame= 2801 fps= 48 q=24.0 size=    1792KiB time=00:01:33.26 bitrate= 157.4kbits/s speed=1.59x    
frame= 2825 fps= 48 q=24.0 size=    1792KiB time=00:01:34.06 bitrate= 156.1kbits/s speed=1.59x    
frame= 2853 fps= 48 q=24.0 size=    1792KiB time=00:01:34.99 bitrate= 154.5kbits/s speed=1.59x    
frame= 2884 fps= 48 q=24.0 size=    2048KiB time=00:01:36.03 bitrate= 174.7kbits/s speed=1.59x    
frame= 2913 fps= 48 q=24.0 size=    2048KiB time=00:01:36.99 bitrate= 173.0kbits/s speed=1.59x    
frame= 2933 fps= 48 q=24.0 size=    2048KiB time=00:01:37.66 bitrate= 171.8kbits/s speed=1.59x    
frame= 2965 fps= 48 q=24.0 size=    2048KiB time=00:01:38.73 bitrate= 169.9kbits/s speed=1.59x    
frame= 2992 fps= 48 q=24.0 size=    2048KiB time=00:01:39.63 bitrate= 168.4kbits/s speed=1.59x    
frame= 3009 fps= 48 q=24.0 size=    2048KiB time=00:01:40.19 bitrate= 167.4kbits/s speed=1.59x    
frame= 3026 fps= 48 q=24.0 size=    2048KiB time=00:01:40.76 bitrate= 166.5kbits/s speed=1.58x    
frame= 3047 fps= 48 q=24.0 size=    2048KiB time=00:01:41.46 bitrate= 165.4kbits/s speed=1.58x    
frame= 3073 fps= 48 q=24.0 size=    2048KiB time=00:01:42.33 bitrate= 164.0kbits/s speed=1.58x    
frame= 3097 fps= 47 q=24.0 size=    2048KiB time=00:01:43.13 bitrate= 162.7kbits/s speed=1.58x    
frame= 3122 fps= 47 q=24.0 size=    2048KiB time=00:01:43.96 bitrate= 161.4kbits/s speed=1.58x    
frame= 3139 fps= 47 q=24.0 size=    2048KiB time=00:01:44.53 bitrate= 160.5kbits/s speed=1.58x    
frame= 3163 fps= 47 q=24.0 size=    2048KiB time=00:01:45.33 bitrate= 159.3kbits/s speed=1.58x    
frame= 3187 fps= 47 q=24.0 size=    2048KiB time=00:01:46.13 bitrate= 158.1kbits/s speed=1.57x    
frame= 3211 fps= 47 q=24.0 size=    2048KiB time=00:01:46.93 bitrate= 156.9kbits/s speed=1.57x    
frame= 3239 fps= 47 q=24.0 size=    2048KiB time=00:01:47.86 bitrate= 155.5kbits/s speed=1.57x    
frame= 3266 fps= 47 q=24.0 size=    2304KiB time=00:01:48.76 bitrate= 173.5kbits/s speed=1.58x    
frame= 3285 fps= 47 q=24.0 size=    2304KiB time=00:01:49.39 bitrate= 172.5kbits/s speed=1.57x    
frame= 3305 fps= 47 q=24.0 size=    2304KiB time=00:01:50.06 bitrate= 171.5kbits/s speed=1.57x    
frame= 3337 fps= 47 q=24.0 size=    2304KiB time=00:01:51.13 bitrate= 169.8kbits/s speed=1.57x    
frame= 3365 fps= 47 q=24.0 size=    2304KiB time=00:01:52.06 bitrate= 168.4kbits/s speed=1.58x    
frame= 3397 fps= 47 q=24.0 size=    2304KiB time=00:01:53.13 bitrate= 166.8kbits/s speed=1.58x    
frame= 3416 fps= 47 q=24.0 size=    2304KiB time=00:01:53.76 bitrate= 165.9kbits/s speed=1.57x    
frame= 3441 fps= 47 q=24.0 size=    2304KiB time=00:01:54.59 bitrate= 164.7kbits/s speed=1.57x    
frame= 3469 fps= 47 q=24.0 size=    2304KiB time=00:01:55.53 bitrate= 163.4kbits/s speed=1.58x    
frame= 3497 fps= 47 q=24.0 size=    2304KiB time=00:01:56.46 bitrate= 162.1kbits/s speed=1.58x    
frame= 3525 fps= 47 q=24.0 size=    2304KiB time=00:01:57.39 bitrate= 160.8kbits/s speed=1.58x    
frame= 3537 fps= 47 q=24.0 size=    2304KiB time=00:01:57.79 bitrate= 160.2kbits/s speed=1.57x    
frame= 3570 fps= 47 q=24.0 size=    2560KiB time=00:01:58.89 bitrate= 176.4kbits/s speed=1.57x    
frame= 3596 fps= 47 q=24.0 size=    2560KiB time=00:01:59.76 bitrate= 175.1kbits/s speed=1.57x    
frame= 3617 fps= 47 q=24.0 size=    2560KiB time=00:02:00.46 bitrate= 174.1kbits/s speed=1.57x    
frame= 3639 fps= 47 q=24.0 size=    2560KiB time=00:02:01.19 bitrate= 173.0kbits/s speed=1.57x    
frame= 3667 fps= 47 q=24.0 size=    2560KiB time=00:02:02.13 bitrate= 171.7kbits/s speed=1.57x    
frame= 3687 fps= 47 q=24.0 size=    2560KiB time=00:02:02.79 bitrate= 170.8kbits/s speed=1.57x    
frame= 3715 fps= 47 q=24.0 size=    2560KiB time=00:02:03.73 bitrate= 169.5kbits/s speed=1.57x    
frame= 3739 fps= 47 q=24.0 size=    2560KiB time=00:02:04.53 bitrate= 168.4kbits/s speed=1.57x    
frame= 3763 fps= 47 q=24.0 size=    2560KiB time=00:02:05.33 bitrate= 167.3kbits/s speed=1.57x    
frame= 3787 fps= 47 q=24.0 size=    2560KiB time=00:02:06.13 bitrate= 166.3kbits/s speed=1.57x    
frame= 3808 fps= 47 q=24.0 size=    2560KiB time=00:02:06.83 bitrate= 165.4kbits/s speed=1.56x    
frame= 3840 fps= 47 q=24.0 size=    2560KiB time=00:02:07.89 bitrate= 164.0kbits/s speed=1.57x    
frame= 3868 fps= 47 q=24.0 size=    2560KiB time=00:02:08.83 bitrate= 162.8kbits/s speed=1.56x    
frame= 3901 fps= 47 q=24.0 size=    2560KiB time=00:02:09.93 bitrate= 161.4kbits/s speed=1.57x    
frame= 3922 fps= 47 q=24.0 size=    2816KiB time=00:02:10.63 bitrate= 176.6kbits/s speed=1.56x    
frame= 3949 fps= 47 q=24.0 size=    2816KiB time=00:02:11.53 bitrate= 175.4kbits/s speed=1.56x    
frame= 3975 fps= 47 q=24.0 size=    2816KiB time=00:02:12.39 bitrate= 174.2kbits/s speed=1.56x    
frame= 4001 fps= 47 q=24.0 size=    2816KiB time=00:02:13.26 bitrate= 173.1kbits/s speed=1.56x    
frame= 4025 fps= 47 q=24.0 size=    2816KiB time=00:02:14.06 bitrate= 172.1kbits/s speed=1.56x    
frame= 4047 fps= 47 q=24.0 size=    2816KiB time=00:02:14.79 bitrate= 171.1kbits/s speed=1.56x    
frame= 4074 fps= 47 q=24.0 size=    2816KiB time=00:02:15.69 bitrate= 170.0kbits/s speed=1.56x    
frame= 4098 fps= 47 q=24.0 size=    2816KiB time=00:02:16.49 bitrate= 169.0kbits/s speed=1.56x    
frame= 4123 fps= 47 q=24.0 size=    2816KiB time=00:02:17.33 bitrate= 168.0kbits/s speed=1.56x    
frame= 4154 fps= 47 q=24.0 size=    2816KiB time=00:02:18.36 bitrate= 166.7kbits/s speed=1.56x    
frame= 4174 fps= 47 q=24.0 size=    2816KiB time=00:02:19.03 bitrate= 165.9kbits/s speed=1.56x    
frame= 4195 fps= 47 q=24.0 size=    2816KiB time=00:02:19.73 bitrate= 165.1kbits/s speed=1.56x    
frame= 4223 fps= 47 q=24.0 size=    2816KiB time=00:02:20.66 bitrate= 164.0kbits/s speed=1.56x    
frame= 4249 fps= 47 q=24.0 size=    2816KiB time=00:02:21.53 bitrate= 163.0kbits/s speed=1.56x    
frame= 4276 fps= 47 q=24.0 size=    3072KiB time=00:02:22.43 bitrate= 176.7kbits/s speed=1.56x    
frame= 4290 fps= 47 q=24.0 size=    3072KiB time=00:02:22.89 bitrate= 176.1kbits/s speed=1.55x    
frame= 4321 fps= 47 q=24.0 size=    3072KiB time=00:02:23.93 bitrate= 174.8kbits/s speed=1.55x    
frame= 4353 fps= 47 q=24.0 size=    3072KiB time=00:02:24.99 bitrate= 173.6kbits/s speed=1.56x    
frame= 4385 fps= 47 q=24.0 size=    3072KiB time=00:02:26.06 bitrate= 172.3kbits/s speed=1.56x    
frame= 4426 fps= 47 q=24.0 size=    3072KiB time=00:02:27.43 bitrate= 170.7kbits/s speed=1.56x    
frame= 4448 fps= 47 q=24.0 size=    3072KiB time=00:02:28.16 bitrate= 169.9kbits/s speed=1.56x    
frame= 4471 fps= 47 q=24.0 size=    3072KiB time=00:02:28.93 bitrate= 169.0kbits/s speed=1.56x    
frame= 4498 fps= 47 q=24.0 size=    3072KiB time=00:02:29.83 bitrate= 168.0kbits/s speed=1.56x    
frame= 4526 fps= 47 q=24.0 size=    3072KiB time=00:02:30.76 bitrate= 166.9kbits/s speed=1.56x    
frame= 4537 fps= 47 q=24.0 size=    3072KiB time=00:02:31.13 bitrate= 166.5kbits/s speed=1.55x    
frame= 4563 fps= 47 q=24.0 size=    3328KiB time=00:02:31.99 bitrate= 179.4kbits/s speed=1.55x    
frame= 4591 fps= 47 q=24.0 size=    3328KiB time=00:02:32.93 bitrate= 178.3kbits/s speed=1.55x    
frame= 4618 fps= 47 q=24.0 size=    3328KiB time=00:02:33.83 bitrate= 177.2kbits/s speed=1.55x    
frame= 4643 fps= 47 q=24.0 size=    3328KiB time=00:02:34.66 bitrate= 176.3kbits/s speed=1.55x    
frame= 4671 fps= 47 q=24.0 size=    3328KiB time=00:02:35.59 bitrate= 175.2kbits/s speed=1.55x    
frame= 4699 fps= 47 q=24.0 size=    3328KiB time=00:02:36.53 bitrate= 174.2kbits/s speed=1.55x    
frame= 4717 fps= 47 q=24.0 size=    3328KiB time=00:02:37.13 bitrate= 173.5kbits/s speed=1.55x    
frame= 4741 fps= 47 q=24.0 size=    3328KiB time=00:02:37.93 bitrate= 172.6kbits/s speed=1.55x    
frame= 4766 fps= 47 q=24.0 size=    3328KiB time=00:02:38.76 bitrate= 171.7kbits/s speed=1.55x    
frame= 4793 fps= 47 q=24.0 size=    3328KiB time=00:02:39.66 bitrate= 170.8kbits/s speed=1.55x    
frame= 4817 fps= 47 q=24.0 size=    3328KiB time=00:02:40.46 bitrate= 169.9kbits/s speed=1.55x    
frame= 4838 fps= 46 q=24.0 size=    3328KiB time=00:02:41.16 bitrate= 169.2kbits/s speed=1.55x    
frame= 4862 fps= 46 q=24.0 size=    3328KiB time=00:02:41.96 bitrate= 168.3kbits/s speed=1.55x    
frame= 4887 fps= 46 q=24.0 size=    3328KiB time=00:02:42.79 bitrate= 167.5kbits/s speed=1.55x    
frame= 4902 fps= 46 q=24.0 size=    3328KiB time=00:02:43.29 bitrate= 167.0kbits/s speed=1.54x    
frame= 4931 fps= 46 q=24.0 size=    3328KiB time=00:02:44.26 bitrate= 166.0kbits/s speed=1.54x    
frame= 4954 fps= 46 q=24.0 size=    3328KiB time=00:02:45.03 bitrate= 165.2kbits/s speed=1.54x    
frame= 4967 fps= 46 q=24.0 size=    3328KiB time=00:02:45.46 bitrate= 164.8kbits/s speed=1.54x    
frame= 4990 fps= 46 q=24.0 size=    3584KiB time=00:02:46.26 bitrate= 176.6kbits/s speed=1.54x    
frame= 5016 fps= 46 q=24.0 size=    3584KiB time=00:02:47.09 bitrate= 175.7kbits/s speed=1.54x    
frame= 5040 fps= 46 q=24.0 size=    3584KiB time=00:02:47.89 bitrate= 174.9kbits/s speed=1.54x    
frame= 5056 fps= 46 q=24.0 size=    3584KiB time=00:02:48.43 bitrate= 174.3kbits/s speed=1.54x    
frame= 5085 fps= 46 q=24.0 size=    3584KiB time=00:02:49.39 bitrate= 173.3kbits/s speed=1.54x    
frame= 5107 fps= 46 q=24.0 size=    3584KiB time=00:02:50.16 bitrate= 172.5kbits/s speed=1.54x    
frame= 5135 fps= 46 q=24.0 size=    3584KiB time=00:02:51.06 bitrate= 171.6kbits/s speed=1.54x    
frame= 5151 fps= 46 q=24.0 size=    3584KiB time=00:02:51.59 bitrate= 171.1kbits/s speed=1.54x    
frame= 5169 fps= 46 q=24.0 size=    3584KiB time=00:02:52.19 bitrate= 170.5kbits/s speed=1.54x    
frame= 5185 fps= 46 q=24.0 size=    3584KiB time=00:02:52.73 bitrate= 170.0kbits/s speed=1.53x    
frame= 5205 fps= 46 q=24.0 size=    3584KiB time=00:02:53.39 bitrate= 169.3kbits/s speed=1.53x    
frame= 5215 fps= 46 q=24.0 size=    3584KiB time=00:02:53.73 bitrate= 169.0kbits/s speed=1.53x    
frame= 5229 fps= 46 q=24.0 size=    3584KiB time=00:02:54.19 bitrate= 168.5kbits/s speed=1.53x    
frame= 5247 fps= 46 q=24.0 size=    3584KiB time=00:02:54.79 bitrate= 168.0kbits/s speed=1.52x    
frame= 5267 fps= 46 q=24.0 size=    3584KiB time=00:02:55.46 bitrate= 167.3kbits/s speed=1.52x    
frame= 5283 fps= 46 q=24.0 size=    3584KiB time=00:02:55.99 bitrate= 166.8kbits/s speed=1.52x    
frame= 5297 fps= 46 q=24.0 size=    3584KiB time=00:02:56.46 bitrate= 166.4kbits/s speed=1.52x    
frame= 5315 fps= 46 q=24.0 size=    3584KiB time=00:02:57.06 bitrate= 165.8kbits/s speed=1.52x    
frame= 5331 fps= 45 q=24.0 size=    3840KiB time=00:02:57.59 bitrate= 177.1kbits/s speed=1.51x    
frame= 5347 fps= 45 q=24.0 size=    3840KiB time=00:02:58.13 bitrate= 176.6kbits/s speed=1.51x    
frame= 5357 fps= 45 q=24.0 size=    3840KiB time=00:02:58.46 bitrate= 176.3kbits/s speed=1.51x    
frame= 5371 fps= 45 q=24.0 size=    3840KiB time=00:02:58.93 bitrate= 175.8kbits/s speed=1.51x    
frame= 5387 fps= 45 q=24.0 size=    3840KiB time=00:02:59.46 bitrate= 175.3kbits/s speed= 1.5x    
frame= 5403 fps= 45 q=24.0 size=    3840KiB time=00:02:59.99 bitrate= 174.8kbits/s speed= 1.5x    
frame= 5423 fps= 45 q=24.0 size=    3840KiB time=00:03:00.66 bitrate= 174.1kbits/s speed= 1.5x    
frame= 5439 fps= 45 q=24.0 size=    3840KiB time=00:03:01.19 bitrate= 173.6kbits/s speed= 1.5x    
frame= 5452 fps= 45 q=24.0 size=    3840KiB time=00:03:01.63 bitrate= 173.2kbits/s speed= 1.5x    
frame= 5464 fps= 45 q=24.0 size=    3840KiB time=00:03:02.03 bitrate= 172.8kbits/s speed=1.49x    
frame= 5481 fps= 45 q=24.0 size=    3840KiB time=00:03:02.59 bitrate= 172.3kbits/s speed=1.49x    
frame= 5495 fps= 45 q=24.0 size=    3840KiB time=00:03:03.06 bitrate= 171.8kbits/s speed=1.49x    
frame= 5517 fps= 45 q=24.0 size=    3840KiB time=00:03:03.79 bitrate= 171.2kbits/s speed=1.49x    
frame= 5535 fps= 45 q=24.0 size=    3840KiB time=00:03:04.39 bitrate= 170.6kbits/s speed=1.49x    
frame= 5550 fps= 45 q=24.0 size=    3840KiB time=00:03:04.89 bitrate= 170.1kbits/s speed=1.48x    
frame= 5564 fps= 44 q=24.0 size=    3840KiB time=00:03:05.36 bitrate= 169.7kbits/s speed=1.48x    
frame= 5581 fps= 44 q=24.0 size=    3840KiB time=00:03:05.93 bitrate= 169.2kbits/s speed=1.48x    
frame= 5600 fps= 44 q=24.0 size=    3840KiB time=00:03:06.56 bitrate= 168.6kbits/s speed=1.48x    
frame= 5618 fps= 44 q=24.0 size=    3840KiB time=00:03:07.16 bitrate= 168.1kbits/s speed=1.48x    
frame= 5636 fps= 44 q=24.0 size=    3840KiB time=00:03:07.76 bitrate= 167.5kbits/s speed=1.48x    
frame= 5653 fps= 44 q=24.0 size=    3840KiB time=00:03:08.33 bitrate= 167.0kbits/s speed=1.48x    
frame= 5666 fps= 44 q=24.0 size=    3840KiB time=00:03:08.76 bitrate= 166.6kbits/s speed=1.47x    
frame= 5680 fps= 44 q=24.0 size=    3840KiB time=00:03:09.23 bitrate= 166.2kbits/s speed=1.47x    
frame= 5698 fps= 44 q=24.0 size=    3840KiB time=00:03:09.83 bitrate= 165.7kbits/s speed=1.47x    
frame= 5711 fps= 44 q=24.0 size=    3840KiB time=00:03:10.26 bitrate= 165.3kbits/s speed=1.47x    
frame= 5729 fps= 44 q=24.0 size=    4096KiB time=00:03:10.86 bitrate= 175.8kbits/s speed=1.47x    
frame= 5744 fps= 44 q=24.0 size=    4096KiB time=00:03:11.36 bitrate= 175.3kbits/s speed=1.46x    
frame= 5756 fps= 44 q=24.0 size=    4096KiB time=00:03:11.79 bitrate= 174.9kbits/s speed=1.46x    
frame= 5773 fps= 44 q=24.0 size=    4096KiB time=00:03:12.33 bitrate= 174.5kbits/s speed=1.46x    
frame= 5790 fps= 44 q=24.0 size=    4096KiB time=00:03:12.89 bitrate= 173.9kbits/s speed=1.46x    
frame= 5805 fps= 44 q=24.0 size=    4096KiB time=00:03:13.39 bitrate= 173.5kbits/s speed=1.46x    
frame= 5820 fps= 44 q=24.0 size=    4096KiB time=00:03:13.89 bitrate= 173.1kbits/s speed=1.45x    
frame= 5837 fps= 44 q=24.0 size=    4096KiB time=00:03:14.49 bitrate= 172.5kbits/s speed=1.45x    
frame= 5853 fps= 44 q=24.0 size=    4096KiB time=00:03:14.99 bitrate= 172.1kbits/s speed=1.45x    
frame= 5868 fps= 44 q=24.0 size=    4096KiB time=00:03:15.49 bitrate= 171.6kbits/s speed=1.45x    
frame= 5887 fps= 43 q=24.0 size=    4096KiB time=00:03:16.13 bitrate= 171.1kbits/s speed=1.45x    
frame= 5905 fps= 43 q=24.0 size=    4096KiB time=00:03:16.73 bitrate= 170.6kbits/s speed=1.45x    
frame= 5921 fps= 43 q=24.0 size=    4096KiB time=00:03:17.26 bitrate= 170.1kbits/s speed=1.45x    
frame= 5936 fps= 43 q=24.0 size=    4096KiB time=00:03:17.76 bitrate= 169.7kbits/s speed=1.44x    
frame= 5951 fps= 43 q=24.0 size=    4096KiB time=00:03:18.26 bitrate= 169.2kbits/s speed=1.44x    
frame= 5965 fps= 43 q=24.0 size=    4096KiB time=00:03:18.73 bitrate= 168.8kbits/s speed=1.44x    
frame= 5981 fps= 43 q=24.0 size=    4096KiB time=00:03:19.26 bitrate= 168.4kbits/s speed=1.44x    
frame= 6002 fps= 43 q=24.0 size=    4096KiB time=00:03:19.96 bitrate= 167.8kbits/s speed=1.44x    
frame= 6017 fps= 43 q=24.0 size=    4096KiB time=00:03:20.46 bitrate= 167.4kbits/s speed=1.44x    
frame= 6035 fps= 43 q=24.0 size=    4352KiB time=00:03:21.06 bitrate= 177.3kbits/s speed=1.44x    
frame= 6053 fps= 43 q=24.0 size=    4352KiB time=00:03:21.66 bitrate= 176.8kbits/s speed=1.44x    
frame= 6066 fps= 43 q=24.0 size=    4352KiB time=00:03:22.09 bitrate= 176.4kbits/s speed=1.43x    
frame= 6080 fps= 43 q=24.0 size=    4352KiB time=00:03:22.56 bitrate= 176.0kbits/s speed=1.43x    
frame= 6099 fps= 43 q=24.0 size=    4352KiB time=00:03:23.19 bitrate= 175.5kbits/s speed=1.43x    
frame= 6115 fps= 43 q=24.0 size=    4352KiB time=00:03:23.73 bitrate= 175.0kbits/s speed=1.43x    
frame= 6133 fps= 43 q=24.0 size=    4352KiB time=00:03:24.33 bitrate= 174.5kbits/s speed=1.43x    
frame= 6148 fps= 43 q=24.0 size=    4352KiB time=00:03:24.83 bitrate= 174.1kbits/s speed=1.43x    
frame= 6165 fps= 43 q=24.0 size=    4352KiB time=00:03:25.39 bitrate= 173.6kbits/s speed=1.43x    
frame= 6180 fps= 43 q=24.0 size=    4352KiB time=00:03:25.93 bitrate= 173.1kbits/s speed=1.42x    
frame= 6196 fps= 43 q=24.0 size=    4352KiB time=00:03:26.43 bitrate= 172.7kbits/s speed=1.42x    
frame= 6207 fps= 43 q=21.0 size=    4352KiB time=00:03:26.79 bitrate= 172.4kbits/s speed=1.42x    
frame= 6217 fps= 43 q=24.0 size=    4352KiB time=00:03:27.13 bitrate= 172.1kbits/s speed=1.42x    
frame= 6239 fps= 43 q=24.0 size=    4352KiB time=00:03:27.86 bitrate= 171.5kbits/s speed=1.42x    
frame= 6259 fps= 43 q=24.0 size=    4352KiB time=00:03:28.53 bitrate= 171.0kbits/s speed=1.42x    
frame= 6276 fps= 42 q=24.0 size=    4352KiB time=00:03:29.09 bitrate= 170.5kbits/s speed=1.42x    
frame= 6292 fps= 42 q=24.0 size=    4352KiB time=00:03:29.63 bitrate= 170.1kbits/s speed=1.41x    
frame= 6308 fps= 42 q=24.0 size=    4352KiB time=00:03:30.16 bitrate= 169.6kbits/s speed=1.41x    
frame= 6322 fps= 42 q=24.0 size=    4352KiB time=00:03:30.63 bitrate= 169.3kbits/s speed=1.41x    
frame= 6343 fps= 42 q=24.0 size=    4352KiB time=00:03:31.33 bitrate= 168.7kbits/s speed=1.41x    
frame= 6362 fps= 42 q=24.0 size=    4352KiB time=00:03:31.96 bitrate= 168.2kbits/s speed=1.41x    
frame= 6373 fps= 42 q=24.0 size=    4352KiB time=00:03:32.33 bitrate= 167.9kbits/s speed=1.41x    
frame= 6387 fps= 42 q=24.0 size=    4608KiB time=00:03:32.83 bitrate= 177.4kbits/s speed=1.41x    
frame= 6405 fps= 42 q=24.0 size=    4608KiB time=00:03:33.39 bitrate= 176.9kbits/s speed=1.41x    
frame= 6426 fps= 42 q=24.0 size=    4608KiB time=00:03:34.09 bitrate= 176.3kbits/s speed=1.41x    
frame= 6445 fps= 42 q=24.0 size=    4608KiB time=00:03:34.73 bitrate= 175.8kbits/s speed= 1.4x    
frame= 6461 fps= 42 q=24.0 size=    4608KiB time=00:03:35.26 bitrate= 175.4kbits/s speed= 1.4x    
frame= 6478 fps= 42 q=24.0 size=    4608KiB time=00:03:35.83 bitrate= 174.9kbits/s speed= 1.4x    
frame= 6493 fps= 42 q=24.0 size=    4608KiB time=00:03:36.33 bitrate= 174.5kbits/s speed= 1.4x    
frame= 6508 fps= 42 q=24.0 size=    4608KiB time=00:03:36.83 bitrate= 174.1kbits/s speed= 1.4x    
frame= 6523 fps= 42 q=24.0 size=    4608KiB time=00:03:37.33 bitrate= 173.7kbits/s speed= 1.4x    
frame= 6540 fps= 42 q=24.0 size=    4608KiB time=00:03:37.89 bitrate= 173.2kbits/s speed= 1.4x    
frame= 6559 fps= 42 q=24.0 size=    4608KiB time=00:03:38.53 bitrate= 172.7kbits/s speed= 1.4x    
frame= 6575 fps= 42 q=24.0 size=    4608KiB time=00:03:39.06 bitrate= 172.3kbits/s speed= 1.4x    
frame= 6589 fps= 42 q=24.0 size=    4608KiB time=00:03:39.53 bitrate= 172.0kbits/s speed=1.39x    
frame= 6606 fps= 42 q=24.0 size=    4608KiB time=00:03:40.09 bitrate= 171.5kbits/s speed=1.39x    
frame= 6619 fps= 42 q=24.0 size=    4608KiB time=00:03:40.53 bitrate= 171.2kbits/s speed=1.39x    
frame= 6632 fps= 42 q=24.0 size=    4608KiB time=00:03:40.96 bitrate= 170.8kbits/s speed=1.39x    
frame= 6650 fps= 42 q=24.0 size=    4608KiB time=00:03:41.56 bitrate= 170.4kbits/s speed=1.39x    
frame= 6673 fps= 42 q=24.0 size=    4608KiB time=00:03:42.33 bitrate= 169.8kbits/s speed=1.39x    
frame= 6692 fps= 42 q=24.0 size=    4608KiB time=00:03:42.96 bitrate= 169.3kbits/s speed=1.39x    
frame= 6706 fps= 42 q=24.0 size=    4608KiB time=00:03:43.43 bitrate= 169.0kbits/s speed=1.39x    
frame= 6722 fps= 42 q=24.0 size=    4608KiB time=00:03:43.96 bitrate= 168.5kbits/s speed=1.39x    
frame= 6740 fps= 42 q=24.0 size=    4608KiB time=00:03:44.56 bitrate= 168.1kbits/s speed=1.38x    
frame= 6755 fps= 42 q=24.0 size=    4608KiB time=00:03:45.06 bitrate= 167.7kbits/s speed=1.38x    
frame= 6773 fps= 42 q=24.0 size=    4608KiB time=00:03:45.66 bitrate= 167.3kbits/s speed=1.38x    
frame= 6792 fps= 41 q=24.0 size=    4608KiB time=00:03:46.29 bitrate= 166.8kbits/s speed=1.38x    
frame= 6809 fps= 41 q=24.0 size=    4608KiB time=00:03:46.86 bitrate= 166.4kbits/s speed=1.38x    
frame= 6827 fps= 41 q=24.0 size=    4608KiB time=00:03:47.46 bitrate= 166.0kbits/s speed=1.38x    
frame= 6845 fps= 41 q=24.0 size=    4608KiB time=00:03:48.06 bitrate= 165.5kbits/s speed=1.38x    
frame= 6865 fps= 41 q=24.0 size=    4608KiB time=00:03:48.73 bitrate= 165.0kbits/s speed=1.38x    
frame= 6881 fps= 41 q=24.0 size=    4864KiB time=N/A bitrate=N/A speed=N/A    
[mp4 @ 000002a727c32c40] Starting second pass: moving the moov atom to the beginning of the file
[out#0/mp4 @ 000002a7279a5e80] video:2415KiB audio:2509KiB subtitle:0KiB other streams:0KiB global headers:0KiB muxing overhead: 4.529569%
frame= 6935 fps= 42 q=-1.0 Lsize=    5147KiB time=00:03:51.06 bitrate= 182.5kbits/s speed=1.38x    
[libx264 @ 000002a727a557c0] frame I:30    Avg QP: 4.14  size: 54070
[libx264 @ 000002a727a557c0] frame P:1747  Avg QP:12.42  size:   261
[libx264 @ 000002a727a557c0] frame B:5158  Avg QP:14.07  size:    76
[libx264 @ 000002a727a557c0] consecutive B-frames:  0.8%  0.1%  0.1% 99.0%
[libx264 @ 000002a727a557c0] mb I  I16..4: 91.6%  0.7%  7.8%
[libx264 @ 000002a727a557c0] mb P  I16..4:  0.0%  0.0%  0.0%  P16..4:  0.1%  0.0%  0.0%  0.0%  0.0%    skip:99.9%
[libx264 @ 000002a727a557c0] mb B  I16..4:  0.0%  0.0%  0.0%  B16..8:  0.1%  0.0%  0.0%  direct: 0.0%  skip:99.9%  L0:58.6% L1:41.4% BI: 0.0%
[libx264 @ 000002a727a557c0] 8x8 transform intra:1.0% inter:3.5%
[libx264 @ 000002a727a557c0] coded y,uvDC,uvAC intra: 6.0% 9.5% 9.4% inter: 0.0% 0.0% 0.0%
[libx264 @ 000002a727a557c0] i16 v,h,dc,p: 89% 10%  2%  0%
[libx264 @ 000002a727a557c0] i8 v,h,dc,ddl,ddr,vr,hd,vl,hu: 37% 12% 45%  1%  0%  1%  0%  1%  1%
[libx264 @ 000002a727a557c0] i4 v,h,dc,ddl,ddr,vr,hd,vl,hu: 37% 20% 19%  2%  4%  5%  4%  4%  4%
[libx264 @ 000002a727a557c0] i8c dc,h,v,p: 75% 18%  6%  1%
[libx264 @ 000002a727a557c0] Weighted P-Frames: Y:0.0% UV:0.0%
[libx264 @ 000002a727a557c0] ref P L0: 90.4%  1.7%  7.2%  0.6%
[libx264 @ 000002a727a557c0] ref B L0: 44.5% 55.1%  0.5%
[libx264 @ 000002a727a557c0] ref B L1: 99.6%  0.4%
[libx264 @ 000002a727a557c0] kb/s:85.55
[aac @ 000002a727a56800] Qavg: 65507.445
