Input #0, png_pipe, from 'C:\Users\todda\Blue Nova Projects\Rebekahs Health Website\client-handoff\website-editing-instructions\05-blog-posts\blog-video-v1.1\deck-preview\slide-01.png':
  Duration: N/A, bitrate: N/A
  Stream #0:0: Video: png, rgba(pc, gbr/bt709/iec61966-2-1), 1920x1080 [SAR 2834:2834 DAR 16:9], 30 fps, 30 tbr, 30 tbn
Input #1, png_pipe, from 'C:\Users\todda\Blue Nova Projects\Rebekahs Health Website\client-handoff\website-editing-instructions\05-blog-posts\blog-video-v1.1\deck-preview\slide-02.png':
  Duration: N/A, bitrate: N/A
  Stream #1:0: Video: png, rgba(pc, gbr/bt709/iec61966-2-1), 1920x1080 [SAR 2834:2834 DAR 16:9], 30 fps, 30 tbr, 30 tbn
Input #2, png_pipe, from 'C:\Users\todda\Blue Nova Projects\Rebekahs Health Website\client-handoff\website-editing-instructions\05-blog-posts\blog-video-v1.1\deck-preview\slide-03.png':
  Duration: N/A, bitrate: N/A
  Stream #2:0: Video: png, rgba(pc, gbr/bt709/iec61966-2-1), 1920x1080 [SAR 2834:2834 DAR 16:9], 30 fps, 30 tbr, 30 tbn
Input #3, png_pipe, from 'C:\Users\todda\Blue Nova Projects\Rebekahs Health Website\client-handoff\website-editing-instructions\05-blog-posts\blog-video-v1.1\deck-preview\slide-04.png':
  Duration: N/A, bitrate: N/A
  Stream #3:0: Video: png, rgba(pc, gbr/bt709/iec61966-2-1), 1920x1080 [SAR 2834:2834 DAR 16:9], 30 fps, 30 tbr, 30 tbn
Input #4, png_pipe, from 'C:\Users\todda\Blue Nova Projects\Rebekahs Health Website\client-handoff\website-editing-instructions\05-blog-posts\blog-video-v1.1\deck-preview\slide-05.png':
  Duration: N/A, bitrate: N/A
  Stream #4:0: Video: png, rgba(pc, gbr/bt709/iec61966-2-1), 1920x1080 [SAR 2834:2834 DAR 16:9], 30 fps, 30 tbr, 30 tbn
Input #5, png_pipe, from 'C:\Users\todda\Blue Nova Projects\Rebekahs Health Website\client-handoff\website-editing-instructions\05-blog-posts\blog-video-v1.1\deck-preview\slide-06.png':
  Duration: N/A, bitrate: N/A
  Stream #5:0: Video: png, rgba(pc, gbr/bt709/iec61966-2-1), 1920x1080 [SAR 2834:2834 DAR 16:9], 30 fps, 30 tbr, 30 tbn
Input #6, png_pipe, from 'C:\Users\todda\Blue Nova Projects\Rebekahs Health Website\client-handoff\website-editing-instructions\05-blog-posts\blog-video-v1.1\deck-preview\slide-07.png':
  Duration: N/A, bitrate: N/A
  Stream #6:0: Video: png, rgba(pc, gbr/bt709/iec61966-2-1), 1920x1080 [SAR 2834:2834 DAR 16:9], 30 fps, 30 tbr, 30 tbn
Input #7, png_pipe, from 'C:\Users\todda\Blue Nova Projects\Rebekahs Health Website\client-handoff\website-editing-instructions\05-blog-posts\blog-video-v1.1\deck-preview\slide-08.png':
  Duration: N/A, bitrate: N/A
  Stream #7:0: Video: png, rgba(pc, gbr/bt709/iec61966-2-1), 1920x1080 [SAR 2834:2834 DAR 16:9], 30 fps, 30 tbr, 30 tbn
Input #8, png_pipe, from 'C:\Users\todda\Blue Nova Projects\Rebekahs Health Website\client-handoff\website-editing-instructions\05-blog-posts\blog-video-v1.1\deck-preview\slide-09.png':
  Duration: N/A, bitrate: N/A
  Stream #8:0: Video: png, rgba(pc, gbr/bt709/iec61966-2-1), 1920x1080 [SAR 2834:2834 DAR 16:9], 30 fps, 30 tbr, 30 tbn
Input #9, png_pipe, from 'C:\Users\todda\Blue Nova Projects\Rebekahs Health Website\client-handoff\website-editing-instructions\05-blog-posts\blog-video-v1.1\deck-preview\slide-10.png':
  Duration: N/A, bitrate: N/A
  Stream #9:0: Video: png, rgba(pc, gbr/bt709/iec61966-2-1), 1920x1080 [SAR 2834:2834 DAR 16:9], 30 fps, 30 tbr, 30 tbn
Input #10, png_pipe, from 'C:\Users\todda\Blue Nova Projects\Rebekahs Health Website\client-handoff\website-editing-instructions\05-blog-posts\blog-video-v1.1\deck-preview\slide-11.png':
  Duration: N/A, bitrate: N/A
  Stream #10:0: Video: png, rgba(pc, gbr/bt709/iec61966-2-1), 1920x1080 [SAR 2834:2834 DAR 16:9], 30 fps, 30 tbr, 30 tbn
Input #11, png_pipe, from 'C:\Users\todda\Blue Nova Projects\Rebekahs Health Website\client-handoff\website-editing-instructions\05-blog-posts\blog-video-v1.1\deck-preview\slide-12.png':
  Duration: N/A, bitrate: N/A
  Stream #11:0: Video: png, rgba(pc, gbr/bt709/iec61966-2-1), 1920x1080 [SAR 2834:2834 DAR 16:9], 30 fps, 30 tbr, 30 tbn
Input #12, png_pipe, from 'C:\Users\todda\Blue Nova Projects\Rebekahs Health Website\client-handoff\website-editing-instructions\05-blog-posts\blog-video-v1.1\deck-preview\slide-13.png':
  Duration: N/A, bitrate: N/A
  Stream #12:0: Video: png, rgba(pc, gbr/bt709/iec61966-2-1), 1920x1080 [SAR 2834:2834 DAR 16:9], 30 fps, 30 tbr, 30 tbn
[aist#13:0/pcm_s16le @ 0000019029059f80] Guessed Channel Layout: mono
Input #13, wav, from 'C:\Users\todda\Blue Nova Projects\Rebekahs Health Website\client-handoff\website-editing-instructions\05-blog-posts\blog-video-v1.1\Blog-Editing-Narration-v1.1.wav':
  Duration: 00:03:48.83, bitrate: 352 kb/s
  Stream #13:0: Audio: pcm_s16le ([1][0][0][0] / 0x0001), 22050 Hz, mono, s16, 352 kb/s
Stream mapping:
  Stream #0:0 (png) -> scale:default
  Stream #1:0 (png) -> scale:default
  Stream #2:0 (png) -> scale:default
  Stream #3:0 (png) -> scale:default
  Stream #4:0 (png) -> scale:default
  Stream #5:0 (png) -> scale:default
  Stream #6:0 (png) -> scale:default
  Stream #7:0 (png) -> scale:default
  Stream #8:0 (png) -> scale:default
  Stream #9:0 (png) -> scale:default
  Stream #10:0 (png) -> scale:default
  Stream #11:0 (png) -> scale:default
  Stream #12:0 (png) -> scale:default
  concat:out:v0 -> Stream #0:0 (libx264)
  Stream #13:0 -> #0:1 (pcm_s16le (native) -> aac (native))
Press [q] to stop, [?] for help
[aac @ 000001902cdc66c0] Too many bits 8916.462585 > 6144 per frame requested, clamping to max
[libx264 @ 000001902d324840] using SAR=1/1
[libx264 @ 000001902d324840] MB rate (8160000000) > level limit (16711680)
[libx264 @ 000001902d324840] using cpu capabilities: MMX2 SSE2Fast SSSE3 SSE4.2 AVX FMA3 BMI2 AVX2 AVX512
[libx264 @ 000001902d324840] profile High, level 6.2, 4:2:0, 8-bit
[libx264 @ 000001902d324840] 264 - core 164 r3192 c24e06c - H.264/MPEG-4 AVC codec - Copyleft 2003-2024 - http://www.videolan.org/x264.html - options: cabac=1 ref=3 deblock=1:0:0 analyse=0x3:0x113 me=hex subme=7 psy=1 psy_rd=1.00:0.00 mixed_ref=1 me_range=16 chroma_me=1 trellis=1 8x8dct=1 cqm=0 deadzone=21,11 fast_pskip=1 chroma_qp_offset=-2 threads=12 lookahead_threads=2 sliced_threads=0 nr=0 decimate=1 interlaced=0 bluray_compat=0 constrained_intra=0 bframes=3 b_pyramid=2 b_adapt=1 b_bias=0 direct=1 weightb=1 open_gop=0 weightp=2 keyint=250 keyint_min=25 scenecut=40 intra_refresh=0 rc_lookahead=40 rc=crf mbtree=1 crf=18.0 qcomp=0.60 qpmin=0 qpmax=69 qpstep=4 ip_ratio=1.40 aq=1:1.00
Output #0, mp4, to 'C:\Users\todda\Blue Nova Projects\Rebekahs Health Website\client-handoff\website-editing-instructions\05-blog-posts\blog-video-v1.1\How-to-Create-or-Update-a-Blog-Post-v1.1.mp4':
  Metadata:
    encoder         : Lavf61.7.100
  Stream #0:0: Video: h264 (avc1 / 0x31637661), yuv420p(tv, unknown/bt709/iec61966-2-1, progressive), 1920x1080 [SAR 1:1 DAR 16:9], q=2-31, 1000k tbn
      Metadata:
        encoder         : Lavc61.19.100 libx264
      Side data:
        cpb: bitrate max/min/avg: 0/0/0 buffer size: 0 vbv_delay: N/A
  Stream #0:1: Audio: aac (LC) (mp4a / 0x6134706D), 22050 Hz, mono, fltp, 132 kb/s
      Metadata:
        encoder         : Lavc61.19.100 aac
frame=    0 fps=0.0 q=0.0 size=       0KiB time=N/A bitrate=N/A speed=N/A    
frame=    0 fps=0.0 q=0.0 size=       0KiB time=N/A bitrate=N/A speed=N/A    
frame=   34 fps=8.5 q=24.0 size=       0KiB time=00:00:01.03 bitrate=   0.4kbits/s speed=0.259x    
frame=   64 fps= 14 q=24.0 size=       0KiB time=00:00:02.03 bitrate=   0.2kbits/s speed=0.45x    
frame=   95 fps= 19 q=24.0 size=       0KiB time=00:00:03.06 bitrate=   0.1kbits/s speed=0.604x    
frame=  121 fps= 21 q=24.0 size=       0KiB time=00:00:03.93 bitrate=   0.1kbits/s speed=0.698x    
frame=  135 fps= 22 q=24.0 size=       0KiB time=00:00:04.40 bitrate=   0.1kbits/s speed=0.715x    
frame=  166 fps= 24 q=24.0 size=       0KiB time=00:00:05.43 bitrate=   0.1kbits/s speed=0.794x    
frame=  189 fps= 25 q=24.0 size=       0KiB time=00:00:06.20 bitrate=   0.1kbits/s speed=0.833x    
frame=  204 fps= 25 q=24.0 size=       0KiB time=00:00:06.70 bitrate=   0.1kbits/s speed=0.837x    
frame=  234 fps= 27 q=24.0 size=       0KiB time=00:00:07.70 bitrate=   0.0kbits/s speed=0.894x    
frame=  250 fps= 27 q=24.0 size=       0KiB time=00:00:08.23 bitrate=   0.0kbits/s speed=0.899x    
frame=  276 fps= 28 q=24.0 size=       0KiB time=00:00:09.10 bitrate=   0.0kbits/s speed=0.939x    
frame=  310 fps= 30 q=24.0 size=       0KiB time=00:00:10.26 bitrate=   0.0kbits/s speed=0.999x    
frame=  328 fps= 30 q=24.0 size=     256KiB time=00:00:10.83 bitrate= 193.6kbits/s speed=0.997x    
frame=  352 fps= 31 q=24.0 size=     256KiB time=00:00:11.63 bitrate= 180.3kbits/s speed=1.01x    
frame=  378 fps= 31 q=24.0 size=     256KiB time=00:00:12.50 bitrate= 167.8kbits/s speed=1.03x    
frame=  402 fps= 31 q=24.0 size=     256KiB time=00:00:13.30 bitrate= 157.7kbits/s speed=1.04x    
frame=  419 fps= 31 q=24.0 size=     256KiB time=00:00:13.86 bitrate= 151.3kbits/s speed=1.03x    
frame=  442 fps= 31 q=24.0 size=     256KiB time=00:00:14.63 bitrate= 143.3kbits/s speed=1.03x    
frame=  459 fps= 31 q=24.0 size=     256KiB time=00:00:15.20 bitrate= 138.0kbits/s speed=1.02x    
frame=  481 fps= 31 q=24.0 size=     256KiB time=00:00:15.93 bitrate= 131.6kbits/s speed=1.03x    
frame=  506 fps= 31 q=24.0 size=     256KiB time=00:00:16.76 bitrate= 125.1kbits/s speed=1.04x    
frame=  528 fps= 32 q=24.0 size=     256KiB time=00:00:17.50 bitrate= 119.9kbits/s speed=1.05x    
frame=  554 fps= 32 q=24.0 size=     256KiB time=00:00:18.36 bitrate= 114.2kbits/s speed=1.07x    
frame=  586 fps= 33 q=24.0 size=     256KiB time=00:00:19.43 bitrate= 107.9kbits/s speed=1.09x    
frame=  610 fps= 33 q=24.0 size=     256KiB time=00:00:20.23 bitrate= 103.7kbits/s speed= 1.1x    
frame=  629 fps= 33 q=24.0 size=     256KiB time=00:00:20.86 bitrate= 100.5kbits/s speed= 1.1x    
frame=  651 fps= 33 q=24.0 size=     256KiB time=00:00:21.59 bitrate=  97.1kbits/s speed= 1.1x    
frame=  675 fps= 34 q=24.0 size=     512KiB time=00:00:22.39 bitrate= 187.3kbits/s speed=1.11x    
frame=  699 fps= 34 q=24.0 size=     512KiB time=00:00:23.19 bitrate= 180.8kbits/s speed=1.12x    
frame=  722 fps= 34 q=24.0 size=     512KiB time=00:00:23.99 bitrate= 174.8kbits/s speed=1.13x    
frame=  755 fps= 35 q=24.0 size=     512KiB time=00:00:25.06 bitrate= 167.3kbits/s speed=1.16x    
frame=  774 fps= 35 q=24.0 size=     512KiB time=00:00:25.69 bitrate= 163.2kbits/s speed=1.16x    
frame=  800 fps= 35 q=24.0 size=     512KiB time=00:00:26.56 bitrate= 157.9kbits/s speed=1.17x    
frame=  826 fps= 36 q=24.0 size=     512KiB time=00:00:27.43 bitrate= 152.9kbits/s speed=1.18x    
frame=  848 fps= 36 q=24.0 size=     512KiB time=00:00:28.19 bitrate= 148.7kbits/s speed=1.19x    
frame=  868 fps= 36 q=24.0 size=     512KiB time=00:00:28.83 bitrate= 145.5kbits/s speed=1.19x    
frame=  901 fps= 36 q=24.0 size=     512KiB time=00:00:29.90 bitrate= 140.3kbits/s speed=1.21x    
frame=  929 fps= 37 q=24.0 size=     512KiB time=00:00:30.86 bitrate= 135.9kbits/s speed=1.22x    
frame=  948 fps= 37 q=24.0 size=     512KiB time=00:00:31.53 bitrate= 133.0kbits/s speed=1.22x    
frame=  973 fps= 37 q=24.0 size=     512KiB time=00:00:32.33 bitrate= 129.7kbits/s speed=1.23x    
frame= 1001 fps= 37 q=24.0 size=     512KiB time=00:00:33.26 bitrate= 126.1kbits/s speed=1.24x    
frame= 1029 fps= 38 q=24.0 size=     512KiB time=00:00:34.19 bitrate= 122.7kbits/s speed=1.25x    
frame= 1051 fps= 38 q=24.0 size=     512KiB time=00:00:34.93 bitrate= 120.1kbits/s speed=1.25x    
frame= 1073 fps= 38 q=24.0 size=     512KiB time=00:00:35.66 bitrate= 117.6kbits/s speed=1.26x    
frame= 1101 fps= 38 q=24.0 size=     512KiB time=00:00:36.59 bitrate= 114.6kbits/s speed=1.27x    
frame= 1126 fps= 38 q=24.0 size=     512KiB time=00:00:37.43 bitrate= 112.1kbits/s speed=1.27x    
frame= 1147 fps= 38 q=24.0 size=     768KiB time=00:00:38.13 bitrate= 165.0kbits/s speed=1.27x    
frame= 1174 fps= 39 q=24.0 size=     768KiB time=00:00:39.03 bitrate= 161.2kbits/s speed=1.28x    
frame= 1199 fps= 39 q=24.0 size=     768KiB time=00:00:39.86 bitrate= 157.8kbits/s speed=1.29x    
frame= 1223 fps= 39 q=24.0 size=     768KiB time=00:00:40.66 bitrate= 154.7kbits/s speed=1.29x    
frame= 1247 fps= 39 q=24.0 size=     768KiB time=00:00:41.46 bitrate= 151.7kbits/s speed= 1.3x    
frame= 1279 fps= 39 q=24.0 size=     768KiB time=00:00:42.53 bitrate= 147.9kbits/s speed=1.31x    
frame= 1299 fps= 39 q=24.0 size=     768KiB time=00:00:43.26 bitrate= 145.4kbits/s speed=1.31x    
frame= 1331 fps= 40 q=24.0 size=     768KiB time=00:00:44.26 bitrate= 142.1kbits/s speed=1.32x    
frame= 1355 fps= 40 q=24.0 size=     768KiB time=00:00:45.06 bitrate= 139.6kbits/s speed=1.32x    
frame= 1374 fps= 40 q=24.0 size=     768KiB time=00:00:45.76 bitrate= 137.5kbits/s speed=1.32x    
frame= 1405 fps= 40 q=24.0 size=     768KiB time=00:00:46.73 bitrate= 134.6kbits/s speed=1.33x    
frame= 1435 fps= 40 q=24.0 size=     768KiB time=00:00:47.73 bitrate= 131.8kbits/s speed=1.34x    
frame= 1461 fps= 40 q=24.0 size=     768KiB time=00:00:48.59 bitrate= 129.5kbits/s speed=1.35x    
frame= 1488 fps= 41 q=24.0 size=    1024KiB time=00:00:49.53 bitrate= 169.4kbits/s speed=1.35x    
frame= 1516 fps= 41 q=24.0 size=    1024KiB time=00:00:50.43 bitrate= 166.3kbits/s speed=1.36x    
frame= 1541 fps= 41 q=24.0 size=    1024KiB time=00:00:51.26 bitrate= 163.6kbits/s speed=1.36x    
frame= 1565 fps= 41 q=24.0 size=    1024KiB time=00:00:52.06 bitrate= 161.1kbits/s speed=1.36x    
frame= 1593 fps= 41 q=24.0 size=    1024KiB time=00:00:52.99 bitrate= 158.3kbits/s speed=1.37x    
frame= 1617 fps= 41 q=24.0 size=    1024KiB time=00:00:53.79 bitrate= 155.9kbits/s speed=1.37x    
frame= 1629 fps= 41 q=24.0 size=    1024KiB time=00:00:54.19 bitrate= 154.8kbits/s speed=1.36x    
frame= 1648 fps= 41 q=24.0 size=    1024KiB time=00:00:54.83 bitrate= 153.0kbits/s speed=1.36x    
frame= 1673 fps= 41 q=24.0 size=    1024KiB time=00:00:55.69 bitrate= 150.6kbits/s speed=1.37x    
frame= 1694 fps= 41 q=24.0 size=    1024KiB time=00:00:56.36 bitrate= 148.8kbits/s speed=1.37x    
frame= 1718 fps= 41 q=24.0 size=    1024KiB time=00:00:57.16 bitrate= 146.7kbits/s speed=1.37x    
frame= 1737 fps= 41 q=24.0 size=    1024KiB time=00:00:57.79 bitrate= 145.1kbits/s speed=1.37x    
frame= 1765 fps= 41 q=24.0 size=    1024KiB time=00:00:58.73 bitrate= 142.8kbits/s speed=1.37x    
frame= 1790 fps= 41 q=24.0 size=    1024KiB time=00:00:59.56 bitrate= 140.8kbits/s speed=1.37x    
frame= 1810 fps= 41 q=24.0 size=    1024KiB time=00:01:00.23 bitrate= 139.3kbits/s speed=1.37x    
frame= 1829 fps= 41 q=24.0 size=    1024KiB time=00:01:00.86 bitrate= 137.8kbits/s speed=1.37x    
frame= 1856 fps= 41 q=24.0 size=    1280KiB time=00:01:01.76 bitrate= 169.8kbits/s speed=1.38x    
frame= 1873 fps= 41 q=24.0 size=    1280KiB time=00:01:02.33 bitrate= 168.2kbits/s speed=1.37x    
frame= 1901 fps= 41 q=24.0 size=    1280KiB time=00:01:03.26 bitrate= 165.7kbits/s speed=1.38x    
frame= 1921 fps= 41 q=24.0 size=    1280KiB time=00:01:03.96 bitrate= 163.9kbits/s speed=1.38x    
frame= 1946 fps= 41 q=24.0 size=    1280KiB time=00:01:04.76 bitrate= 161.9kbits/s speed=1.38x    
frame= 1970 fps= 42 q=24.0 size=    1280KiB time=00:01:05.56 bitrate= 159.9kbits/s speed=1.38x    
frame= 1993 fps= 42 q=24.0 size=    1280KiB time=00:01:06.33 bitrate= 158.1kbits/s speed=1.38x    
frame= 2021 fps= 42 q=24.0 size=    1280KiB time=00:01:07.26 bitrate= 155.9kbits/s speed=1.39x    
frame= 2041 fps= 42 q=24.0 size=    1280KiB time=00:01:07.93 bitrate= 154.4kbits/s speed=1.39x    
frame= 2060 fps= 42 q=24.0 size=    1280KiB time=00:01:08.56 bitrate= 152.9kbits/s speed=1.38x    
frame= 2086 fps= 42 q=24.0 size=    1280KiB time=00:01:09.43 bitrate= 151.0kbits/s speed=1.39x    
frame= 2113 fps= 42 q=24.0 size=    1280KiB time=00:01:10.33 bitrate= 149.1kbits/s speed=1.39x    
frame= 2129 fps= 42 q=24.0 size=    1280KiB time=00:01:10.86 bitrate= 148.0kbits/s speed=1.39x    
frame= 2146 fps= 42 q=24.0 size=    1536KiB time=00:01:11.43 bitrate= 176.2kbits/s speed=1.38x    
frame= 2175 fps= 42 q=24.0 size=    1536KiB time=00:01:12.39 bitrate= 173.8kbits/s speed=1.39x    
frame= 2195 fps= 42 q=24.0 size=    1536KiB time=00:01:13.06 bitrate= 172.2kbits/s speed=1.39x    
frame= 2222 fps= 42 q=24.0 size=    1536KiB time=00:01:13.96 bitrate= 170.1kbits/s speed=1.39x    
frame= 2244 fps= 42 q=24.0 size=    1536KiB time=00:01:14.69 bitrate= 168.5kbits/s speed=1.39x    
frame= 2261 fps= 42 q=24.0 size=    1536KiB time=00:01:15.26 bitrate= 167.2kbits/s speed=1.39x    
frame= 2285 fps= 42 q=24.0 size=    1536KiB time=00:01:16.06 bitrate= 165.4kbits/s speed=1.39x    
frame= 2306 fps= 42 q=24.0 size=    1536KiB time=00:01:16.76 bitrate= 163.9kbits/s speed=1.39x    
frame= 2331 fps= 42 q=24.0 size=    1536KiB time=00:01:17.59 bitrate= 162.2kbits/s speed=1.39x    
frame= 2355 fps= 42 q=24.0 size=    1536KiB time=00:01:18.43 bitrate= 160.4kbits/s speed= 1.4x    
frame= 2379 fps= 42 q=24.0 size=    1536KiB time=00:01:19.19 bitrate= 158.9kbits/s speed= 1.4x    
frame= 2401 fps= 42 q=24.0 size=    1536KiB time=00:01:19.93 bitrate= 157.4kbits/s speed= 1.4x    
frame= 2425 fps= 42 q=24.0 size=    1536KiB time=00:01:20.73 bitrate= 155.9kbits/s speed= 1.4x    
frame= 2445 fps= 42 q=24.0 size=    1536KiB time=00:01:21.39 bitrate= 154.6kbits/s speed= 1.4x    
frame= 2472 fps= 42 q=24.0 size=    1536KiB time=00:01:22.29 bitrate= 152.9kbits/s speed= 1.4x    
frame= 2499 fps= 42 q=24.0 size=    1792KiB time=00:01:23.19 bitrate= 176.4kbits/s speed= 1.4x    
frame= 2525 fps= 42 q=24.0 size=    1792KiB time=00:01:24.06 bitrate= 174.6kbits/s speed=1.41x    
frame= 2550 fps= 42 q=24.0 size=    1792KiB time=00:01:24.89 bitrate= 172.9kbits/s speed=1.41x    
frame= 2571 fps= 42 q=24.0 size=    1792KiB time=00:01:25.59 bitrate= 171.5kbits/s speed=1.41x    
frame= 2596 fps= 42 q=24.0 size=    1792KiB time=00:01:26.43 bitrate= 169.8kbits/s speed=1.41x    
frame= 2617 fps= 42 q=24.0 size=    1792KiB time=00:01:27.13 bitrate= 168.5kbits/s speed=1.41x    
frame= 2642 fps= 42 q=24.0 size=    1792KiB time=00:01:27.99 bitrate= 166.8kbits/s speed=1.41x    
frame= 2670 fps= 42 q=24.0 size=    1792KiB time=00:01:28.93 bitrate= 165.1kbits/s speed=1.41x    
frame= 2693 fps= 42 q=24.0 size=    1792KiB time=00:01:29.66 bitrate= 163.7kbits/s speed=1.41x    
frame= 2711 fps= 42 q=24.0 size=    1792KiB time=00:01:30.26 bitrate= 162.6kbits/s speed=1.41x    
frame= 2736 fps= 42 q=24.0 size=    1792KiB time=00:01:31.13 bitrate= 161.1kbits/s speed=1.41x    
frame= 2759 fps= 42 q=24.0 size=    1792KiB time=00:01:31.86 bitrate= 159.8kbits/s speed=1.41x    
frame= 2782 fps= 42 q=24.0 size=    1792KiB time=00:01:32.66 bitrate= 158.4kbits/s speed=1.41x    
frame= 2807 fps= 43 q=24.0 size=    1792KiB time=00:01:33.46 bitrate= 157.1kbits/s speed=1.42x    
frame= 2826 fps= 42 q=24.0 size=    1792KiB time=00:01:34.09 bitrate= 156.0kbits/s speed=1.41x    
frame= 2850 fps= 43 q=24.0 size=    1792KiB time=00:01:34.89 bitrate= 154.7kbits/s speed=1.42x    
frame= 2869 fps= 42 q=21.0 size=    1792KiB time=00:01:35.53 bitrate= 153.7kbits/s speed=1.41x    
frame= 2894 fps= 43 q=24.0 size=    2048KiB time=00:01:36.36 bitrate= 174.1kbits/s speed=1.42x    
frame= 2917 fps= 43 q=24.0 size=    2048KiB time=00:01:37.13 bitrate= 172.7kbits/s speed=1.42x    
frame= 2944 fps= 43 q=24.0 size=    2048KiB time=00:01:38.03 bitrate= 171.1kbits/s speed=1.42x    
frame= 2958 fps= 42 q=24.0 size=    2048KiB time=00:01:38.49 bitrate= 170.3kbits/s speed=1.41x    
frame= 2983 fps= 43 q=24.0 size=    2048KiB time=00:01:39.36 bitrate= 168.8kbits/s speed=1.42x    
frame= 3009 fps= 43 q=24.0 size=    2048KiB time=00:01:40.19 bitrate= 167.4kbits/s speed=1.42x    
frame= 3031 fps= 43 q=24.0 size=    2048KiB time=00:01:40.93 bitrate= 166.2kbits/s speed=1.42x    
frame= 3055 fps= 43 q=24.0 size=    2048KiB time=00:01:41.73 bitrate= 164.9kbits/s speed=1.42x    
frame= 3079 fps= 43 q=24.0 size=    2048KiB time=00:01:42.53 bitrate= 163.6kbits/s speed=1.42x    
frame= 3102 fps= 43 q=24.0 size=    2048KiB time=00:01:43.29 bitrate= 162.4kbits/s speed=1.42x    
frame= 3118 fps= 43 q=24.0 size=    2048KiB time=00:01:43.83 bitrate= 161.6kbits/s speed=1.42x    
frame= 3135 fps= 43 q=24.0 size=    2048KiB time=00:01:44.43 bitrate= 160.7kbits/s speed=1.42x    
frame= 3162 fps= 43 q=24.0 size=    2048KiB time=00:01:45.33 bitrate= 159.3kbits/s speed=1.42x    
frame= 3186 fps= 43 q=24.0 size=    2048KiB time=00:01:46.09 bitrate= 158.1kbits/s speed=1.42x    
frame= 3210 fps= 43 q=24.0 size=    2304KiB time=00:01:46.89 bitrate= 176.6kbits/s speed=1.42x    
frame= 3235 fps= 43 q=24.0 size=    2304KiB time=00:01:47.73 bitrate= 175.2kbits/s speed=1.42x    
frame= 3254 fps= 43 q=24.0 size=    2304KiB time=00:01:48.36 bitrate= 174.2kbits/s speed=1.42x    
frame= 3275 fps= 43 q=24.0 size=    2304KiB time=00:01:49.06 bitrate= 173.1kbits/s speed=1.42x    
frame= 3295 fps= 43 q=24.0 size=    2304KiB time=00:01:49.79 bitrate= 171.9kbits/s speed=1.42x    
frame= 3311 fps= 43 q=24.0 size=    2304KiB time=00:01:50.26 bitrate= 171.2kbits/s speed=1.42x    
frame= 3335 fps= 43 q=24.0 size=    2304KiB time=00:01:51.06 bitrate= 169.9kbits/s speed=1.42x    
frame= 3355 fps= 43 q=24.0 size=    2304KiB time=00:01:51.76 bitrate= 168.9kbits/s speed=1.42x    
frame= 3373 fps= 42 q=24.0 size=    2304KiB time=00:01:52.33 bitrate= 168.0kbits/s speed=1.41x    
frame= 3394 fps= 42 q=24.0 size=    2304KiB time=00:01:53.03 bitrate= 167.0kbits/s speed=1.41x    
frame= 3423 fps= 43 q=24.0 size=    2304KiB time=00:01:53.99 bitrate= 165.6kbits/s speed=1.42x    
frame= 3446 fps= 43 q=24.0 size=    2304KiB time=00:01:54.76 bitrate= 164.5kbits/s speed=1.42x    
frame= 3461 fps= 42 q=24.0 size=    2304KiB time=00:01:55.26 bitrate= 163.7kbits/s speed=1.41x    
frame= 3481 fps= 42 q=24.0 size=    2304KiB time=00:01:55.93 bitrate= 162.8kbits/s speed=1.41x    
frame= 3503 fps= 42 q=24.0 size=    2304KiB time=00:01:56.66 bitrate= 161.8kbits/s speed=1.41x    
frame= 3521 fps= 42 q=24.0 size=    2304KiB time=00:01:57.26 bitrate= 161.0kbits/s speed=1.41x    
frame= 3541 fps= 42 q=24.0 size=    2304KiB time=00:01:57.93 bitrate= 160.0kbits/s speed=1.41x    
frame= 3565 fps= 42 q=24.0 size=    2304KiB time=00:01:58.73 bitrate= 159.0kbits/s speed=1.41x    
frame= 3590 fps= 42 q=24.0 size=    2304KiB time=00:01:59.56 bitrate= 157.9kbits/s speed=1.41x    
frame= 3613 fps= 42 q=24.0 size=    2304KiB time=00:02:00.33 bitrate= 156.9kbits/s speed=1.41x    
frame= 3635 fps= 42 q=24.0 size=    2560KiB time=00:02:01.06 bitrate= 173.2kbits/s speed=1.41x    
frame= 3655 fps= 42 q=24.0 size=    2560KiB time=00:02:01.76 bitrate= 172.2kbits/s speed=1.41x    
frame= 3679 fps= 42 q=24.0 size=    2560KiB time=00:02:02.53 bitrate= 171.2kbits/s speed=1.41x    
frame= 3699 fps= 42 q=24.0 size=    2560KiB time=00:02:03.19 bitrate= 170.2kbits/s speed=1.41x    
frame= 3724 fps= 42 q=24.0 size=    2560KiB time=00:02:04.06 bitrate= 169.0kbits/s speed=1.42x    
frame= 3755 fps= 43 q=24.0 size=    2560KiB time=00:02:05.06 bitrate= 167.7kbits/s speed=1.42x    
frame= 3782 fps= 43 q=24.0 size=    2560KiB time=00:02:05.96 bitrate= 166.5kbits/s speed=1.42x    
frame= 3801 fps= 43 q=24.0 size=    2560KiB time=00:02:06.59 bitrate= 165.7kbits/s speed=1.42x    
frame= 3821 fps= 43 q=24.0 size=    2560KiB time=00:02:07.26 bitrate= 164.8kbits/s speed=1.42x    
frame= 3843 fps= 43 q=24.0 size=    2560KiB time=00:02:07.99 bitrate= 163.8kbits/s speed=1.42x    
frame= 3864 fps= 43 q=24.0 size=    2560KiB time=00:02:08.69 bitrate= 163.0kbits/s speed=1.42x    
frame= 3884 fps= 43 q=24.0 size=    2560KiB time=00:02:09.39 bitrate= 162.1kbits/s speed=1.42x    
frame= 3910 fps= 43 q=24.0 size=    2560KiB time=00:02:10.23 bitrate= 161.0kbits/s speed=1.42x    
frame= 3935 fps= 43 q=24.0 size=    2560KiB time=00:02:11.06 bitrate= 160.0kbits/s speed=1.42x    
frame= 3964 fps= 43 q=24.0 size=    2816KiB time=00:02:12.03 bitrate= 174.7kbits/s speed=1.42x    
frame= 3978 fps= 43 q=24.0 size=    2816KiB time=00:02:12.49 bitrate= 174.1kbits/s speed=1.42x    
frame= 4004 fps= 43 q=24.0 size=    2816KiB time=00:02:13.36 bitrate= 173.0kbits/s speed=1.42x    
frame= 4026 fps= 43 q=24.0 size=    2816KiB time=00:02:14.09 bitrate= 172.0kbits/s speed=1.42x    
frame= 4046 fps= 43 q=24.0 size=    2816KiB time=00:02:14.76 bitrate= 171.2kbits/s speed=1.42x    
frame= 4064 fps= 43 q=24.0 size=    2816KiB time=00:02:15.36 bitrate= 170.4kbits/s speed=1.42x    
frame= 4084 fps= 43 q=24.0 size=    2816KiB time=00:02:16.06 bitrate= 169.5kbits/s speed=1.42x    
frame= 4105 fps= 43 q=24.0 size=    2816KiB time=00:02:16.73 bitrate= 168.7kbits/s speed=1.42x    
frame= 4135 fps= 43 q=24.0 size=    2816KiB time=00:02:17.73 bitrate= 167.5kbits/s speed=1.42x    
frame= 4163 fps= 43 q=24.0 size=    2816KiB time=00:02:18.66 bitrate= 166.4kbits/s speed=1.42x    
frame= 4190 fps= 43 q=24.0 size=    2816KiB time=00:02:19.56 bitrate= 165.3kbits/s speed=1.42x    
frame= 4217 fps= 43 q=24.0 size=    2816KiB time=00:02:20.46 bitrate= 164.2kbits/s speed=1.42x    
frame= 4241 fps= 43 q=24.0 size=    2816KiB time=00:02:21.26 bitrate= 163.3kbits/s speed=1.42x    
frame= 4267 fps= 43 q=24.0 size=    2816KiB time=00:02:22.13 bitrate= 162.3kbits/s speed=1.42x    
frame= 4295 fps= 43 q=24.0 size=    2816KiB time=00:02:23.03 bitrate= 161.3kbits/s speed=1.42x    
frame= 4321 fps= 43 q=24.0 size=    2816KiB time=00:02:23.93 bitrate= 160.3kbits/s speed=1.43x    
frame= 4351 fps= 43 q=24.0 size=    3072KiB time=00:02:24.93 bitrate= 173.6kbits/s speed=1.43x    
frame= 4377 fps= 43 q=24.0 size=    3072KiB time=00:02:25.79 bitrate= 172.6kbits/s speed=1.43x    
frame= 4407 fps= 43 q=24.0 size=    3072KiB time=00:02:26.79 bitrate= 171.4kbits/s speed=1.43x    
frame= 4436 fps= 43 q=24.0 size=    3072KiB time=00:02:27.76 bitrate= 170.3kbits/s speed=1.43x    
frame= 4465 fps= 43 q=24.0 size=    3072KiB time=00:02:28.73 bitrate= 169.2kbits/s speed=1.43x    
frame= 4489 fps= 43 q=24.0 size=    3072KiB time=00:02:29.53 bitrate= 168.3kbits/s speed=1.43x    
frame= 4518 fps= 43 q=24.0 size=    3072KiB time=00:02:30.49 bitrate= 167.2kbits/s speed=1.43x    
frame= 4539 fps= 43 q=24.0 size=    3072KiB time=00:02:31.19 bitrate= 166.4kbits/s speed=1.43x    
frame= 4565 fps= 43 q=24.0 size=    3072KiB time=00:02:32.06 bitrate= 165.5kbits/s speed=1.43x    
frame= 4595 fps= 43 q=24.0 size=    3072KiB time=00:02:33.03 bitrate= 164.4kbits/s speed=1.44x    
frame= 4618 fps= 43 q=24.0 size=    3072KiB time=00:02:33.83 bitrate= 163.6kbits/s speed=1.44x    
frame= 4641 fps= 43 q=24.0 size=    3072KiB time=00:02:34.59 bitrate= 162.8kbits/s speed=1.44x    
frame= 4675 fps= 43 q=24.0 size=    3072KiB time=00:02:35.73 bitrate= 161.6kbits/s speed=1.44x    
frame= 4696 fps= 43 q=24.0 size=    3328KiB time=00:02:36.43 bitrate= 174.3kbits/s speed=1.44x    
frame= 4719 fps= 43 q=24.0 size=    3328KiB time=00:02:37.19 bitrate= 173.4kbits/s speed=1.44x    
frame= 4748 fps= 43 q=24.0 size=    3328KiB time=00:02:38.16 bitrate= 172.4kbits/s speed=1.44x    
frame= 4770 fps= 43 q=24.0 size=    3328KiB time=00:02:38.89 bitrate= 171.6kbits/s speed=1.44x    
frame= 4799 fps= 43 q=24.0 size=    3328KiB time=00:02:39.86 bitrate= 170.5kbits/s speed=1.44x    
frame= 4819 fps= 43 q=24.0 size=    3328KiB time=00:02:40.53 bitrate= 169.8kbits/s speed=1.44x    
frame= 4844 fps= 43 q=24.0 size=    3328KiB time=00:02:41.36 bitrate= 169.0kbits/s speed=1.44x    
frame= 4868 fps= 43 q=24.0 size=    3328KiB time=00:02:42.16 bitrate= 168.1kbits/s speed=1.44x    
frame= 4892 fps= 43 q=24.0 size=    3328KiB time=00:02:42.96 bitrate= 167.3kbits/s speed=1.44x    
frame= 4917 fps= 43 q=24.0 size=    3328KiB time=00:02:43.79 bitrate= 166.4kbits/s speed=1.44x    
frame= 4935 fps= 43 q=24.0 size=    3328KiB time=00:02:44.39 bitrate= 165.8kbits/s speed=1.44x    
frame= 4957 fps= 43 q=24.0 size=    3328KiB time=00:02:45.13 bitrate= 165.1kbits/s speed=1.44x    
frame= 4985 fps= 43 q=24.0 size=    3328KiB time=00:02:46.06 bitrate= 164.2kbits/s speed=1.44x    
frame= 5013 fps= 43 q=24.0 size=    3328KiB time=00:02:46.99 bitrate= 163.3kbits/s speed=1.44x    
frame= 5038 fps= 43 q=24.0 size=    3328KiB time=00:02:47.83 bitrate= 162.4kbits/s speed=1.44x    
frame= 5065 fps= 43 q=24.0 size=    3328KiB time=00:02:48.73 bitrate= 161.6kbits/s speed=1.44x    
frame= 5084 fps= 43 q=24.0 size=    3328KiB time=00:02:49.36 bitrate= 161.0kbits/s speed=1.44x    
frame= 5103 fps= 43 q=24.0 size=    3328KiB time=00:02:49.99 bitrate= 160.4kbits/s speed=1.44x    
frame= 5118 fps= 43 q=24.0 size=    3584KiB time=00:02:50.49 bitrate= 172.2kbits/s speed=1.44x    
frame= 5147 fps= 43 q=24.0 size=    3584KiB time=00:02:51.46 bitrate= 171.2kbits/s speed=1.44x    
frame= 5176 fps= 43 q=24.0 size=    3584KiB time=00:02:52.43 bitrate= 170.3kbits/s speed=1.44x    
frame= 5203 fps= 43 q=24.0 size=    3584KiB time=00:02:53.33 bitrate= 169.4kbits/s speed=1.44x    
frame= 5224 fps= 43 q=24.0 size=    3584KiB time=00:02:54.03 bitrate= 168.7kbits/s speed=1.44x    
frame= 5251 fps= 43 q=24.0 size=    3584KiB time=00:02:54.93 bitrate= 167.8kbits/s speed=1.44x    
frame= 5275 fps= 43 q=24.0 size=    3584KiB time=00:02:55.73 bitrate= 167.1kbits/s speed=1.44x    
frame= 5298 fps= 43 q=24.0 size=    3584KiB time=00:02:56.49 bitrate= 166.3kbits/s speed=1.44x    
frame= 5325 fps= 43 q=24.0 size=    3584KiB time=00:02:57.39 bitrate= 165.5kbits/s speed=1.44x    
frame= 5343 fps= 43 q=24.0 size=    3584KiB time=00:02:57.99 bitrate= 164.9kbits/s speed=1.44x    
frame= 5368 fps= 43 q=24.0 size=    3584KiB time=00:02:58.83 bitrate= 164.2kbits/s speed=1.44x    
frame= 5394 fps= 43 q=24.0 size=    3584KiB time=00:02:59.69 bitrate= 163.4kbits/s speed=1.44x    
frame= 5422 fps= 43 q=24.0 size=    3584KiB time=00:03:00.63 bitrate= 162.5kbits/s speed=1.44x    
frame= 5434 fps= 43 q=24.0 size=    3840KiB time=00:03:01.03 bitrate= 173.8kbits/s speed=1.44x    
frame= 5457 fps= 43 q=24.0 size=    3840KiB time=00:03:01.79 bitrate= 173.0kbits/s speed=1.44x    
frame= 5481 fps= 43 q=24.0 size=    3840KiB time=00:03:02.59 bitrate= 172.3kbits/s speed=1.44x    
frame= 5506 fps= 43 q=24.0 size=    3840KiB time=00:03:03.43 bitrate= 171.5kbits/s speed=1.44x    
frame= 5527 fps= 43 q=24.0 size=    3840KiB time=00:03:04.13 bitrate= 170.8kbits/s speed=1.44x    
frame= 5552 fps= 43 q=24.0 size=    3840KiB time=00:03:04.96 bitrate= 170.1kbits/s speed=1.44x    
frame= 5576 fps= 43 q=24.0 size=    3840KiB time=00:03:05.76 bitrate= 169.3kbits/s speed=1.44x    
frame= 5596 fps= 43 q=24.0 size=    3840KiB time=00:03:06.43 bitrate= 168.7kbits/s speed=1.44x    
frame= 5626 fps= 43 q=24.0 size=    3840KiB time=00:03:07.43 bitrate= 167.8kbits/s speed=1.44x    
frame= 5648 fps= 43 q=24.0 size=    3840KiB time=00:03:08.16 bitrate= 167.2kbits/s speed=1.44x    
frame= 5661 fps= 43 q=24.0 size=    3840KiB time=00:03:08.59 bitrate= 166.8kbits/s speed=1.44x    
frame= 5685 fps= 43 q=24.0 size=    3840KiB time=00:03:09.39 bitrate= 166.1kbits/s speed=1.44x    
frame= 5712 fps= 43 q=24.0 size=    3840KiB time=00:03:10.29 bitrate= 165.3kbits/s speed=1.44x    
frame= 5738 fps= 43 q=24.0 size=    3840KiB time=00:03:11.16 bitrate= 164.6kbits/s speed=1.44x    
frame= 5768 fps= 43 q=24.0 size=    3840KiB time=00:03:12.16 bitrate= 163.7kbits/s speed=1.44x    
frame= 5784 fps= 43 q=24.0 size=    3840KiB time=00:03:12.69 bitrate= 163.2kbits/s speed=1.44x    
frame= 5797 fps= 43 q=24.0 size=    4096KiB time=00:03:13.13 bitrate= 173.7kbits/s speed=1.43x    
frame= 5826 fps= 43 q=24.0 size=    4096KiB time=00:03:14.09 bitrate= 172.9kbits/s speed=1.44x    
frame= 5858 fps= 43 q=24.0 size=    4096KiB time=00:03:15.16 bitrate= 171.9kbits/s speed=1.44x    
frame= 5886 fps= 43 q=24.0 size=    4096KiB time=00:03:16.09 bitrate= 171.1kbits/s speed=1.44x    
frame= 5911 fps= 43 q=24.0 size=    4096KiB time=00:03:16.93 bitrate= 170.4kbits/s speed=1.44x    
frame= 5938 fps= 43 q=24.0 size=    4096KiB time=00:03:17.83 bitrate= 169.6kbits/s speed=1.44x    
frame= 5962 fps= 43 q=24.0 size=    4096KiB time=00:03:18.63 bitrate= 168.9kbits/s speed=1.44x    
frame= 5990 fps= 43 q=24.0 size=    4096KiB time=00:03:19.56 bitrate= 168.1kbits/s speed=1.44x    
frame= 6016 fps= 43 q=24.0 size=    4096KiB time=00:03:20.43 bitrate= 167.4kbits/s speed=1.44x    
frame= 6038 fps= 43 q=24.0 size=    4096KiB time=00:03:21.16 bitrate= 166.8kbits/s speed=1.44x    
frame= 6062 fps= 43 q=24.0 size=    4352KiB time=00:03:21.96 bitrate= 176.5kbits/s speed=1.44x    
frame= 6096 fps= 43 q=24.0 size=    4352KiB time=00:03:23.09 bitrate= 175.5kbits/s speed=1.44x    
frame= 6120 fps= 43 q=24.0 size=    4352KiB time=00:03:23.89 bitrate= 174.9kbits/s speed=1.44x    
frame= 6148 fps= 43 q=24.0 size=    4352KiB time=00:03:24.83 bitrate= 174.1kbits/s speed=1.44x    
frame= 6172 fps= 43 q=24.0 size=    4352KiB time=00:03:25.63 bitrate= 173.4kbits/s speed=1.44x    
frame= 6200 fps= 43 q=24.0 size=    4352KiB time=00:03:26.56 bitrate= 172.6kbits/s speed=1.44x    
frame= 6231 fps= 43 q=24.0 size=    4352KiB time=00:03:27.59 bitrate= 171.7kbits/s speed=1.45x    
frame= 6264 fps= 43 q=24.0 size=    4352KiB time=00:03:28.69 bitrate= 170.8kbits/s speed=1.45x    
frame= 6288 fps= 43 q=24.0 size=    4352KiB time=00:03:29.49 bitrate= 170.2kbits/s speed=1.45x    
frame= 6314 fps= 43 q=24.0 size=    4352KiB time=00:03:30.36 bitrate= 169.5kbits/s speed=1.45x    
frame= 6346 fps= 44 q=24.0 size=    4608KiB time=00:03:31.43 bitrate= 178.5kbits/s speed=1.45x    
frame= 6382 fps= 44 q=24.0 size=    4608KiB time=00:03:32.63 bitrate= 177.5kbits/s speed=1.45x    
frame= 6412 fps= 44 q=24.0 size=    4608KiB time=00:03:33.63 bitrate= 176.7kbits/s speed=1.45x    
frame= 6446 fps= 44 q=24.0 size=    4608KiB time=00:03:34.76 bitrate= 175.8kbits/s speed=1.46x    
frame= 6474 fps= 44 q=24.0 size=    4608KiB time=00:03:35.69 bitrate= 175.0kbits/s speed=1.46x    
frame= 6506 fps= 44 q=24.0 size=    4608KiB time=00:03:36.76 bitrate= 174.1kbits/s speed=1.46x    
frame= 6538 fps= 44 q=24.0 size=    4608KiB time=00:03:37.83 bitrate= 173.3kbits/s speed=1.46x    
frame= 6561 fps= 44 q=24.0 size=    4608KiB time=00:03:38.59 bitrate= 172.7kbits/s speed=1.46x    
frame= 6594 fps= 44 q=24.0 size=    4608KiB time=00:03:39.69 bitrate= 171.8kbits/s speed=1.46x    
frame= 6620 fps= 44 q=24.0 size=    4608KiB time=00:03:40.56 bitrate= 171.1kbits/s speed=1.46x    
frame= 6652 fps= 44 q=24.0 size=    4608KiB time=00:03:41.63 bitrate= 170.3kbits/s speed=1.46x    
frame= 6687 fps= 44 q=24.0 size=    4608KiB time=00:03:42.79 bitrate= 169.4kbits/s speed=1.47x    
frame= 6721 fps= 44 q=24.0 size=    4608KiB time=00:03:43.93 bitrate= 168.6kbits/s speed=1.47x    
frame= 6752 fps= 44 q=24.0 size=    4608KiB time=00:03:44.96 bitrate= 167.8kbits/s speed=1.47x    
frame= 6784 fps= 44 q=24.0 size=    4608KiB time=00:03:46.03 bitrate= 167.0kbits/s speed=1.47x    
frame= 6805 fps= 44 q=24.0 size=    4608KiB time=00:03:47.18 bitrate= 166.2kbits/s speed=1.47x    
frame= 6853 fps= 44 q=24.0 size=    4864KiB time=N/A bitrate=N/A speed=N/A    
[mp4 @ 000001902905a140] Starting second pass: moving the moov atom to the beginning of the file
[out#0/mp4 @ 0000019027761980] video:2495KiB audio:2427KiB subtitle:0KiB other streams:0KiB global headers:0KiB muxing overhead: 4.484599%
frame= 6865 fps= 44 q=-1.0 Lsize=    5144KiB time=00:03:48.73 bitrate= 184.2kbits/s speed=1.48x    
[libx264 @ 000001902d324840] frame I:31    Avg QP: 4.74  size: 55743
[libx264 @ 000001902d324840] frame P:1729  Avg QP:11.75  size:   250
[libx264 @ 000001902d324840] frame B:5105  Avg QP:13.35  size:    77
[libx264 @ 000001902d324840] consecutive B-frames:  0.8%  0.1%  0.0% 99.1%
[libx264 @ 000001902d324840] mb I  I16..4: 86.7%  5.3%  8.1%
[libx264 @ 000001902d324840] mb P  I16..4:  0.1%  0.0%  0.0%  P16..4:  0.1%  0.0%  0.0%  0.0%  0.0%    skip:99.8%
[libx264 @ 000001902d324840] mb B  I16..4:  0.0%  0.0%  0.0%  B16..8:  0.1%  0.0%  0.0%  direct: 0.0%  skip:99.9%  L0:61.9% L1:38.1% BI: 0.0%
[libx264 @ 000001902d324840] 8x8 transform intra:6.1% inter:13.7%
[libx264 @ 000001902d324840] coded y,uvDC,uvAC intra: 6.4% 9.0% 8.6% inter: 0.0% 0.0% 0.0%
[libx264 @ 000001902d324840] i16 v,h,dc,p: 84% 14%  2%  0%
[libx264 @ 000001902d324840] i8 v,h,dc,ddl,ddr,vr,hd,vl,hu: 28% 26% 45%  0%  0%  0%  0%  0%  0%
[libx264 @ 000001902d324840] i4 v,h,dc,ddl,ddr,vr,hd,vl,hu: 33% 26% 18%  3%  4%  4%  4%  3%  5%
[libx264 @ 000001902d324840] i8c dc,h,v,p: 75% 18%  6%  0%
[libx264 @ 000001902d324840] Weighted P-Frames: Y:0.0% UV:0.0%
[libx264 @ 000001902d324840] ref P L0: 91.2%  1.5%  7.0%  0.3%
[libx264 @ 000001902d324840] ref B L0: 43.7% 56.0%  0.3%
[libx264 @ 000001902d324840] ref B L1: 99.5%  0.5%
[libx264 @ 000001902d324840] kb/s:89.31
[aac @ 000001902cdc66c0] Qavg: 65506.816
