Input #0, png_pipe, from 'C:\Users\todda\Blue Nova Projects\Rebekahs Health Website\client-handoff\website-editing-instructions\06-media-library\media-video-v1.1\deck-preview\slide-01.png':
  Duration: N/A, bitrate: N/A
  Stream #0:0: Video: png, rgba(pc, gbr/bt709/iec61966-2-1), 1920x1080 [SAR 2834:2834 DAR 16:9], 30 fps, 30 tbr, 30 tbn
Input #1, png_pipe, from 'C:\Users\todda\Blue Nova Projects\Rebekahs Health Website\client-handoff\website-editing-instructions\06-media-library\media-video-v1.1\deck-preview\slide-02.png':
  Duration: N/A, bitrate: N/A
  Stream #1:0: Video: png, rgba(pc, gbr/bt709/iec61966-2-1), 1920x1080 [SAR 2834:2834 DAR 16:9], 30 fps, 30 tbr, 30 tbn
Input #2, png_pipe, from 'C:\Users\todda\Blue Nova Projects\Rebekahs Health Website\client-handoff\website-editing-instructions\06-media-library\media-video-v1.1\deck-preview\slide-03.png':
  Duration: N/A, bitrate: N/A
  Stream #2:0: Video: png, rgba(pc, gbr/bt709/iec61966-2-1), 1920x1080 [SAR 2834:2834 DAR 16:9], 30 fps, 30 tbr, 30 tbn
Input #3, png_pipe, from 'C:\Users\todda\Blue Nova Projects\Rebekahs Health Website\client-handoff\website-editing-instructions\06-media-library\media-video-v1.1\deck-preview\slide-04.png':
  Duration: N/A, bitrate: N/A
  Stream #3:0: Video: png, rgba(pc, gbr/bt709/iec61966-2-1), 1920x1080 [SAR 2834:2834 DAR 16:9], 30 fps, 30 tbr, 30 tbn
Input #4, png_pipe, from 'C:\Users\todda\Blue Nova Projects\Rebekahs Health Website\client-handoff\website-editing-instructions\06-media-library\media-video-v1.1\deck-preview\slide-05.png':
  Duration: N/A, bitrate: N/A
  Stream #4:0: Video: png, rgba(pc, gbr/bt709/iec61966-2-1), 1920x1080 [SAR 2834:2834 DAR 16:9], 30 fps, 30 tbr, 30 tbn
Input #5, png_pipe, from 'C:\Users\todda\Blue Nova Projects\Rebekahs Health Website\client-handoff\website-editing-instructions\06-media-library\media-video-v1.1\deck-preview\slide-06.png':
  Duration: N/A, bitrate: N/A
  Stream #5:0: Video: png, rgba(pc, gbr/bt709/iec61966-2-1), 1920x1080 [SAR 2834:2834 DAR 16:9], 30 fps, 30 tbr, 30 tbn
Input #6, png_pipe, from 'C:\Users\todda\Blue Nova Projects\Rebekahs Health Website\client-handoff\website-editing-instructions\06-media-library\media-video-v1.1\deck-preview\slide-07.png':
  Duration: N/A, bitrate: N/A
  Stream #6:0: Video: png, rgba(pc, gbr/bt709/iec61966-2-1), 1920x1080 [SAR 2834:2834 DAR 16:9], 30 fps, 30 tbr, 30 tbn
Input #7, png_pipe, from 'C:\Users\todda\Blue Nova Projects\Rebekahs Health Website\client-handoff\website-editing-instructions\06-media-library\media-video-v1.1\deck-preview\slide-08.png':
  Duration: N/A, bitrate: N/A
  Stream #7:0: Video: png, rgba(pc, gbr/bt709/iec61966-2-1), 1920x1080 [SAR 2834:2834 DAR 16:9], 30 fps, 30 tbr, 30 tbn
Input #8, png_pipe, from 'C:\Users\todda\Blue Nova Projects\Rebekahs Health Website\client-handoff\website-editing-instructions\06-media-library\media-video-v1.1\deck-preview\slide-09.png':
  Duration: N/A, bitrate: N/A
  Stream #8:0: Video: png, rgba(pc, gbr/bt709/iec61966-2-1), 1920x1080 [SAR 2834:2834 DAR 16:9], 30 fps, 30 tbr, 30 tbn
Input #9, png_pipe, from 'C:\Users\todda\Blue Nova Projects\Rebekahs Health Website\client-handoff\website-editing-instructions\06-media-library\media-video-v1.1\deck-preview\slide-10.png':
  Duration: N/A, bitrate: N/A
  Stream #9:0: Video: png, rgba(pc, gbr/bt709/iec61966-2-1), 1920x1080 [SAR 2834:2834 DAR 16:9], 30 fps, 30 tbr, 30 tbn
Input #10, png_pipe, from 'C:\Users\todda\Blue Nova Projects\Rebekahs Health Website\client-handoff\website-editing-instructions\06-media-library\media-video-v1.1\deck-preview\slide-11.png':
  Duration: N/A, bitrate: N/A
  Stream #10:0: Video: png, rgba(pc, gbr/bt709/iec61966-2-1), 1920x1080 [SAR 2834:2834 DAR 16:9], 30 fps, 30 tbr, 30 tbn
Input #11, png_pipe, from 'C:\Users\todda\Blue Nova Projects\Rebekahs Health Website\client-handoff\website-editing-instructions\06-media-library\media-video-v1.1\deck-preview\slide-12.png':
  Duration: N/A, bitrate: N/A
  Stream #11:0: Video: png, rgba(pc, gbr/bt709/iec61966-2-1), 1920x1080 [SAR 2834:2834 DAR 16:9], 30 fps, 30 tbr, 30 tbn
Input #12, png_pipe, from 'C:\Users\todda\Blue Nova Projects\Rebekahs Health Website\client-handoff\website-editing-instructions\06-media-library\media-video-v1.1\deck-preview\slide-13.png':
  Duration: N/A, bitrate: N/A
  Stream #12:0: Video: png, rgba(pc, gbr/bt709/iec61966-2-1), 1920x1080 [SAR 2834:2834 DAR 16:9], 30 fps, 30 tbr, 30 tbn
[aist#13:0/pcm_s16le @ 000002309ccc3140] Guessed Channel Layout: mono
Input #13, wav, from 'C:\Users\todda\Blue Nova Projects\Rebekahs Health Website\client-handoff\website-editing-instructions\06-media-library\media-video-v1.1\Media-Library-Narration-v1.1.wav':
  Duration: 00:03:36.12, bitrate: 352 kb/s
  Stream #13:0: Audio: pcm_s16le ([1][0][0][0] / 0x0001), 22050 Hz, mono, s16, 352 kb/s
Stream mapping:
  Stream #0:0 (png) -> scale:default
  Stream #1:0 (png) -> scale:default
  Stream #2:0 (png) -> scale:default
  Stream #3:0 (png) -> scale:default
  Stream #4:0 (png) -> scale:default
  Stream #5:0 (png) -> scale:default
  Stream #6:0 (png) -> scale:default
  Stream #7:0 (png) -> scale:default
  Stream #8:0 (png) -> scale:default
  Stream #9:0 (png) -> scale:default
  Stream #10:0 (png) -> scale:default
  Stream #11:0 (png) -> scale:default
  Stream #12:0 (png) -> scale:default
  concat:out:v0 -> Stream #0:0 (libx264)
  Stream #13:0 -> #0:1 (pcm_s16le (native) -> aac (native))
Press [q] to stop, [?] for help
[aac @ 000002309c304100] Too many bits 8916.462585 > 6144 per frame requested, clamping to max
[libx264 @ 000002309c302f80] using SAR=1/1
[libx264 @ 000002309c302f80] MB rate (8160000000) > level limit (16711680)
[libx264 @ 000002309c302f80] using cpu capabilities: MMX2 SSE2Fast SSSE3 SSE4.2 AVX FMA3 BMI2 AVX2 AVX512
[libx264 @ 000002309c302f80] profile High, level 6.2, 4:2:0, 8-bit
[libx264 @ 000002309c302f80] 264 - core 164 r3192 c24e06c - H.264/MPEG-4 AVC codec - Copyleft 2003-2024 - http://www.videolan.org/x264.html - options: cabac=1 ref=3 deblock=1:0:0 analyse=0x3:0x113 me=hex subme=7 psy=1 psy_rd=1.00:0.00 mixed_ref=1 me_range=16 chroma_me=1 trellis=1 8x8dct=1 cqm=0 deadzone=21,11 fast_pskip=1 chroma_qp_offset=-2 threads=12 lookahead_threads=2 sliced_threads=0 nr=0 decimate=1 interlaced=0 bluray_compat=0 constrained_intra=0 bframes=3 b_pyramid=2 b_adapt=1 b_bias=0 direct=1 weightb=1 open_gop=0 weightp=2 keyint=250 keyint_min=25 scenecut=40 intra_refresh=0 rc_lookahead=40 rc=crf mbtree=1 crf=18.0 qcomp=0.60 qpmin=0 qpmax=69 qpstep=4 ip_ratio=1.40 aq=1:1.00
Output #0, mp4, to 'C:\Users\todda\Blue Nova Projects\Rebekahs Health Website\client-handoff\website-editing-instructions\06-media-library\media-video-v1.1\How-to-Upload-and-Use-Images-in-the-Media-Library-v1.1.mp4':
  Metadata:
    encoder         : Lavf61.7.100
  Stream #0:0: Video: h264 (avc1 / 0x31637661), yuv420p(tv, unknown/bt709/iec61966-2-1, progressive), 1920x1080 [SAR 1:1 DAR 16:9], q=2-31, 1000k tbn
      Metadata:
        encoder         : Lavc61.19.100 libx264
      Side data:
        cpb: bitrate max/min/avg: 0/0/0 buffer size: 0 vbv_delay: N/A
  Stream #0:1: Audio: aac (LC) (mp4a / 0x6134706D), 22050 Hz, mono, fltp, 132 kb/s
      Metadata:
        encoder         : Lavc61.19.100 aac
frame=    0 fps=0.0 q=0.0 size=       0KiB time=N/A bitrate=N/A speed=N/A    
frame=    0 fps=0.0 q=0.0 size=       0KiB time=N/A bitrate=N/A speed=N/A    
frame=    0 fps=0.0 q=0.0 size=       0KiB time=N/A bitrate=N/A speed=N/A    
frame=   22 fps=8.2 q=24.0 size=       0KiB time=00:00:00.63 bitrate=   0.6kbits/s speed=0.235x    
frame=   58 fps= 18 q=24.0 size=       0KiB time=00:00:01.83 bitrate=   0.2kbits/s speed=0.557x    
frame=   77 fps= 20 q=24.0 size=       0KiB time=00:00:02.46 bitrate=   0.2kbits/s speed=0.646x    
frame=  107 fps= 24 q=24.0 size=       0KiB time=00:00:03.46 bitrate=   0.1kbits/s speed=0.79x    
frame=  139 fps= 28 q=24.0 size=       0KiB time=00:00:04.53 bitrate=   0.1kbits/s speed=0.916x    
frame=  170 fps= 31 q=24.0 size=       0KiB time=00:00:05.56 bitrate=   0.1kbits/s speed=1.02x    
frame=  204 fps= 34 q=24.0 size=       0KiB time=00:00:06.70 bitrate=   0.1kbits/s speed= 1.1x    
frame=  231 fps= 35 q=24.0 size=       0KiB time=00:00:07.60 bitrate=   0.1kbits/s speed=1.15x    
frame=  256 fps= 36 q=24.0 size=       0KiB time=00:00:08.43 bitrate=   0.0kbits/s speed=1.17x    
frame=  288 fps= 37 q=24.0 size=       0KiB time=00:00:09.50 bitrate=   0.0kbits/s speed=1.23x    
frame=  320 fps= 39 q=24.0 size=     256KiB time=00:00:10.56 bitrate= 198.5kbits/s speed=1.28x    
frame=  352 fps= 40 q=24.0 size=     256KiB time=00:00:11.63 bitrate= 180.3kbits/s speed=1.31x    
frame=  384 fps= 41 q=24.0 size=     256KiB time=00:00:12.70 bitrate= 165.2kbits/s speed=1.35x    
frame=  416 fps= 42 q=24.0 size=     256KiB time=00:00:13.76 bitrate= 152.4kbits/s speed=1.38x    
frame=  448 fps= 42 q=24.0 size=     256KiB time=00:00:14.83 bitrate= 141.4kbits/s speed= 1.4x    
frame=  470 fps= 42 q=24.0 size=     256KiB time=00:00:15.56 bitrate= 134.7kbits/s speed= 1.4x    
frame=  504 fps= 43 q=24.0 size=     256KiB time=00:00:16.69 bitrate= 125.6kbits/s speed=1.44x    
frame=  532 fps= 44 q=24.0 size=     256KiB time=00:00:17.63 bitrate= 119.0kbits/s speed=1.45x    
frame=  556 fps= 44 q=24.0 size=     256KiB time=00:00:18.43 bitrate= 113.8kbits/s speed=1.45x    
frame=  588 fps= 45 q=24.0 size=     256KiB time=00:00:19.49 bitrate= 107.6kbits/s speed=1.48x    
frame=  620 fps= 45 q=24.0 size=     256KiB time=00:00:20.56 bitrate= 102.0kbits/s speed= 1.5x    
frame=  656 fps= 46 q=24.0 size=     256KiB time=00:00:21.76 bitrate=  96.4kbits/s speed=1.52x    
frame=  680 fps= 46 q=24.0 size=     256KiB time=00:00:22.56 bitrate=  92.9kbits/s speed=1.52x    
frame=  709 fps= 46 q=24.0 size=     256KiB time=00:00:23.53 bitrate=  89.1kbits/s speed=1.53x    
frame=  742 fps= 46 q=24.0 size=     512KiB time=00:00:24.63 bitrate= 170.3kbits/s speed=1.54x    
frame=  777 fps= 47 q=24.0 size=     512KiB time=00:00:25.79 bitrate= 162.6kbits/s speed=1.56x    
frame=  806 fps= 47 q=24.0 size=     512KiB time=00:00:26.76 bitrate= 156.7kbits/s speed=1.57x    
frame=  830 fps= 47 q=24.0 size=     512KiB time=00:00:27.56 bitrate= 152.2kbits/s speed=1.57x    
frame=  866 fps= 48 q=24.0 size=     512KiB time=00:00:28.76 bitrate= 145.8kbits/s speed=1.59x    
frame=  898 fps= 48 q=24.0 size=     512KiB time=00:00:29.83 bitrate= 140.6kbits/s speed= 1.6x    
frame=  927 fps= 48 q=24.0 size=     512KiB time=00:00:30.79 bitrate= 136.2kbits/s speed= 1.6x    
frame=  947 fps= 48 q=24.0 size=     512KiB time=00:00:31.46 bitrate= 133.3kbits/s speed=1.59x    
frame=  976 fps= 48 q=24.0 size=     512KiB time=00:00:32.43 bitrate= 129.3kbits/s speed=1.59x    
frame= 1004 fps= 48 q=24.0 size=     512KiB time=00:00:33.36 bitrate= 125.7kbits/s speed= 1.6x    
frame= 1036 fps= 48 q=24.0 size=     512KiB time=00:00:34.43 bitrate= 121.8kbits/s speed=1.61x    
frame= 1064 fps= 48 q=24.0 size=     512KiB time=00:00:35.36 bitrate= 118.6kbits/s speed=1.61x    
frame= 1096 fps= 49 q=24.0 size=     512KiB time=00:00:36.43 bitrate= 115.1kbits/s speed=1.62x    
frame= 1124 fps= 49 q=24.0 size=     512KiB time=00:00:37.36 bitrate= 112.3kbits/s speed=1.62x    
frame= 1159 fps= 49 q=24.0 size=     512KiB time=00:00:38.53 bitrate= 108.9kbits/s speed=1.62x    
frame= 1184 fps= 49 q=24.0 size=     512KiB time=00:00:39.36 bitrate= 106.6kbits/s speed=1.62x    
frame= 1202 fps= 48 q=24.0 size=     768KiB time=00:00:39.96 bitrate= 157.4kbits/s speed=1.61x    
frame= 1226 fps= 48 q=24.0 size=     768KiB time=00:00:40.76 bitrate= 154.3kbits/s speed=1.61x    
frame= 1257 fps= 48 q=24.0 size=     768KiB time=00:00:41.79 bitrate= 150.5kbits/s speed=1.61x    
frame= 1286 fps= 48 q=24.0 size=     768KiB time=00:00:42.76 bitrate= 147.1kbits/s speed=1.61x    
frame= 1320 fps= 49 q=24.0 size=     768KiB time=00:00:43.89 bitrate= 143.3kbits/s speed=1.62x    
frame= 1351 fps= 49 q=24.0 size=     768KiB time=00:00:44.93 bitrate= 140.0kbits/s speed=1.62x    
frame= 1378 fps= 49 q=24.0 size=     768KiB time=00:00:45.83 bitrate= 137.3kbits/s speed=1.63x    
frame= 1398 fps= 49 q=24.0 size=     768KiB time=00:00:46.49 bitrate= 135.3kbits/s speed=1.62x    
frame= 1430 fps= 49 q=24.0 size=     768KiB time=00:00:47.56 bitrate= 132.3kbits/s speed=1.62x    
frame= 1452 fps= 49 q=24.0 size=     768KiB time=00:00:48.29 bitrate= 130.3kbits/s speed=1.62x    
frame= 1483 fps= 49 q=24.0 size=     768KiB time=00:00:49.33 bitrate= 127.5kbits/s speed=1.62x    
frame= 1516 fps= 49 q=24.0 size=     768KiB time=00:00:50.43 bitrate= 124.8kbits/s speed=1.63x    
frame= 1541 fps= 49 q=24.0 size=    1024KiB time=00:00:51.26 bitrate= 163.6kbits/s speed=1.63x    
frame= 1572 fps= 49 q=24.0 size=    1024KiB time=00:00:52.29 bitrate= 160.4kbits/s speed=1.63x    
frame= 1601 fps= 49 q=24.0 size=    1024KiB time=00:00:53.26 bitrate= 157.5kbits/s speed=1.64x    
frame= 1637 fps= 49 q=24.0 size=    1024KiB time=00:00:54.46 bitrate= 154.0kbits/s speed=1.64x    
frame= 1663 fps= 49 q=24.0 size=    1024KiB time=00:00:55.33 bitrate= 151.6kbits/s speed=1.64x    
frame= 1693 fps= 49 q=24.0 size=    1024KiB time=00:00:56.33 bitrate= 148.9kbits/s speed=1.64x    
frame= 1725 fps= 49 q=24.0 size=    1024KiB time=00:00:57.39 bitrate= 146.1kbits/s speed=1.65x    
frame= 1756 fps= 50 q=24.0 size=    1024KiB time=00:00:58.43 bitrate= 143.6kbits/s speed=1.65x    
frame= 1780 fps= 49 q=24.0 size=    1024KiB time=00:00:59.23 bitrate= 141.6kbits/s speed=1.64x    
frame= 1808 fps= 49 q=24.0 size=    1024KiB time=00:01:00.16 bitrate= 139.4kbits/s speed=1.65x    
frame= 1834 fps= 49 q=24.0 size=    1024KiB time=00:01:01.03 bitrate= 137.4kbits/s speed=1.65x    
frame= 1863 fps= 50 q=24.0 size=    1024KiB time=00:01:01.99 bitrate= 135.3kbits/s speed=1.65x    
frame= 1891 fps= 50 q=24.0 size=    1024KiB time=00:01:02.93 bitrate= 133.3kbits/s speed=1.65x    
frame= 1923 fps= 50 q=24.0 size=    1280KiB time=00:01:03.99 bitrate= 163.8kbits/s speed=1.65x    
frame= 1955 fps= 50 q=24.0 size=    1280KiB time=00:01:05.06 bitrate= 161.2kbits/s speed=1.66x    
frame= 1988 fps= 50 q=24.0 size=    1280KiB time=00:01:06.16 bitrate= 158.5kbits/s speed=1.66x    
frame= 2008 fps= 50 q=24.0 size=    1280KiB time=00:01:06.83 bitrate= 156.9kbits/s speed=1.65x    
frame= 2040 fps= 50 q=24.0 size=    1280KiB time=00:01:07.89 bitrate= 154.4kbits/s speed=1.66x    
frame= 2072 fps= 50 q=24.0 size=    1280KiB time=00:01:08.96 bitrate= 152.0kbits/s speed=1.66x    
frame= 2100 fps= 50 q=24.0 size=    1280KiB time=00:01:09.89 bitrate= 150.0kbits/s speed=1.66x    
frame= 2137 fps= 50 q=24.0 size=    1280KiB time=00:01:11.13 bitrate= 147.4kbits/s speed=1.67x    
frame= 2161 fps= 50 q=24.0 size=    1280KiB time=00:01:11.93 bitrate= 145.8kbits/s speed=1.66x    
frame= 2194 fps= 50 q=24.0 size=    1280KiB time=00:01:13.03 bitrate= 143.6kbits/s speed=1.67x    
frame= 2216 fps= 50 q=24.0 size=    1280KiB time=00:01:13.76 bitrate= 142.2kbits/s speed=1.66x    
frame= 2250 fps= 50 q=24.0 size=    1536KiB time=00:01:14.89 bitrate= 168.0kbits/s speed=1.67x    
frame= 2281 fps= 50 q=24.0 size=    1536KiB time=00:01:15.93 bitrate= 165.7kbits/s speed=1.67x    
frame= 2310 fps= 50 q=24.0 size=    1536KiB time=00:01:16.89 bitrate= 163.6kbits/s speed=1.67x    
frame= 2338 fps= 50 q=24.0 size=    1536KiB time=00:01:17.83 bitrate= 161.7kbits/s speed=1.68x    
frame= 2364 fps= 50 q=24.0 size=    1536KiB time=00:01:18.69 bitrate= 159.9kbits/s speed=1.67x    
frame= 2394 fps= 50 q=24.0 size=    1536KiB time=00:01:19.69 bitrate= 157.9kbits/s speed=1.68x    
frame= 2418 fps= 50 q=24.0 size=    1536KiB time=00:01:20.49 bitrate= 156.3kbits/s speed=1.67x    
frame= 2450 fps= 50 q=24.0 size=    1536KiB time=00:01:21.56 bitrate= 154.3kbits/s speed=1.68x    
frame= 2468 fps= 50 q=21.0 size=    1536KiB time=00:01:22.16 bitrate= 153.1kbits/s speed=1.67x    
frame= 2496 fps= 50 q=24.0 size=    1536KiB time=00:01:23.09 bitrate= 151.4kbits/s speed=1.67x    
frame= 2524 fps= 50 q=24.0 size=    1536KiB time=00:01:24.03 bitrate= 149.7kbits/s speed=1.67x    
frame= 2548 fps= 50 q=24.0 size=    1536KiB time=00:01:24.83 bitrate= 148.3kbits/s speed=1.67x    
frame= 2579 fps= 50 q=24.0 size=    1536KiB time=00:01:25.86 bitrate= 146.5kbits/s speed=1.67x    
frame= 2604 fps= 50 q=24.0 size=    1536KiB time=00:01:26.69 bitrate= 145.1kbits/s speed=1.67x    
frame= 2632 fps= 50 q=24.0 size=    1536KiB time=00:01:27.63 bitrate= 143.6kbits/s speed=1.67x    
frame= 2660 fps= 50 q=24.0 size=    1792KiB time=00:01:28.56 bitrate= 165.8kbits/s speed=1.67x    
frame= 2691 fps= 50 q=24.0 size=    1792KiB time=00:01:29.59 bitrate= 163.8kbits/s speed=1.67x    
frame= 2717 fps= 50 q=24.0 size=    1792KiB time=00:01:30.46 bitrate= 162.3kbits/s speed=1.67x    
frame= 2749 fps= 50 q=24.0 size=    1792KiB time=00:01:31.53 bitrate= 160.4kbits/s speed=1.67x    
frame= 2774 fps= 50 q=24.0 size=    1792KiB time=00:01:32.36 bitrate= 158.9kbits/s speed=1.67x    
frame= 2806 fps= 50 q=24.0 size=    1792KiB time=00:01:33.43 bitrate= 157.1kbits/s speed=1.68x    
frame= 2832 fps= 50 q=24.0 size=    1792KiB time=00:01:34.29 bitrate= 155.7kbits/s speed=1.68x    
frame= 2862 fps= 50 q=24.0 size=    1792KiB time=00:01:35.29 bitrate= 154.0kbits/s speed=1.68x    
frame= 2886 fps= 50 q=24.0 size=    1792KiB time=00:01:36.09 bitrate= 152.8kbits/s speed=1.67x    
frame= 2914 fps= 50 q=24.0 size=    1792KiB time=00:01:37.03 bitrate= 151.3kbits/s speed=1.67x    
frame= 2945 fps= 50 q=24.0 size=    1792KiB time=00:01:38.06 bitrate= 149.7kbits/s speed=1.67x    
frame= 2967 fps= 50 q=24.0 size=    1792KiB time=00:01:38.79 bitrate= 148.6kbits/s speed=1.67x    
frame= 2992 fps= 50 q=24.0 size=    1792KiB time=00:01:39.63 bitrate= 147.3kbits/s speed=1.67x    
frame= 3020 fps= 50 q=24.0 size=    2048KiB time=00:01:40.56 bitrate= 166.8kbits/s speed=1.67x    
frame= 3052 fps= 50 q=24.0 size=    2048KiB time=00:01:41.63 bitrate= 165.1kbits/s speed=1.67x    
frame= 3076 fps= 50 q=24.0 size=    2048KiB time=00:01:42.43 bitrate= 163.8kbits/s speed=1.67x    
frame= 3101 fps= 50 q=24.0 size=    2048KiB time=00:01:43.23 bitrate= 162.5kbits/s speed=1.67x    
frame= 3128 fps= 50 q=24.0 size=    2048KiB time=00:01:44.16 bitrate= 161.1kbits/s speed=1.67x    
frame= 3156 fps= 50 q=24.0 size=    2048KiB time=00:01:45.09 bitrate= 159.6kbits/s speed=1.67x    
frame= 3180 fps= 50 q=24.0 size=    2048KiB time=00:01:45.89 bitrate= 158.4kbits/s speed=1.67x    
frame= 3212 fps= 50 q=24.0 size=    2048KiB time=00:01:46.96 bitrate= 156.8kbits/s speed=1.67x    
frame= 3228 fps= 50 q=24.0 size=    2048KiB time=00:01:47.49 bitrate= 156.1kbits/s speed=1.67x    
frame= 3254 fps= 50 q=24.0 size=    2048KiB time=00:01:48.36 bitrate= 154.8kbits/s speed=1.67x    
frame= 3282 fps= 50 q=24.0 size=    2048KiB time=00:01:49.29 bitrate= 153.5kbits/s speed=1.66x    
frame= 3310 fps= 50 q=24.0 size=    2048KiB time=00:01:50.23 bitrate= 152.2kbits/s speed=1.66x    
frame= 3338 fps= 50 q=24.0 size=    2048KiB time=00:01:51.16 bitrate= 150.9kbits/s speed=1.66x    
frame= 3370 fps= 50 q=24.0 size=    2048KiB time=00:01:52.23 bitrate= 149.5kbits/s speed=1.67x    
frame= 3400 fps= 50 q=24.0 size=    2304KiB time=00:01:53.23 bitrate= 166.7kbits/s speed=1.67x    
frame= 3430 fps= 50 q=24.0 size=    2304KiB time=00:01:54.23 bitrate= 165.2kbits/s speed=1.67x    
frame= 3454 fps= 50 q=24.0 size=    2304KiB time=00:01:55.03 bitrate= 164.1kbits/s speed=1.67x    
frame= 3467 fps= 50 q=24.0 size=    2304KiB time=00:01:55.46 bitrate= 163.5kbits/s speed=1.66x    
frame= 3496 fps= 50 q=24.0 size=    2304KiB time=00:01:56.43 bitrate= 162.1kbits/s speed=1.66x    
frame= 3522 fps= 50 q=24.0 size=    2304KiB time=00:01:57.29 bitrate= 160.9kbits/s speed=1.66x    
frame= 3550 fps= 50 q=24.0 size=    2304KiB time=00:01:58.23 bitrate= 159.6kbits/s speed=1.66x    
frame= 3580 fps= 50 q=24.0 size=    2304KiB time=00:01:59.23 bitrate= 158.3kbits/s speed=1.66x    
frame= 3615 fps= 50 q=24.0 size=    2304KiB time=00:02:00.39 bitrate= 156.8kbits/s speed=1.66x    
frame= 3644 fps= 50 q=24.0 size=    2304KiB time=00:02:01.36 bitrate= 155.5kbits/s speed=1.66x    
frame= 3670 fps= 50 q=24.0 size=    2304KiB time=00:02:02.23 bitrate= 154.4kbits/s speed=1.66x    
frame= 3699 fps= 50 q=24.0 size=    2304KiB time=00:02:03.19 bitrate= 153.2kbits/s speed=1.66x    
frame= 3717 fps= 50 q=24.0 size=    2304KiB time=00:02:03.79 bitrate= 152.5kbits/s speed=1.66x    
frame= 3742 fps= 50 q=24.0 size=    2560KiB time=00:02:04.63 bitrate= 168.3kbits/s speed=1.66x    
frame= 3774 fps= 50 q=24.0 size=    2560KiB time=00:02:05.69 bitrate= 166.8kbits/s speed=1.66x    
frame= 3802 fps= 50 q=24.0 size=    2560KiB time=00:02:06.63 bitrate= 165.6kbits/s speed=1.66x    
frame= 3826 fps= 50 q=24.0 size=    2560KiB time=00:02:07.46 bitrate= 164.5kbits/s speed=1.66x    
frame= 3857 fps= 50 q=24.0 size=    2560KiB time=00:02:08.46 bitrate= 163.2kbits/s speed=1.66x    
frame= 3881 fps= 50 q=24.0 size=    2560KiB time=00:02:09.26 bitrate= 162.2kbits/s speed=1.66x    
frame= 3910 fps= 50 q=24.0 size=    2560KiB time=00:02:10.23 bitrate= 161.0kbits/s speed=1.66x    
frame= 3938 fps= 50 q=24.0 size=    2560KiB time=00:02:11.16 bitrate= 159.9kbits/s speed=1.66x    
frame= 3964 fps= 50 q=24.0 size=    2560KiB time=00:02:12.03 bitrate= 158.8kbits/s speed=1.66x    
frame= 3978 fps= 50 q=24.0 size=    2560KiB time=00:02:12.49 bitrate= 158.3kbits/s speed=1.66x    
frame= 3996 fps= 50 q=24.0 size=    2560KiB time=00:02:13.09 bitrate= 157.6kbits/s speed=1.66x    
frame= 4020 fps= 50 q=24.0 size=    2560KiB time=00:02:13.89 bitrate= 156.6kbits/s speed=1.65x    
frame= 4048 fps= 50 q=24.0 size=    2560KiB time=00:02:14.83 bitrate= 155.5kbits/s speed=1.66x    
frame= 4072 fps= 50 q=24.0 size=    2560KiB time=00:02:15.63 bitrate= 154.6kbits/s speed=1.65x    
frame= 4100 fps= 50 q=24.0 size=    2560KiB time=00:02:16.56 bitrate= 153.6kbits/s speed=1.66x    
frame= 4129 fps= 50 q=24.0 size=    2816KiB time=00:02:17.53 bitrate= 167.7kbits/s speed=1.66x    
frame= 4155 fps= 50 q=24.0 size=    2816KiB time=00:02:18.39 bitrate= 166.7kbits/s speed=1.66x    
frame= 4185 fps= 50 q=24.0 size=    2816KiB time=00:02:19.39 bitrate= 165.5kbits/s speed=1.66x    
frame= 4209 fps= 50 q=24.0 size=    2816KiB time=00:02:20.19 bitrate= 164.5kbits/s speed=1.66x    
frame= 4228 fps= 50 q=24.0 size=    2816KiB time=00:02:20.83 bitrate= 163.8kbits/s speed=1.66x    
frame= 4262 fps= 50 q=24.0 size=    2816KiB time=00:02:21.96 bitrate= 162.5kbits/s speed=1.66x    
frame= 4290 fps= 50 q=24.0 size=    2816KiB time=00:02:22.89 bitrate= 161.4kbits/s speed=1.66x    
frame= 4320 fps= 50 q=24.0 size=    2816KiB time=00:02:23.89 bitrate= 160.3kbits/s speed=1.66x    
frame= 4350 fps= 50 q=24.0 size=    2816KiB time=00:02:24.89 bitrate= 159.2kbits/s speed=1.66x    
frame= 4371 fps= 50 q=24.0 size=    2816KiB time=00:02:25.59 bitrate= 158.4kbits/s speed=1.66x    
frame= 4398 fps= 50 q=24.0 size=    2816KiB time=00:02:26.49 bitrate= 157.5kbits/s speed=1.66x    
frame= 4426 fps= 50 q=24.0 size=    2816KiB time=00:02:27.43 bitrate= 156.5kbits/s speed=1.66x    
frame= 4448 fps= 50 q=21.0 size=    2816KiB time=00:02:28.16 bitrate= 155.7kbits/s speed=1.66x    
frame= 4472 fps= 50 q=24.0 size=    3072KiB time=00:02:28.96 bitrate= 168.9kbits/s speed=1.66x    
frame= 4503 fps= 50 q=24.0 size=    3072KiB time=00:02:29.99 bitrate= 167.8kbits/s speed=1.66x    
frame= 4530 fps= 50 q=24.0 size=    3072KiB time=00:02:30.89 bitrate= 166.8kbits/s speed=1.66x    
frame= 4561 fps= 50 q=24.0 size=    3072KiB time=00:02:31.93 bitrate= 165.6kbits/s speed=1.67x    
frame= 4588 fps= 50 q=24.0 size=    3072KiB time=00:02:32.83 bitrate= 164.7kbits/s speed=1.67x    
frame= 4618 fps= 50 q=24.0 size=    3072KiB time=00:02:33.86 bitrate= 163.6kbits/s speed=1.67x    
frame= 4639 fps= 50 q=24.0 size=    3072KiB time=00:02:34.53 bitrate= 162.9kbits/s speed=1.67x    
frame= 4667 fps= 50 q=24.0 size=    3072KiB time=00:02:35.46 bitrate= 161.9kbits/s speed=1.67x    
frame= 4694 fps= 50 q=24.0 size=    3072KiB time=00:02:36.36 bitrate= 160.9kbits/s speed=1.67x    
frame= 4715 fps= 50 q=24.0 size=    3072KiB time=00:02:37.09 bitrate= 160.2kbits/s speed=1.67x    
frame= 4742 fps= 50 q=24.0 size=    3072KiB time=00:02:37.96 bitrate= 159.3kbits/s speed=1.67x    
frame= 4772 fps= 50 q=24.0 size=    3072KiB time=00:02:38.96 bitrate= 158.3kbits/s speed=1.67x    
frame= 4800 fps= 50 q=24.0 size=    3072KiB time=00:02:39.89 bitrate= 157.4kbits/s speed=1.67x    
frame= 4826 fps= 50 q=24.0 size=    3072KiB time=00:02:40.76 bitrate= 156.5kbits/s speed=1.67x    
frame= 4850 fps= 50 q=24.0 size=    3072KiB time=00:02:41.56 bitrate= 155.8kbits/s speed=1.67x    
frame= 4882 fps= 50 q=24.0 size=    3072KiB time=00:02:42.63 bitrate= 154.7kbits/s speed=1.67x    
frame= 4906 fps= 50 q=24.0 size=    3328KiB time=00:02:43.43 bitrate= 166.8kbits/s speed=1.67x    
frame= 4933 fps= 50 q=24.0 size=    3328KiB time=00:02:44.33 bitrate= 165.9kbits/s speed=1.67x    
frame= 4957 fps= 50 q=24.0 size=    3328KiB time=00:02:45.13 bitrate= 165.1kbits/s speed=1.67x    
frame= 4985 fps= 50 q=24.0 size=    3328KiB time=00:02:46.06 bitrate= 164.2kbits/s speed=1.67x    
frame= 5013 fps= 50 q=24.0 size=    3328KiB time=00:02:46.99 bitrate= 163.3kbits/s speed=1.67x    
frame= 5040 fps= 50 q=24.0 size=    3328KiB time=00:02:47.93 bitrate= 162.3kbits/s speed=1.67x    
frame= 5069 fps= 50 q=24.0 size=    3328KiB time=00:02:48.86 bitrate= 161.4kbits/s speed=1.67x    
frame= 5090 fps= 50 q=24.0 size=    3328KiB time=00:02:49.56 bitrate= 160.8kbits/s speed=1.67x    
frame= 5109 fps= 50 q=24.0 size=    3328KiB time=00:02:50.19 bitrate= 160.2kbits/s speed=1.67x    
frame= 5133 fps= 50 q=24.0 size=    3328KiB time=00:02:50.99 bitrate= 159.4kbits/s speed=1.67x    
frame= 5147 fps= 50 q=24.0 size=    3328KiB time=00:02:51.46 bitrate= 159.0kbits/s speed=1.66x    
frame= 5161 fps= 50 q=24.0 size=    3328KiB time=00:02:51.93 bitrate= 158.6kbits/s speed=1.66x    
frame= 5174 fps= 50 q=24.0 size=    3328KiB time=00:02:52.36 bitrate= 158.2kbits/s speed=1.66x    
frame= 5195 fps= 50 q=24.0 size=    3328KiB time=00:02:53.06 bitrate= 157.5kbits/s speed=1.65x    
frame= 5215 fps= 50 q=24.0 size=    3328KiB time=00:02:53.73 bitrate= 156.9kbits/s speed=1.65x    
frame= 5239 fps= 50 q=24.0 size=    3328KiB time=00:02:54.53 bitrate= 156.2kbits/s speed=1.65x    
frame= 5259 fps= 50 q=24.0 size=    3328KiB time=00:02:55.19 bitrate= 155.6kbits/s speed=1.65x    
frame= 5271 fps= 49 q=24.0 size=    3584KiB time=00:02:55.59 bitrate= 167.2kbits/s speed=1.65x    
frame= 5288 fps= 49 q=24.0 size=    3584KiB time=00:02:56.16 bitrate= 166.7kbits/s speed=1.64x    
frame= 5311 fps= 49 q=24.0 size=    3584KiB time=00:02:56.93 bitrate= 165.9kbits/s speed=1.64x    
frame= 5327 fps= 49 q=24.0 size=    3584KiB time=00:02:57.46 bitrate= 165.4kbits/s speed=1.64x    
frame= 5347 fps= 49 q=24.0 size=    3584KiB time=00:02:58.13 bitrate= 164.8kbits/s speed=1.64x    
frame= 5367 fps= 49 q=24.0 size=    3584KiB time=00:02:58.79 bitrate= 164.2kbits/s speed=1.64x    
frame= 5387 fps= 49 q=24.0 size=    3584KiB time=00:02:59.46 bitrate= 163.6kbits/s speed=1.63x    
frame= 5407 fps= 49 q=24.0 size=    3584KiB time=00:03:00.13 bitrate= 163.0kbits/s speed=1.63x    
frame= 5421 fps= 49 q=24.0 size=    3584KiB time=00:03:00.59 bitrate= 162.6kbits/s speed=1.63x    
frame= 5437 fps= 49 q=24.0 size=    3584KiB time=00:03:01.13 bitrate= 162.1kbits/s speed=1.63x    
frame= 5457 fps= 49 q=24.0 size=    3584KiB time=00:03:01.79 bitrate= 161.5kbits/s speed=1.63x    
frame= 5481 fps= 49 q=24.0 size=    3584KiB time=00:03:02.59 bitrate= 160.8kbits/s speed=1.62x    
frame= 5502 fps= 49 q=24.0 size=    3584KiB time=00:03:03.29 bitrate= 160.2kbits/s speed=1.62x    
frame= 5521 fps= 49 q=24.0 size=    3584KiB time=00:03:03.93 bitrate= 159.6kbits/s speed=1.62x    
frame= 5537 fps= 49 q=24.0 size=    3584KiB time=00:03:04.46 bitrate= 159.2kbits/s speed=1.62x    
frame= 5561 fps= 49 q=24.0 size=    3584KiB time=00:03:05.26 bitrate= 158.5kbits/s speed=1.62x    
frame= 5581 fps= 49 q=24.0 size=    3584KiB time=00:03:05.93 bitrate= 157.9kbits/s speed=1.62x    
frame= 5600 fps= 48 q=24.0 size=    3584KiB time=00:03:06.56 bitrate= 157.4kbits/s speed=1.62x    
frame= 5617 fps= 48 q=24.0 size=    3584KiB time=00:03:07.13 bitrate= 156.9kbits/s speed=1.61x    
frame= 5631 fps= 48 q=24.0 size=    3584KiB time=00:03:07.59 bitrate= 156.5kbits/s speed=1.61x    
frame= 5644 fps= 48 q=24.0 size=    3584KiB time=00:03:08.03 bitrate= 156.1kbits/s speed=1.61x    
frame= 5660 fps= 48 q=24.0 size=    3584KiB time=00:03:08.56 bitrate= 155.7kbits/s speed= 1.6x    
frame= 5671 fps= 48 q=24.0 size=    3584KiB time=00:03:08.93 bitrate= 155.4kbits/s speed= 1.6x    
frame= 5687 fps= 48 q=24.0 size=    3840KiB time=00:03:09.46 bitrate= 166.0kbits/s speed= 1.6x    
frame= 5708 fps= 48 q=24.0 size=    3840KiB time=00:03:10.19 bitrate= 165.4kbits/s speed= 1.6x    
frame= 5727 fps= 48 q=24.0 size=    3840KiB time=00:03:10.79 bitrate= 164.9kbits/s speed= 1.6x    
frame= 5747 fps= 48 q=24.0 size=    3840KiB time=00:03:11.46 bitrate= 164.3kbits/s speed=1.59x    
frame= 5766 fps= 48 q=24.0 size=    3840KiB time=00:03:12.13 bitrate= 163.7kbits/s speed=1.59x    
frame= 5779 fps= 48 q=24.0 size=    3840KiB time=00:03:12.53 bitrate= 163.4kbits/s speed=1.59x    
frame= 5795 fps= 48 q=24.0 size=    3840KiB time=00:03:13.06 bitrate= 162.9kbits/s speed=1.59x    
frame= 5815 fps= 48 q=24.0 size=    3840KiB time=00:03:13.73 bitrate= 162.4kbits/s speed=1.59x    
frame= 5839 fps= 48 q=24.0 size=    3840KiB time=00:03:14.53 bitrate= 161.7kbits/s speed=1.59x    
frame= 5859 fps= 48 q=24.0 size=    3840KiB time=00:03:15.19 bitrate= 161.2kbits/s speed=1.58x    
frame= 5879 fps= 48 q=24.0 size=    3840KiB time=00:03:15.86 bitrate= 160.6kbits/s speed=1.58x    
frame= 5899 fps= 47 q=24.0 size=    3840KiB time=00:03:16.53 bitrate= 160.1kbits/s speed=1.58x    
frame= 5915 fps= 47 q=24.0 size=    3840KiB time=00:03:17.06 bitrate= 159.6kbits/s speed=1.58x    
frame= 5921 fps= 47 q=24.0 size=    3840KiB time=00:03:17.26 bitrate= 159.5kbits/s speed=1.57x    
frame= 5934 fps= 47 q=24.0 size=    3840KiB time=00:03:17.69 bitrate= 159.1kbits/s speed=1.57x    
frame= 5955 fps= 47 q=24.0 size=    3840KiB time=00:03:18.39 bitrate= 158.6kbits/s speed=1.57x    
frame= 5975 fps= 47 q=24.0 size=    3840KiB time=00:03:19.06 bitrate= 158.0kbits/s speed=1.57x    
frame= 5999 fps= 47 q=24.0 size=    4096KiB time=00:03:19.86 bitrate= 167.9kbits/s speed=1.57x    
frame= 6019 fps= 47 q=24.0 size=    4096KiB time=00:03:20.53 bitrate= 167.3kbits/s speed=1.57x    
frame= 6041 fps= 47 q=24.0 size=    4096KiB time=00:03:21.26 bitrate= 166.7kbits/s speed=1.57x    
frame= 6067 fps= 47 q=24.0 size=    4096KiB time=00:03:22.13 bitrate= 166.0kbits/s speed=1.57x    
frame= 6085 fps= 47 q=24.0 size=    4096KiB time=00:03:22.73 bitrate= 165.5kbits/s speed=1.57x    
frame= 6105 fps= 47 q=24.0 size=    4096KiB time=00:03:23.39 bitrate= 165.0kbits/s speed=1.57x    
frame= 6122 fps= 47 q=24.0 size=    4096KiB time=00:03:23.96 bitrate= 164.5kbits/s speed=1.56x    
frame= 6141 fps= 47 q=24.0 size=    4096KiB time=00:03:24.59 bitrate= 164.0kbits/s speed=1.56x    
frame= 6157 fps= 47 q=24.0 size=    4096KiB time=00:03:25.13 bitrate= 163.6kbits/s speed=1.56x    
frame= 6177 fps= 47 q=24.0 size=    4096KiB time=00:03:25.79 bitrate= 163.0kbits/s speed=1.56x    
frame= 6195 fps= 47 q=24.0 size=    4096KiB time=00:03:26.39 bitrate= 162.6kbits/s speed=1.56x    
frame= 6219 fps= 47 q=24.0 size=    4096KiB time=00:03:27.19 bitrate= 161.9kbits/s speed=1.56x    
frame= 6239 fps= 47 q=24.0 size=    4096KiB time=00:03:27.86 bitrate= 161.4kbits/s speed=1.56x    
frame= 6263 fps= 47 q=24.0 size=    4096KiB time=00:03:28.66 bitrate= 160.8kbits/s speed=1.56x    
frame= 6280 fps= 47 q=24.0 size=    4096KiB time=00:03:29.23 bitrate= 160.4kbits/s speed=1.55x    
frame= 6299 fps= 47 q=24.0 size=    4096KiB time=00:03:29.86 bitrate= 159.9kbits/s speed=1.55x    
frame= 6315 fps= 47 q=24.0 size=    4096KiB time=00:03:30.39 bitrate= 159.5kbits/s speed=1.55x    
frame= 6339 fps= 47 q=24.0 size=    4096KiB time=00:03:31.19 bitrate= 158.9kbits/s speed=1.55x    
frame= 6355 fps= 47 q=24.0 size=    4096KiB time=00:03:31.73 bitrate= 158.5kbits/s speed=1.55x    
frame= 6375 fps= 46 q=24.0 size=    4096KiB time=00:03:32.39 bitrate= 158.0kbits/s speed=1.55x    
frame= 6395 fps= 46 q=24.0 size=    4096KiB time=00:03:33.06 bitrate= 157.5kbits/s speed=1.55x    
frame= 6414 fps= 46 q=24.0 size=    4096KiB time=00:03:33.69 bitrate= 157.0kbits/s speed=1.55x    
frame= 6433 fps= 46 q=24.0 size=    4352KiB time=N/A bitrate=N/A speed=N/A    
[mp4 @ 000002309b907580] Starting second pass: moving the moov atom to the beginning of the file
[out#0/mp4 @ 00000230997cd680] video:2089KiB audio:2328KiB subtitle:0KiB other streams:0KiB global headers:0KiB muxing overhead: 4.722642%
frame= 6484 fps= 47 q=-1.0 Lsize=    4626KiB time=00:03:36.03 bitrate= 175.4kbits/s speed=1.55x    
[libx264 @ 000002309c302f80] frame I:29    Avg QP: 4.38  size: 53288
[libx264 @ 000002309c302f80] frame P:1632  Avg QP:10.93  size:   150
[libx264 @ 000002309c302f80] frame B:4823  Avg QP:13.34  size:    72
[libx264 @ 000002309c302f80] consecutive B-frames:  0.8%  0.0%  0.1% 99.1%
[libx264 @ 000002309c302f80] mb I  I16..4: 89.7%  2.7%  7.6%
[libx264 @ 000002309c302f80] mb P  I16..4:  0.0%  0.0%  0.0%  P16..4:  0.0%  0.0%  0.0%  0.0%  0.0%    skip:100.0%
[libx264 @ 000002309c302f80] mb B  I16..4:  0.0%  0.0%  0.0%  B16..8:  0.1%  0.0%  0.0%  direct: 0.0%  skip:99.9%  L0:63.5% L1:36.5% BI: 0.0%
[libx264 @ 000002309c302f80] 8x8 transform intra:2.8% inter:3.4%
[libx264 @ 000002309c302f80] coded y,uvDC,uvAC intra: 5.5% 9.0% 8.9% inter: 0.0% 0.0% 0.0%
[libx264 @ 000002309c302f80] i16 v,h,dc,p: 88% 10%  2%  0%
[libx264 @ 000002309c302f80] i8 v,h,dc,ddl,ddr,vr,hd,vl,hu: 42% 42% 14%  0%  0%  0%  0%  0%  0%
[libx264 @ 000002309c302f80] i4 v,h,dc,ddl,ddr,vr,hd,vl,hu: 36% 21% 20%  2%  4%  5%  4%  3%  4%
[libx264 @ 000002309c302f80] i8c dc,h,v,p: 75% 18%  6%  1%
[libx264 @ 000002309c302f80] Weighted P-Frames: Y:0.0% UV:0.0%
[libx264 @ 000002309c302f80] ref P L0: 94.6%  1.3%  3.7%  0.4%
[libx264 @ 000002309c302f80] ref B L0: 36.7% 63.2%  0.1%
[libx264 @ 000002309c302f80] ref B L1: 99.5%  0.5%
[libx264 @ 000002309c302f80] kb/s:79.15
[aac @ 000002309c304100] Qavg: 65502.441
