Input #0, png_pipe, from 'C:\Users\todda\Blue Nova Projects\Rebekahs Health Website\client-handoff\website-editing-instructions\07-editing-safety\safety-video-v1.1\deck-preview\slide-01.png':
  Duration: N/A, bitrate: N/A
  Stream #0:0: Video: png, rgba(pc, gbr/bt709/iec61966-2-1), 1920x1080 [SAR 2834:2834 DAR 16:9], 30 fps, 30 tbr, 30 tbn
Input #1, png_pipe, from 'C:\Users\todda\Blue Nova Projects\Rebekahs Health Website\client-handoff\website-editing-instructions\07-editing-safety\safety-video-v1.1\deck-preview\slide-02.png':
  Duration: N/A, bitrate: N/A
  Stream #1:0: Video: png, rgba(pc, gbr/bt709/iec61966-2-1), 1920x1080 [SAR 2834:2834 DAR 16:9], 30 fps, 30 tbr, 30 tbn
Input #2, png_pipe, from 'C:\Users\todda\Blue Nova Projects\Rebekahs Health Website\client-handoff\website-editing-instructions\07-editing-safety\safety-video-v1.1\deck-preview\slide-03.png':
  Duration: N/A, bitrate: N/A
  Stream #2:0: Video: png, rgba(pc, gbr/bt709/iec61966-2-1), 1920x1080 [SAR 2834:2834 DAR 16:9], 30 fps, 30 tbr, 30 tbn
Input #3, png_pipe, from 'C:\Users\todda\Blue Nova Projects\Rebekahs Health Website\client-handoff\website-editing-instructions\07-editing-safety\safety-video-v1.1\deck-preview\slide-04.png':
  Duration: N/A, bitrate: N/A
  Stream #3:0: Video: png, rgba(pc, gbr/bt709/iec61966-2-1), 1920x1080 [SAR 2834:2834 DAR 16:9], 30 fps, 30 tbr, 30 tbn
Input #4, png_pipe, from 'C:\Users\todda\Blue Nova Projects\Rebekahs Health Website\client-handoff\website-editing-instructions\07-editing-safety\safety-video-v1.1\deck-preview\slide-05.png':
  Duration: N/A, bitrate: N/A
  Stream #4:0: Video: png, rgba(pc, gbr/bt709/iec61966-2-1), 1920x1080 [SAR 2834:2834 DAR 16:9], 30 fps, 30 tbr, 30 tbn
Input #5, png_pipe, from 'C:\Users\todda\Blue Nova Projects\Rebekahs Health Website\client-handoff\website-editing-instructions\07-editing-safety\safety-video-v1.1\deck-preview\slide-06.png':
  Duration: N/A, bitrate: N/A
  Stream #5:0: Video: png, rgba(pc, gbr/bt709/iec61966-2-1), 1920x1080 [SAR 2834:2834 DAR 16:9], 30 fps, 30 tbr, 30 tbn
Input #6, png_pipe, from 'C:\Users\todda\Blue Nova Projects\Rebekahs Health Website\client-handoff\website-editing-instructions\07-editing-safety\safety-video-v1.1\deck-preview\slide-07.png':
  Duration: N/A, bitrate: N/A
  Stream #6:0: Video: png, rgba(pc, gbr/bt709/iec61966-2-1), 1920x1080 [SAR 2834:2834 DAR 16:9], 30 fps, 30 tbr, 30 tbn
Input #7, png_pipe, from 'C:\Users\todda\Blue Nova Projects\Rebekahs Health Website\client-handoff\website-editing-instructions\07-editing-safety\safety-video-v1.1\deck-preview\slide-08.png':
  Duration: N/A, bitrate: N/A
  Stream #7:0: Video: png, rgba(pc, gbr/bt709/iec61966-2-1), 1920x1080 [SAR 2834:2834 DAR 16:9], 30 fps, 30 tbr, 30 tbn
Input #8, png_pipe, from 'C:\Users\todda\Blue Nova Projects\Rebekahs Health Website\client-handoff\website-editing-instructions\07-editing-safety\safety-video-v1.1\deck-preview\slide-09.png':
  Duration: N/A, bitrate: N/A
  Stream #8:0: Video: png, rgba(pc, gbr/bt709/iec61966-2-1), 1920x1080 [SAR 2834:2834 DAR 16:9], 30 fps, 30 tbr, 30 tbn
Input #9, png_pipe, from 'C:\Users\todda\Blue Nova Projects\Rebekahs Health Website\client-handoff\website-editing-instructions\07-editing-safety\safety-video-v1.1\deck-preview\slide-10.png':
  Duration: N/A, bitrate: N/A
  Stream #9:0: Video: png, rgba(pc, gbr/bt709/iec61966-2-1), 1920x1080 [SAR 2834:2834 DAR 16:9], 30 fps, 30 tbr, 30 tbn
Input #10, png_pipe, from 'C:\Users\todda\Blue Nova Projects\Rebekahs Health Website\client-handoff\website-editing-instructions\07-editing-safety\safety-video-v1.1\deck-preview\slide-11.png':
  Duration: N/A, bitrate: N/A
  Stream #10:0: Video: png, rgba(pc, gbr/bt709/iec61966-2-1), 1920x1080 [SAR 2834:2834 DAR 16:9], 30 fps, 30 tbr, 30 tbn
Input #11, png_pipe, from 'C:\Users\todda\Blue Nova Projects\Rebekahs Health Website\client-handoff\website-editing-instructions\07-editing-safety\safety-video-v1.1\deck-preview\slide-12.png':
  Duration: N/A, bitrate: N/A
  Stream #11:0: Video: png, rgba(pc, gbr/bt709/iec61966-2-1), 1920x1080 [SAR 2834:2834 DAR 16:9], 30 fps, 30 tbr, 30 tbn
Input #12, png_pipe, from 'C:\Users\todda\Blue Nova Projects\Rebekahs Health Website\client-handoff\website-editing-instructions\07-editing-safety\safety-video-v1.1\deck-preview\slide-13.png':
  Duration: N/A, bitrate: N/A
  Stream #12:0: Video: png, rgba(pc, gbr/bt709/iec61966-2-1), 1920x1080 [SAR 2834:2834 DAR 16:9], 30 fps, 30 tbr, 30 tbn
[aist#13:0/pcm_s16le @ 0000019ee0ad2e80] Guessed Channel Layout: mono
Input #13, wav, from 'C:\Users\todda\Blue Nova Projects\Rebekahs Health Website\client-handoff\website-editing-instructions\07-editing-safety\safety-video-v1.1\Website-Editing-Safety-Narration-v1.1.wav':
  Duration: 00:03:41.46, bitrate: 352 kb/s
  Stream #13:0: Audio: pcm_s16le ([1][0][0][0] / 0x0001), 22050 Hz, mono, s16, 352 kb/s
Stream mapping:
  Stream #0:0 (png) -> scale:default
  Stream #1:0 (png) -> scale:default
  Stream #2:0 (png) -> scale:default
  Stream #3:0 (png) -> scale:default
  Stream #4:0 (png) -> scale:default
  Stream #5:0 (png) -> scale:default
  Stream #6:0 (png) -> scale:default
  Stream #7:0 (png) -> scale:default
  Stream #8:0 (png) -> scale:default
  Stream #9:0 (png) -> scale:default
  Stream #10:0 (png) -> scale:default
  Stream #11:0 (png) -> scale:default
  Stream #12:0 (png) -> scale:default
  concat:out:v0 -> Stream #0:0 (libx264)
  Stream #13:0 -> #0:1 (pcm_s16le (native) -> aac (native))
Press [q] to stop, [?] for help
[aac @ 0000019ee50b7740] Too many bits 8916.462585 > 6144 per frame requested, clamping to max
[libx264 @ 0000019ee50b6400] using SAR=1/1
[libx264 @ 0000019ee50b6400] MB rate (8160000000) > level limit (16711680)
[libx264 @ 0000019ee50b6400] using cpu capabilities: MMX2 SSE2Fast SSSE3 SSE4.2 AVX FMA3 BMI2 AVX2 AVX512
[libx264 @ 0000019ee50b6400] profile High, level 6.2, 4:2:0, 8-bit
[libx264 @ 0000019ee50b6400] 264 - core 164 r3192 c24e06c - H.264/MPEG-4 AVC codec - Copyleft 2003-2024 - http://www.videolan.org/x264.html - options: cabac=1 ref=3 deblock=1:0:0 analyse=0x3:0x113 me=hex subme=7 psy=1 psy_rd=1.00:0.00 mixed_ref=1 me_range=16 chroma_me=1 trellis=1 8x8dct=1 cqm=0 deadzone=21,11 fast_pskip=1 chroma_qp_offset=-2 threads=12 lookahead_threads=2 sliced_threads=0 nr=0 decimate=1 interlaced=0 bluray_compat=0 constrained_intra=0 bframes=3 b_pyramid=2 b_adapt=1 b_bias=0 direct=1 weightb=1 open_gop=0 weightp=2 keyint=250 keyint_min=25 scenecut=40 intra_refresh=0 rc_lookahead=40 rc=crf mbtree=1 crf=18.0 qcomp=0.60 qpmin=0 qpmax=69 qpstep=4 ip_ratio=1.40 aq=1:1.00
Output #0, mp4, to 'C:\Users\todda\Blue Nova Projects\Rebekahs Health Website\client-handoff\website-editing-instructions\07-editing-safety\safety-video-v1.1\Website-Editing-Safety-and-Recovery-v1.1.mp4':
  Metadata:
    encoder         : Lavf61.7.100
  Stream #0:0: Video: h264 (avc1 / 0x31637661), yuv420p(tv, unknown/bt709/iec61966-2-1, progressive), 1920x1080 [SAR 1:1 DAR 16:9], q=2-31, 1000k tbn
      Metadata:
        encoder         : Lavc61.19.100 libx264
      Side data:
        cpb: bitrate max/min/avg: 0/0/0 buffer size: 0 vbv_delay: N/A
  Stream #0:1: Audio: aac (LC) (mp4a / 0x6134706D), 22050 Hz, mono, fltp, 132 kb/s
      Metadata:
        encoder         : Lavc61.19.100 aac
frame=    0 fps=0.0 q=0.0 size=       0KiB time=N/A bitrate=N/A speed=N/A    
frame=    0 fps=0.0 q=0.0 size=       0KiB time=N/A bitrate=N/A speed=N/A    
frame=    0 fps=0.0 q=0.0 size=       0KiB time=N/A bitrate=N/A speed=N/A    
frame=   10 fps=2.2 q=24.0 size=       0KiB time=00:00:00.23 bitrate=   1.6kbits/s speed=0.0505x    
frame=   33 fps=6.4 q=24.0 size=       0KiB time=00:00:01.00 bitrate=   0.4kbits/s speed=0.193x    
frame=   55 fps=9.6 q=24.0 size=       0KiB time=00:00:01.73 bitrate=   0.2kbits/s speed=0.303x    
frame=   74 fps= 12 q=24.0 size=       0KiB time=00:00:02.36 bitrate=   0.2kbits/s speed=0.379x    
frame=   94 fps= 14 q=24.0 size=       0KiB time=00:00:03.03 bitrate=   0.1kbits/s speed=0.448x    
frame=  115 fps= 16 q=24.0 size=       0KiB time=00:00:03.73 bitrate=   0.1kbits/s speed=0.508x    
frame=  131 fps= 17 q=24.0 size=       0KiB time=00:00:04.26 bitrate=   0.1kbits/s speed=0.543x    
frame=  143 fps= 17 q=24.0 size=       0KiB time=00:00:04.66 bitrate=   0.1kbits/s speed=0.557x    
frame=  166 fps= 19 q=24.0 size=       0KiB time=00:00:05.43 bitrate=   0.1kbits/s speed=0.608x    
frame=  186 fps= 20 q=24.0 size=       0KiB time=00:00:06.10 bitrate=   0.1kbits/s speed=0.646x    
frame=  206 fps= 21 q=24.0 size=       0KiB time=00:00:06.76 bitrate=   0.1kbits/s speed=0.678x    
frame=  224 fps= 21 q=24.0 size=       0KiB time=00:00:07.36 bitrate=   0.1kbits/s speed=0.702x    
frame=  239 fps= 22 q=24.0 size=       0KiB time=00:00:07.86 bitrate=   0.0kbits/s speed=0.714x    
frame=  250 fps= 22 q=24.0 size=       0KiB time=00:00:08.23 bitrate=   0.0kbits/s speed=0.712x    
frame=  268 fps= 22 q=24.0 size=       0KiB time=00:00:08.83 bitrate=   0.0kbits/s speed=0.731x    
frame=  288 fps= 23 q=24.0 size=       0KiB time=00:00:09.50 bitrate=   0.0kbits/s speed=0.75x    
frame=  311 fps= 24 q=24.0 size=     256KiB time=00:00:10.26 bitrate= 204.3kbits/s speed=0.778x    
frame=  329 fps= 24 q=24.0 size=     256KiB time=00:00:10.86 bitrate= 193.0kbits/s speed=0.792x    
frame=  343 fps= 24 q=24.0 size=     256KiB time=00:00:11.33 bitrate= 185.1kbits/s speed=0.794x    
frame=  364 fps= 25 q=24.0 size=     256KiB time=00:00:12.03 bitrate= 174.3kbits/s speed=0.811x    
frame=  380 fps= 25 q=24.0 size=     256KiB time=00:00:12.56 bitrate= 166.9kbits/s speed=0.819x    
frame=  403 fps= 25 q=24.0 size=     256KiB time=00:00:13.33 bitrate= 157.3kbits/s speed=0.836x    
frame=  428 fps= 26 q=24.0 size=     256KiB time=00:00:14.16 bitrate= 148.1kbits/s speed=0.859x    
frame=  460 fps= 27 q=24.0 size=     256KiB time=00:00:15.23 bitrate= 137.7kbits/s speed=0.895x    
frame=  488 fps= 28 q=24.0 size=     256KiB time=00:00:16.16 bitrate= 129.7kbits/s speed=0.918x    
frame=  510 fps= 28 q=24.0 size=     256KiB time=00:00:16.90 bitrate= 124.1kbits/s speed=0.933x    
frame=  535 fps= 29 q=24.0 size=     256KiB time=00:00:17.73 bitrate= 118.3kbits/s speed=0.952x    
frame=  567 fps= 30 q=24.0 size=     256KiB time=00:00:18.80 bitrate= 111.6kbits/s speed=0.982x    
frame=  604 fps= 31 q=24.0 size=     256KiB time=00:00:20.03 bitrate= 104.7kbits/s speed=1.02x    
frame=  640 fps= 32 q=24.0 size=     512KiB time=00:00:21.23 bitrate= 197.6kbits/s speed=1.05x    
frame=  675 fps= 33 q=24.0 size=     512KiB time=00:00:22.40 bitrate= 187.3kbits/s speed=1.08x    
frame=  716 fps= 34 q=24.0 size=     512KiB time=00:00:23.76 bitrate= 176.5kbits/s speed=1.11x    
frame=  751 fps= 34 q=24.0 size=     512KiB time=00:00:24.93 bitrate= 168.2kbits/s speed=1.14x    
frame=  781 fps= 35 q=24.0 size=     512KiB time=00:00:25.93 bitrate= 161.7kbits/s speed=1.16x    
frame=  825 fps= 36 q=24.0 size=     512KiB time=00:00:27.40 bitrate= 153.1kbits/s speed=1.19x    
frame=  857 fps= 37 q=24.0 size=     512KiB time=00:00:28.46 bitrate= 147.4kbits/s speed=1.21x    
frame=  897 fps= 37 q=24.0 size=     512KiB time=00:00:29.80 bitrate= 140.8kbits/s speed=1.24x    
frame=  929 fps= 38 q=24.0 size=     512KiB time=00:00:30.86 bitrate= 135.9kbits/s speed=1.26x    
frame=  965 fps= 39 q=24.0 size=     512KiB time=00:00:32.06 bitrate= 130.8kbits/s speed=1.28x    
frame=  997 fps= 39 q=24.0 size=     512KiB time=00:00:33.13 bitrate= 126.6kbits/s speed= 1.3x    
frame= 1014 fps= 39 q=24.0 size=     512KiB time=00:00:33.70 bitrate= 124.5kbits/s speed=1.29x    
frame= 1039 fps= 39 q=24.0 size=     768KiB time=00:00:34.53 bitrate= 182.2kbits/s speed= 1.3x    
frame= 1071 fps= 39 q=24.0 size=     768KiB time=00:00:35.60 bitrate= 176.7kbits/s speed=1.31x    
frame= 1088 fps= 39 q=24.0 size=     768KiB time=00:00:36.16 bitrate= 174.0kbits/s speed=1.31x    
frame= 1114 fps= 39 q=24.0 size=     768KiB time=00:00:37.03 bitrate= 169.9kbits/s speed=1.31x    
frame= 1144 fps= 40 q=24.0 size=     768KiB time=00:00:38.03 bitrate= 165.4kbits/s speed=1.32x    
frame= 1174 fps= 40 q=24.0 size=     768KiB time=00:00:39.03 bitrate= 161.2kbits/s speed=1.33x    
frame= 1204 fps= 40 q=24.0 size=     768KiB time=00:00:40.03 bitrate= 157.2kbits/s speed=1.34x    
frame= 1234 fps= 41 q=24.0 size=     768KiB time=00:00:41.03 bitrate= 153.3kbits/s speed=1.35x    
frame= 1262 fps= 41 q=24.0 size=     768KiB time=00:00:41.96 bitrate= 149.9kbits/s speed=1.35x    
frame= 1290 fps= 41 q=24.0 size=     768KiB time=00:00:42.89 bitrate= 146.7kbits/s speed=1.36x    
frame= 1322 fps= 41 q=24.0 size=     768KiB time=00:00:43.96 bitrate= 143.1kbits/s speed=1.37x    
frame= 1338 fps= 41 q=24.0 size=     768KiB time=00:00:44.49 bitrate= 141.4kbits/s speed=1.37x    
frame= 1372 fps= 41 q=24.0 size=    1024KiB time=00:00:45.63 bitrate= 183.8kbits/s speed=1.38x    
frame= 1396 fps= 42 q=24.0 size=    1024KiB time=00:00:46.43 bitrate= 180.7kbits/s speed=1.38x    
frame= 1424 fps= 42 q=24.0 size=    1024KiB time=00:00:47.36 bitrate= 177.1kbits/s speed=1.39x    
frame= 1456 fps= 42 q=24.0 size=    1024KiB time=00:00:48.43 bitrate= 173.2kbits/s speed= 1.4x    
frame= 1484 fps= 42 q=24.0 size=    1024KiB time=00:00:49.36 bitrate= 169.9kbits/s speed= 1.4x    
frame= 1514 fps= 42 q=24.0 size=    1024KiB time=00:00:50.36 bitrate= 166.6kbits/s speed=1.41x    
frame= 1540 fps= 42 q=24.0 size=    1024KiB time=00:00:51.23 bitrate= 163.7kbits/s speed=1.41x    
frame= 1576 fps= 43 q=24.0 size=    1024KiB time=00:00:52.33 bitrate= 160.3kbits/s speed=1.42x    
frame= 1606 fps= 43 q=24.0 size=    1024KiB time=00:00:53.43 bitrate= 157.0kbits/s speed=1.42x    
frame= 1633 fps= 43 q=24.0 size=    1024KiB time=00:00:54.33 bitrate= 154.4kbits/s speed=1.43x    
frame= 1662 fps= 43 q=24.0 size=    1024KiB time=00:00:55.29 bitrate= 151.7kbits/s speed=1.43x    
frame= 1694 fps= 43 q=24.0 size=    1024KiB time=00:00:56.36 bitrate= 148.8kbits/s speed=1.44x    
frame= 1727 fps= 43 q=24.0 size=    1024KiB time=00:00:57.46 bitrate= 146.0kbits/s speed=1.44x    
frame= 1757 fps= 44 q=24.0 size=    1024KiB time=00:00:58.46 bitrate= 143.5kbits/s speed=1.45x    
frame= 1785 fps= 44 q=24.0 size=    1024KiB time=00:00:59.39 bitrate= 141.2kbits/s speed=1.45x    
frame= 1813 fps= 44 q=24.0 size=    1024KiB time=00:01:00.33 bitrate= 139.0kbits/s speed=1.45x    
frame= 1842 fps= 44 q=24.0 size=    1280KiB time=00:01:01.29 bitrate= 171.1kbits/s speed=1.46x    
frame= 1870 fps= 44 q=24.0 size=    1280KiB time=00:01:02.23 bitrate= 168.5kbits/s speed=1.46x    
frame= 1900 fps= 44 q=24.0 size=    1280KiB time=00:01:03.23 bitrate= 165.8kbits/s speed=1.46x    
frame= 1927 fps= 44 q=24.0 size=    1280KiB time=00:01:04.13 bitrate= 163.5kbits/s speed=1.46x    
frame= 1955 fps= 44 q=24.0 size=    1280KiB time=00:01:05.06 bitrate= 161.2kbits/s speed=1.47x    
frame= 1983 fps= 44 q=24.0 size=    1280KiB time=00:01:05.99 bitrate= 158.9kbits/s speed=1.47x    
frame= 2015 fps= 44 q=24.0 size=    1280KiB time=00:01:07.06 bitrate= 156.4kbits/s speed=1.47x    
frame= 2039 fps= 44 q=24.0 size=    1280KiB time=00:01:07.86 bitrate= 154.5kbits/s speed=1.47x    
frame= 2061 fps= 44 q=24.0 size=    1280KiB time=00:01:08.59 bitrate= 152.9kbits/s speed=1.47x    
frame= 2091 fps= 44 q=24.0 size=    1280KiB time=00:01:09.59 bitrate= 150.7kbits/s speed=1.48x    
frame= 2115 fps= 44 q=24.0 size=    1280KiB time=00:01:10.39 bitrate= 149.0kbits/s speed=1.48x    
frame= 2147 fps= 45 q=24.0 size=    1280KiB time=00:01:11.46 bitrate= 146.7kbits/s speed=1.48x    
frame= 2179 fps= 45 q=24.0 size=    1280KiB time=00:01:12.53 bitrate= 144.6kbits/s speed=1.49x    
frame= 2207 fps= 45 q=24.0 size=    1536KiB time=00:01:13.46 bitrate= 171.3kbits/s speed=1.49x    
frame= 2235 fps= 45 q=24.0 size=    1536KiB time=00:01:14.39 bitrate= 169.1kbits/s speed=1.49x    
frame= 2268 fps= 45 q=24.0 size=    1536KiB time=00:01:15.49 bitrate= 166.7kbits/s speed=1.49x    
frame= 2286 fps= 45 q=24.0 size=    1536KiB time=00:01:16.09 bitrate= 165.4kbits/s speed=1.49x    
frame= 2309 fps= 45 q=24.0 size=    1536KiB time=00:01:16.86 bitrate= 163.7kbits/s speed=1.49x    
frame= 2337 fps= 45 q=24.0 size=    1536KiB time=00:01:17.79 bitrate= 161.7kbits/s speed=1.49x    
frame= 2368 fps= 45 q=24.0 size=    1536KiB time=00:01:18.83 bitrate= 159.6kbits/s speed=1.49x    
frame= 2401 fps= 45 q=24.0 size=    1536KiB time=00:01:19.93 bitrate= 157.4kbits/s speed= 1.5x    
frame= 2433 fps= 45 q=24.0 size=    1536KiB time=00:01:20.99 bitrate= 155.3kbits/s speed= 1.5x    
frame= 2461 fps= 45 q=24.0 size=    1536KiB time=00:01:21.93 bitrate= 153.6kbits/s speed= 1.5x    
frame= 2493 fps= 45 q=24.0 size=    1536KiB time=00:01:22.99 bitrate= 151.6kbits/s speed=1.51x    
frame= 2521 fps= 45 q=24.0 size=    1536KiB time=00:01:23.93 bitrate= 149.9kbits/s speed=1.51x    
frame= 2548 fps= 45 q=24.0 size=    1536KiB time=00:01:24.83 bitrate= 148.3kbits/s speed=1.51x    
frame= 2571 fps= 45 q=24.0 size=    1792KiB time=00:01:25.59 bitrate= 171.5kbits/s speed=1.51x    
frame= 2599 fps= 45 q=24.0 size=    1792KiB time=00:01:26.53 bitrate= 169.7kbits/s speed=1.51x    
frame= 2628 fps= 45 q=24.0 size=    1792KiB time=00:01:27.46 bitrate= 167.8kbits/s speed=1.51x    
frame= 2656 fps= 45 q=24.0 size=    1792KiB time=00:01:28.43 bitrate= 166.0kbits/s speed=1.51x    
frame= 2683 fps= 45 q=24.0 size=    1792KiB time=00:01:29.33 bitrate= 164.3kbits/s speed=1.51x    
frame= 2711 fps= 46 q=24.0 size=    1792KiB time=00:01:30.26 bitrate= 162.6kbits/s speed=1.52x    
frame= 2739 fps= 46 q=24.0 size=    1792KiB time=00:01:31.19 bitrate= 161.0kbits/s speed=1.52x    
frame= 2764 fps= 46 q=24.0 size=    1792KiB time=00:01:32.03 bitrate= 159.5kbits/s speed=1.52x    
frame= 2784 fps= 46 q=24.0 size=    1792KiB time=00:01:32.69 bitrate= 158.4kbits/s speed=1.52x    
frame= 2801 fps= 45 q=21.0 size=    1792KiB time=00:01:33.26 bitrate= 157.4kbits/s speed=1.51x    
frame= 2829 fps= 45 q=24.0 size=    1792KiB time=00:01:34.19 bitrate= 155.8kbits/s speed=1.51x    
frame= 2853 fps= 45 q=24.0 size=    1792KiB time=00:01:34.99 bitrate= 154.5kbits/s speed=1.51x    
frame= 2881 fps= 46 q=24.0 size=    1792KiB time=00:01:35.93 bitrate= 153.0kbits/s speed=1.52x    
frame= 2910 fps= 46 q=24.0 size=    2048KiB time=00:01:36.89 bitrate= 173.1kbits/s speed=1.52x    
frame= 2941 fps= 46 q=24.0 size=    2048KiB time=00:01:37.93 bitrate= 171.3kbits/s speed=1.52x    
frame= 2965 fps= 46 q=24.0 size=    2048KiB time=00:01:38.73 bitrate= 169.9kbits/s speed=1.52x    
frame= 2997 fps= 46 q=24.0 size=    2048KiB time=00:01:39.79 bitrate= 168.1kbits/s speed=1.53x    
frame= 3025 fps= 46 q=24.0 size=    2048KiB time=00:01:40.73 bitrate= 166.6kbits/s speed=1.53x    
frame= 3050 fps= 46 q=24.0 size=    2048KiB time=00:01:41.56 bitrate= 165.2kbits/s speed=1.53x    
frame= 3078 fps= 46 q=24.0 size=    2048KiB time=00:01:42.49 bitrate= 163.7kbits/s speed=1.53x    
frame= 3103 fps= 46 q=24.0 size=    2048KiB time=00:01:43.33 bitrate= 162.4kbits/s speed=1.53x    
frame= 3143 fps= 46 q=24.0 size=    2048KiB time=00:01:44.66 bitrate= 160.3kbits/s speed=1.53x    
frame= 3175 fps= 46 q=24.0 size=    2048KiB time=00:01:45.73 bitrate= 158.7kbits/s speed=1.54x    
frame= 3203 fps= 46 q=24.0 size=    2048KiB time=00:01:46.66 bitrate= 157.3kbits/s speed=1.54x    
frame= 3235 fps= 46 q=24.0 size=    2048KiB time=00:01:47.73 bitrate= 155.7kbits/s speed=1.54x    
frame= 3263 fps= 46 q=24.0 size=    2048KiB time=00:01:48.66 bitrate= 154.4kbits/s speed=1.54x    
frame= 3291 fps= 46 q=24.0 size=    2048KiB time=00:01:49.59 bitrate= 153.1kbits/s speed=1.54x    
frame= 3309 fps= 46 q=24.0 size=    2304KiB time=00:01:50.19 bitrate= 171.3kbits/s speed=1.54x    
frame= 3329 fps= 46 q=24.0 size=    2304KiB time=00:01:50.86 bitrate= 170.2kbits/s speed=1.54x    
frame= 3357 fps= 46 q=24.0 size=    2304KiB time=00:01:51.79 bitrate= 168.8kbits/s speed=1.54x    
frame= 3385 fps= 46 q=24.0 size=    2304KiB time=00:01:52.73 bitrate= 167.4kbits/s speed=1.54x    
frame= 3417 fps= 46 q=24.0 size=    2304KiB time=00:01:53.79 bitrate= 165.9kbits/s speed=1.54x    
frame= 3447 fps= 46 q=24.0 size=    2304KiB time=00:01:54.79 bitrate= 164.4kbits/s speed=1.55x    
frame= 3473 fps= 46 q=24.0 size=    2304KiB time=00:01:55.66 bitrate= 163.2kbits/s speed=1.55x    
frame= 3497 fps= 46 q=24.0 size=    2304KiB time=00:01:56.46 bitrate= 162.1kbits/s speed=1.55x    
frame= 3528 fps= 47 q=24.0 size=    2304KiB time=00:01:57.49 bitrate= 160.6kbits/s speed=1.55x    
frame= 3558 fps= 47 q=24.0 size=    2304KiB time=00:01:58.49 bitrate= 159.3kbits/s speed=1.55x    
frame= 3587 fps= 47 q=24.0 size=    2304KiB time=00:01:59.46 bitrate= 158.0kbits/s speed=1.55x    
frame= 3616 fps= 47 q=24.0 size=    2304KiB time=00:02:00.43 bitrate= 156.7kbits/s speed=1.55x    
frame= 3656 fps= 47 q=24.0 size=    2560KiB time=00:02:01.76 bitrate= 172.2kbits/s speed=1.56x    
frame= 3687 fps= 47 q=24.0 size=    2560KiB time=00:02:02.79 bitrate= 170.8kbits/s speed=1.56x    
frame= 3724 fps= 47 q=24.0 size=    2560KiB time=00:02:04.03 bitrate= 169.1kbits/s speed=1.56x    
frame= 3752 fps= 47 q=24.0 size=    2560KiB time=00:02:04.96 bitrate= 167.8kbits/s speed=1.56x    
frame= 3780 fps= 47 q=24.0 size=    2560KiB time=00:02:05.89 bitrate= 166.6kbits/s speed=1.57x    
frame= 3806 fps= 47 q=24.0 size=    2560KiB time=00:02:06.76 bitrate= 165.4kbits/s speed=1.57x    
frame= 3838 fps= 47 q=24.0 size=    2560KiB time=00:02:07.83 bitrate= 164.1kbits/s speed=1.57x    
frame= 3870 fps= 47 q=24.0 size=    2560KiB time=00:02:08.89 bitrate= 162.7kbits/s speed=1.57x    
frame= 3906 fps= 47 q=24.0 size=    2560KiB time=00:02:10.09 bitrate= 161.2kbits/s speed=1.57x    
frame= 3934 fps= 47 q=24.0 size=    2560KiB time=00:02:11.03 bitrate= 160.1kbits/s speed=1.58x    
frame= 3966 fps= 47 q=24.0 size=    2560KiB time=00:02:12.09 bitrate= 158.8kbits/s speed=1.58x    
frame= 3993 fps= 47 q=24.0 size=    2560KiB time=00:02:12.99 bitrate= 157.7kbits/s speed=1.58x    
frame= 4030 fps= 47 q=24.0 size=    2560KiB time=00:02:14.23 bitrate= 156.2kbits/s speed=1.58x    
frame= 4058 fps= 48 q=24.0 size=    2560KiB time=00:02:15.16 bitrate= 155.2kbits/s speed=1.58x    
frame= 4088 fps= 48 q=24.0 size=    2816KiB time=00:02:16.16 bitrate= 169.4kbits/s speed=1.58x    
frame= 4119 fps= 48 q=24.0 size=    2816KiB time=00:02:17.19 bitrate= 168.1kbits/s speed=1.58x    
frame= 4151 fps= 48 q=24.0 size=    2816KiB time=00:02:18.26 bitrate= 166.8kbits/s speed=1.59x    
frame= 4176 fps= 48 q=24.0 size=    2816KiB time=00:02:19.09 bitrate= 165.8kbits/s speed=1.59x    
frame= 4204 fps= 48 q=24.0 size=    2816KiB time=00:02:20.03 bitrate= 164.7kbits/s speed=1.59x    
frame= 4237 fps= 48 q=24.0 size=    2816KiB time=00:02:21.13 bitrate= 163.5kbits/s speed=1.59x    
frame= 4264 fps= 48 q=24.0 size=    2816KiB time=00:02:22.03 bitrate= 162.4kbits/s speed=1.59x    
frame= 4294 fps= 48 q=24.0 size=    2816KiB time=00:02:23.03 bitrate= 161.3kbits/s speed=1.59x    
frame= 4318 fps= 48 q=24.0 size=    2816KiB time=00:02:23.83 bitrate= 160.4kbits/s speed=1.59x    
frame= 4350 fps= 48 q=24.0 size=    2816KiB time=00:02:24.89 bitrate= 159.2kbits/s speed=1.59x    
frame= 4381 fps= 48 q=24.0 size=    3072KiB time=00:02:25.93 bitrate= 172.5kbits/s speed=1.59x    
frame= 4409 fps= 48 q=24.0 size=    3072KiB time=00:02:26.86 bitrate= 171.4kbits/s speed=1.59x    
frame= 4435 fps= 48 q=24.0 size=    3072KiB time=00:02:27.73 bitrate= 170.3kbits/s speed=1.59x    
frame= 4452 fps= 48 q=24.0 size=    3072KiB time=00:02:28.29 bitrate= 169.7kbits/s speed=1.58x    
frame= 4478 fps= 47 q=24.0 size=    3072KiB time=00:02:29.16 bitrate= 168.7kbits/s speed=1.58x    
frame= 4508 fps= 48 q=24.0 size=    3072KiB time=00:02:30.16 bitrate= 167.6kbits/s speed=1.58x    
frame= 4537 fps= 48 q=24.0 size=    3072KiB time=00:02:31.13 bitrate= 166.5kbits/s speed=1.58x    
frame= 4551 fps= 47 q=24.0 size=    3072KiB time=00:02:31.59 bitrate= 166.0kbits/s speed=1.58x    
frame= 4576 fps= 47 q=24.0 size=    3072KiB time=00:02:32.43 bitrate= 165.1kbits/s speed=1.58x    
frame= 4612 fps= 48 q=24.0 size=    3072KiB time=00:02:33.63 bitrate= 163.8kbits/s speed=1.58x    
frame= 4640 fps= 48 q=24.0 size=    3072KiB time=00:02:34.56 bitrate= 162.8kbits/s speed=1.58x    
frame= 4667 fps= 48 q=24.0 size=    3072KiB time=00:02:35.46 bitrate= 161.9kbits/s speed=1.58x    
frame= 4692 fps= 48 q=24.0 size=    3072KiB time=00:02:36.29 bitrate= 161.0kbits/s speed=1.58x    
frame= 4720 fps= 48 q=24.0 size=    3072KiB time=00:02:37.23 bitrate= 160.1kbits/s speed=1.58x    
frame= 4745 fps= 48 q=24.0 size=    3072KiB time=00:02:38.06 bitrate= 159.2kbits/s speed=1.58x    
frame= 4768 fps= 48 q=24.0 size=    3072KiB time=00:02:38.83 bitrate= 158.4kbits/s speed=1.58x    
frame= 4792 fps= 48 q=24.0 size=    3328KiB time=00:02:39.63 bitrate= 170.8kbits/s speed=1.58x    
frame= 4806 fps= 47 q=24.0 size=    3328KiB time=00:02:40.09 bitrate= 170.3kbits/s speed=1.58x    
frame= 4825 fps= 47 q=24.0 size=    3328KiB time=00:02:40.73 bitrate= 169.6kbits/s speed=1.58x    
frame= 4850 fps= 47 q=24.0 size=    3328KiB time=00:02:41.56 bitrate= 168.7kbits/s speed=1.58x    
frame= 4878 fps= 47 q=24.0 size=    3328KiB time=00:02:42.49 bitrate= 167.8kbits/s speed=1.58x    
frame= 4902 fps= 47 q=24.0 size=    3328KiB time=00:02:43.29 bitrate= 167.0kbits/s speed=1.58x    
frame= 4926 fps= 47 q=24.0 size=    3328KiB time=00:02:44.09 bitrate= 166.1kbits/s speed=1.58x    
frame= 4947 fps= 47 q=24.0 size=    3328KiB time=00:02:44.79 bitrate= 165.4kbits/s speed=1.58x    
frame= 4974 fps= 47 q=24.0 size=    3328KiB time=00:02:45.69 bitrate= 164.5kbits/s speed=1.58x    
frame= 5002 fps= 47 q=24.0 size=    3328KiB time=00:02:46.63 bitrate= 163.6kbits/s speed=1.58x    
frame= 5033 fps= 47 q=24.0 size=    3328KiB time=00:02:47.66 bitrate= 162.6kbits/s speed=1.58x    
frame= 5052 fps= 47 q=24.0 size=    3328KiB time=00:02:48.29 bitrate= 162.0kbits/s speed=1.58x    
frame= 5076 fps= 47 q=24.0 size=    3328KiB time=00:02:49.09 bitrate= 161.2kbits/s speed=1.58x    
frame= 5100 fps= 47 q=24.0 size=    3328KiB time=00:02:49.89 bitrate= 160.5kbits/s speed=1.58x    
frame= 5124 fps= 47 q=24.0 size=    3328KiB time=00:02:50.69 bitrate= 159.7kbits/s speed=1.58x    
frame= 5148 fps= 47 q=24.0 size=    3584KiB time=00:02:51.49 bitrate= 171.2kbits/s speed=1.57x    
frame= 5172 fps= 47 q=24.0 size=    3584KiB time=00:02:52.29 bitrate= 170.4kbits/s speed=1.57x    
frame= 5188 fps= 47 q=24.0 size=    3584KiB time=00:02:52.83 bitrate= 169.9kbits/s speed=1.57x    
frame= 5212 fps= 47 q=24.0 size=    3584KiB time=00:02:53.63 bitrate= 169.1kbits/s speed=1.57x    
frame= 5240 fps= 47 q=24.0 size=    3584KiB time=00:02:54.56 bitrate= 168.2kbits/s speed=1.57x    
frame= 5268 fps= 47 q=24.0 size=    3584KiB time=00:02:55.49 bitrate= 167.3kbits/s speed=1.57x    
frame= 5296 fps= 47 q=24.0 size=    3584KiB time=00:02:56.43 bitrate= 166.4kbits/s speed=1.57x    
frame= 5308 fps= 47 q=24.0 size=    3584KiB time=00:02:56.83 bitrate= 166.0kbits/s speed=1.57x    
frame= 5330 fps= 47 q=24.0 size=    3584KiB time=00:02:57.56 bitrate= 165.3kbits/s speed=1.57x    
frame= 5358 fps= 47 q=24.0 size=    3584KiB time=00:02:58.49 bitrate= 164.5kbits/s speed=1.57x    
frame= 5386 fps= 47 q=24.0 size=    3584KiB time=00:02:59.43 bitrate= 163.6kbits/s speed=1.57x    
frame= 5414 fps= 47 q=24.0 size=    3584KiB time=00:03:00.36 bitrate= 162.8kbits/s speed=1.57x    
frame= 5438 fps= 47 q=24.0 size=    3584KiB time=00:03:01.16 bitrate= 162.1kbits/s speed=1.57x    
frame= 5462 fps= 47 q=24.0 size=    3584KiB time=00:03:01.96 bitrate= 161.4kbits/s speed=1.57x    
frame= 5493 fps= 47 q=24.0 size=    3584KiB time=00:03:02.99 bitrate= 160.4kbits/s speed=1.57x    
frame= 5526 fps= 47 q=24.0 size=    3584KiB time=00:03:04.09 bitrate= 159.5kbits/s speed=1.57x    
frame= 5547 fps= 47 q=24.0 size=    3584KiB time=00:03:04.79 bitrate= 158.9kbits/s speed=1.57x    
frame= 5576 fps= 47 q=24.0 size=    3840KiB time=00:03:05.76 bitrate= 169.3kbits/s speed=1.57x    
frame= 5604 fps= 47 q=24.0 size=    3840KiB time=00:03:06.69 bitrate= 168.5kbits/s speed=1.57x    
frame= 5632 fps= 47 q=24.0 size=    3840KiB time=00:03:07.63 bitrate= 167.7kbits/s speed=1.57x    
frame= 5664 fps= 47 q=24.0 size=    3840KiB time=00:03:08.69 bitrate= 166.7kbits/s speed=1.57x    
frame= 5692 fps= 47 q=24.0 size=    3840KiB time=00:03:09.63 bitrate= 165.9kbits/s speed=1.57x    
frame= 5722 fps= 47 q=24.0 size=    3840KiB time=00:03:10.63 bitrate= 165.0kbits/s speed=1.57x    
frame= 5751 fps= 47 q=24.0 size=    3840KiB time=00:03:11.59 bitrate= 164.2kbits/s speed=1.58x    
frame= 5782 fps= 47 q=24.0 size=    3840KiB time=00:03:12.63 bitrate= 163.3kbits/s speed=1.58x    
frame= 5802 fps= 47 q=24.0 size=    3840KiB time=00:03:13.29 bitrate= 162.7kbits/s speed=1.58x    
frame= 5831 fps= 47 q=24.0 size=    4096KiB time=00:03:14.26 bitrate= 172.7kbits/s speed=1.58x    
frame= 5861 fps= 47 q=24.0 size=    4096KiB time=00:03:15.26 bitrate= 171.8kbits/s speed=1.58x    
frame= 5894 fps= 47 q=24.0 size=    4096KiB time=00:03:16.36 bitrate= 170.9kbits/s speed=1.58x    
frame= 5929 fps= 47 q=24.0 size=    4096KiB time=00:03:17.53 bitrate= 169.9kbits/s speed=1.58x    
frame= 5954 fps= 47 q=24.0 size=    4096KiB time=00:03:18.36 bitrate= 169.2kbits/s speed=1.58x    
frame= 5982 fps= 47 q=24.0 size=    4096KiB time=00:03:19.29 bitrate= 168.4kbits/s speed=1.58x    
frame= 6015 fps= 48 q=24.0 size=    4096KiB time=00:03:20.39 bitrate= 167.4kbits/s speed=1.58x    
frame= 6044 fps= 48 q=24.0 size=    4096KiB time=00:03:21.36 bitrate= 166.6kbits/s speed=1.58x    
frame= 6068 fps= 48 q=24.0 size=    4096KiB time=00:03:22.16 bitrate= 166.0kbits/s speed=1.58x    
frame= 6100 fps= 48 q=24.0 size=    4096KiB time=00:03:23.23 bitrate= 165.1kbits/s speed=1.59x    
frame= 6119 fps= 48 q=24.0 size=    4096KiB time=00:03:23.86 bitrate= 164.6kbits/s speed=1.58x    
frame= 6153 fps= 48 q=24.0 size=    4096KiB time=00:03:24.99 bitrate= 163.7kbits/s speed=1.59x    
frame= 6186 fps= 48 q=24.0 size=    4352KiB time=00:03:26.09 bitrate= 173.0kbits/s speed=1.59x    
frame= 6222 fps= 48 q=24.0 size=    4352KiB time=00:03:27.29 bitrate= 172.0kbits/s speed=1.59x    
frame= 6255 fps= 48 q=24.0 size=    4352KiB time=00:03:28.39 bitrate= 171.1kbits/s speed=1.59x    
frame= 6281 fps= 48 q=24.0 size=    4352KiB time=00:03:29.26 bitrate= 170.4kbits/s speed=1.59x    
frame= 6305 fps= 48 q=24.0 size=    4352KiB time=00:03:30.06 bitrate= 169.7kbits/s speed=1.59x    
frame= 6341 fps= 48 q=24.0 size=    4352KiB time=00:03:31.26 bitrate= 168.8kbits/s speed=1.59x    
frame= 6367 fps= 48 q=24.0 size=    4352KiB time=00:03:32.13 bitrate= 168.1kbits/s speed=1.59x    
frame= 6399 fps= 48 q=24.0 size=    4352KiB time=00:03:33.19 bitrate= 167.2kbits/s speed=1.59x    
frame= 6424 fps= 48 q=24.0 size=    4352KiB time=00:03:34.03 bitrate= 166.6kbits/s speed=1.59x    
frame= 6458 fps= 48 q=24.0 size=    4352KiB time=00:03:35.16 bitrate= 165.7kbits/s speed=1.59x    
frame= 6487 fps= 48 q=24.0 size=    4352KiB time=00:03:36.13 bitrate= 165.0kbits/s speed=1.59x    
frame= 6518 fps= 48 q=24.0 size=    4352KiB time=00:03:37.16 bitrate= 164.2kbits/s speed= 1.6x    
frame= 6544 fps= 48 q=24.0 size=    4352KiB time=00:03:38.03 bitrate= 163.5kbits/s speed= 1.6x    
frame= 6578 fps= 48 q=24.0 size=    4352KiB time=00:03:39.16 bitrate= 162.7kbits/s speed= 1.6x    
frame= 6631 fps= 48 q=24.0 size=    4608KiB time=N/A bitrate=N/A speed=N/A    
[mp4 @ 0000019ee40ee7c0] Starting second pass: moving the moov atom to the beginning of the file
[out#0/mp4 @ 0000019ee0a279c0] video:2258KiB audio:2396KiB subtitle:0KiB other streams:0KiB global headers:0KiB muxing overhead: 4.592831%
frame= 6643 fps= 48 q=-1.0 Lsize=    4867KiB time=00:03:41.33 bitrate= 180.1kbits/s speed= 1.6x    
[libx264 @ 0000019ee50b6400] frame I:30    Avg QP: 4.05  size: 53192
[libx264 @ 0000019ee50b6400] frame P:1672  Avg QP:11.28  size:   204
[libx264 @ 0000019ee50b6400] frame B:4941  Avg QP:13.34  size:    76
[libx264 @ 0000019ee50b6400] consecutive B-frames:  0.8%  0.1%  0.1% 99.1%
[libx264 @ 0000019ee50b6400] mb I  I16..4: 91.6%  0.8%  7.6%
[libx264 @ 0000019ee50b6400] mb P  I16..4:  0.0%  0.0%  0.0%  P16..4:  0.0%  0.0%  0.0%  0.0%  0.0%    skip:99.9%
[libx264 @ 0000019ee50b6400] mb B  I16..4:  0.0%  0.0%  0.0%  B16..8:  0.1%  0.0%  0.0%  direct: 0.0%  skip:99.9%  L0:62.9% L1:37.1% BI: 0.0%
[libx264 @ 0000019ee50b6400] 8x8 transform intra:1.0% inter:3.5%
[libx264 @ 0000019ee50b6400] coded y,uvDC,uvAC intra: 5.7% 9.3% 9.2% inter: 0.0% 0.0% 0.0%
[libx264 @ 0000019ee50b6400] i16 v,h,dc,p: 89% 10%  2%  0%
[libx264 @ 0000019ee50b6400] i8 v,h,dc,ddl,ddr,vr,hd,vl,hu: 17% 34% 44%  1%  1%  1%  0%  1%  1%
[libx264 @ 0000019ee50b6400] i4 v,h,dc,ddl,ddr,vr,hd,vl,hu: 37% 21% 20%  3%  4%  5%  4%  4%  4%
[libx264 @ 0000019ee50b6400] i8c dc,h,v,p: 76% 18%  6%  1%
[libx264 @ 0000019ee50b6400] Weighted P-Frames: Y:0.0% UV:0.0%
[libx264 @ 0000019ee50b6400] ref P L0: 92.1%  1.5%  6.0%  0.4%
[libx264 @ 0000019ee50b6400] ref B L0: 45.2% 54.7%  0.1%
[libx264 @ 0000019ee50b6400] ref B L1: 99.7%  0.3%
[libx264 @ 0000019ee50b6400] kb/s:83.49
[aac @ 0000019ee50b7740] Qavg: 65504.039
